[2026-07-15T03:09:09.906Z] file=public/textbook_syllabus/pastpaper/caie-as-a-level-9618/2022 Oct Nov/9618_w22_ms_33.pdf
[2026-07-15T03:09:09.906Z] startTime=2026-07-15T03:09:09.906Z
[2026-07-15T03:09:09.906Z] expectedRole=mark_scheme
[2026-07-15T03:09:11.337Z] extract.exitCode=0
[2026-07-15T03:09:11.337Z] extract.stdout=
{
  "outputPath": "/Users/amelia/Desktop/Workspace/workspace/Project_01CAIE_CS_Paper_Checklist/output/ingestion-samples/9618_w22_ms_33.sample.json",
  "sourceFile": "public/textbook_syllabus/pastpaper/caie-as-a-level-9618/2022 Oct Nov/9618_w22_ms_33.pdf",
  "pageCount": 15,
  "questionCount": 0,
  "questions": []
}
[2026-07-15T03:09:11.339Z] parserVersion=0.4.0
[2026-07-15T03:09:11.339Z] documentRole=mark_scheme
[2026-07-15T03:09:11.339Z] validationProfile=MARK_SCHEME
[2026-07-15T03:09:11.585Z] stage.exitCode=0
[2026-07-15T03:09:11.585Z] stage.stdout=
> paperlens-fullstack@1.0.0 pdf:stage-sample
> node scripts/stage-paper-sample.js --sample=/Users/amelia/Desktop/Workspace/workspace/Project_01CAIE_CS_Paper_Checklist/output/ingestion-samples/9618_w22_ms_33.sample.json --output=/Users/amelia/Desktop/Workspace/workspace/Project_01CAIE_CS_Paper_Checklist/output/phase2/staging/9618_w22_ms_33.staging.json --approve-golden --human-admin-review --human-reviewer=phase-batch-regression

{
  "outputPath": "/Users/amelia/Desktop/Workspace/workspace/Project_01CAIE_CS_Paper_Checklist/output/phase2/staging/9618_w22_ms_33.staging.json",
  "runId": "9618-2022-ON-33-MS-RUN-d0d84b91ba26",
  "status": "READY_TO_PUBLISH",
  "publishStatus": "READY_TO_PUBLISH",
  "canonicalCompleteness": {
    "status": "PASS",
    "publishable": true,
    "stagingPath": "/Users/amelia/Desktop/Workspace/workspace/Project_01CAIE_CS_Paper_Checklist/output/phase2/staging/9618_w22_ms_33.staging.json",
    "documentRole": "mark_scheme",
    "checks": {
      "questionCoverage": "PASS",
      "leafCoverage": "PASS",
      "markCoverage": "PASS",
      "responseAreaCoverage": "PASS",
      "sourceTraceCoverage": "PASS",
      "canonicalStructureCompleteness": "PASS"
    },
    "summary": {
      "questionCount": 0,
      "leafQuestionCount": 0,
      "markSchemeEntryCount": 34,
      "responseAreaCoverage": {
        "required": 0,
        "present": 0,
        "ratio": 1
      }
    },
    "issues": []
  },
  "p0": 0,
  "p1": 0,
  "p2": 0,
  "issues": []
}
[2026-07-15T03:09:11.587Z] stagingId=9618-2022-ON-33-MS-RUN-d0d84b91ba26
[2026-07-15T03:09:11.587Z] validationStatus=PASS
[2026-07-15T03:09:11.587Z] publishStatus=READY_TO_PUBLISH
[2026-07-15T03:09:11.587Z] canonicalCompletenessStatus=PASS
[2026-07-15T03:09:11.587Z] canonicalPublishable=true
[2026-07-15T03:09:11.587Z] issueCounts={"P0":0,"P1":0,"P2":0}
[2026-07-15T03:09:11.587Z] endTime=2026-07-15T03:09:11.587Z
[2026-07-15T03:09:11.587Z] status=PASS
