[2026-07-13T02:22:17.724Z] file=public/textbook_syllabus/pastpaper/caie-igcse-0478/2021-May-June/0478_s21_qp_23.pdf
[2026-07-13T02:22:17.724Z] startTime=2026-07-13T02:22:17.724Z
[2026-07-13T02:22:17.724Z] expectedRole=question_paper
[2026-07-13T02:22:18.974Z] extract.exitCode=0
[2026-07-13T02:22:18.974Z] extract.stdout=
{
  "outputPath": "/Users/amelia/Desktop/Workspace/workspace/Project_01CAIE_CS_Paper_Checklist/output/ingestion-samples/0478_s21_qp_23.sample.json",
  "sourceFile": "public/textbook_syllabus/pastpaper/caie-igcse-0478/2021-May-June/0478_s21_qp_23.pdf",
  "pageCount": 12,
  "questionCount": 6,
  "questions": [
    {
      "questionNumber": "1",
      "pageStart": 3,
      "pageEnd": 7,
      "marks": 20,
      "confidence": {
        "marker": 0.98,
        "boundary": 0.96,
        "text": 0.96,
        "marks": 0.99,
        "layout": 0.92,
        "structure": 0.35,
        "overall": 0.69
      },
      "textPreview": "1 (a) Identify constant you could have used for Give the value that would be (i) one Task 1. assigned to the constant and explain its use. Constant Value Use [3] Identify variable you could have used for and explain its use. (ii) one Task 1 Variable Use [2] Describe array you could have used for . Include the name, data type, length, (iii) one Task 1 sample "
    },
    {
      "questionNumber": "2",
      "pageStart": 7,
      "pageEnd": 7,
      "marks": 3,
      "confidence": {
        "marker": 0.98,
        "boundary": 0.96,
        "text": 0.96,
        "marks": 0.99,
        "layout": 0.92,
        "structure": 0.35,
        "overall": 0.69
      },
      "textPreview": "2 Data Type Description Data Type Description Must be a whole number Real Must be one of two values String Integer May be any number Boolean May contain any combination of characters [3] Identify a suitable validation check that could be used for each piece of normal test data and"
    },
    {
      "questionNumber": "3",
      "pageStart": 7,
      "pageEnd": 8,
      "marks": 6,
      "confidence": {
        "marker": 0.98,
        "boundary": 0.96,
        "text": 0.96,
        "marks": 0.99,
        "layout": 0.92,
        "structure": 0.35,
        "overall": 0.69
      },
      "textPreview": "3 describe how it would be used. Each validation check must be different. Test data for entering an email address: id27@cambridgeuniversity.com Validation check name Description of use Test data for entering a year: 2021 Validation check name Description of use Test data for entering a name: Ericson-Bower Validation check name Description of use [6] The pseu"
    },
    {
      "questionNumber": "4",
      "pageStart": 8,
      "pageEnd": 10,
      "marks": 8,
      "confidence": {
        "marker": 0.98,
        "boundary": 0.96,
        "text": 0.96,
        "marks": 0.99,
        "layout": 0.92,
        "structure": 0.96,
        "overall": 0.96
      },
      "textPreview": "4 then enter the scores. The scores are totalled, the total is output and the option to enter another set of scores is offered. 0 1 Count ← 2 REPEAT 20 3 FullScore ← 4 INPUT Number 1 TO Number 5 FOR StoreLoop ← 6 INPUT Score FullScore 7 FullScore ← 8 UNTIL StoreLoop = Number 9 OUTPUT \"The full score is \", FullScore 10 OUTPUT \"Another set of scores (Y or N)?\""
    },
    {
      "questionNumber": "5",
      "pageStart": 10,
      "pageEnd": 12,
      "marks": 7,
      "confidence": {
        "marker": 0.98,
        "boundary": 0.96,
        "text": 0.96,
        "marks": 0.99,
        "layout": 0.92,
        "structure": 0.96,
        "overall": 0.96
      },
      "textPreview": "5 The algorithm will terminate if 0 is entered at the input. Op START INPUT Op IS No ? Op = 0 Yes INPUT Value1 INPUT Value2 IS Yes Ans Value1 + Value2 ? Op = 1 No END IS Yes Ans Value1 - Value2 ? Op = 2 No IS Yes Ans Value1 * Value2 ? Op = 3 No IS Yes Ans Value1 / Value2 ? Op = 4 No OUTPUT \"Input Error\" Complete the trace table for the algorithm using this i"
    },
    {
      "questionNumber": "6",
      "pageStart": 12,
      "pageEnd": 12,
      "marks": 6,
      "confidence": {
        "marker": 0.98,
        "boundary": 0.88,
        "text": 0.96,
        "marks": 0.99,
        "layout": 0.92,
        "structure": 0.96,
        "overall": 0.95
      },
      "textPreview": "6 fields to represent each car’s licence number, mileage, and the tread depth of each of its four tyres. Suggest suitable names for each of the fields described. (a) Field name [2] Complete the query-by-example grid to display cars where all four tyres have a tread depth (b) of less than 2. Display all the fields, using the field names you created in . The o"
    }
  ]
}
[2026-07-13T02:22:18.976Z] parserVersion=0.4.0
[2026-07-13T02:22:18.976Z] documentRole=question_paper
[2026-07-13T02:22:18.976Z] validationProfile=QUESTION_PAPER
[2026-07-13T02:22:19.230Z] stage.exitCode=0
[2026-07-13T02:22:19.230Z] stage.stdout=
> paperlens-fullstack@1.0.0 pdf:stage-sample
> node scripts/stage-paper-sample.js --sample=/Users/amelia/Desktop/Workspace/workspace/Project_01CAIE_CS_Paper_Checklist/output/ingestion-samples/0478_s21_qp_23.sample.json --output=/Users/amelia/Desktop/Workspace/workspace/Project_01CAIE_CS_Paper_Checklist/output/phase2/staging/0478_s21_qp_23.staging.json --approve-golden --human-admin-review --human-reviewer=phase-batch-regression

{
  "outputPath": "/Users/amelia/Desktop/Workspace/workspace/Project_01CAIE_CS_Paper_Checklist/output/phase2/staging/0478_s21_qp_23.staging.json",
  "runId": "0478-2021-MJ-23-QP-RUN-b7f63c2c8fa9",
  "status": "READY_TO_PUBLISH",
  "publishStatus": "READY_TO_PUBLISH",
  "canonicalCompleteness": {
    "status": "PASS",
    "publishable": true,
    "stagingPath": "/Users/amelia/Desktop/Workspace/workspace/Project_01CAIE_CS_Paper_Checklist/output/phase2/staging/0478_s21_qp_23.staging.json",
    "documentRole": "question_paper",
    "checks": {
      "questionCoverage": "PASS",
      "leafCoverage": "PASS",
      "markCoverage": "PASS",
      "responseAreaCoverage": "PASS",
      "sourceTraceCoverage": "PASS",
      "canonicalStructureCompleteness": "PASS"
    },
    "summary": {
      "questionCount": 6,
      "leafQuestionCount": 15,
      "markSchemeEntryCount": 0,
      "responseAreaCoverage": {
        "required": 14,
        "present": 14,
        "ratio": 1
      }
    },
    "issues": [
      {
        "severity": "P3",
        "code": "CANONICAL_MARK_COVERAGE_INCOMPLETE",
        "check": "markCoverage",
        "message": "Leaf mark is absent under an existing staging rule that permits null marks.",
        "questionId": "0478-2021-MJ-23-Q6-B",
        "pageNumber": null
      }
    ]
  },
  "p0": 0,
  "p1": 0,
  "p2": 0,
  "issues": []
}
[2026-07-13T02:22:19.232Z] stagingId=0478-2021-MJ-23-QP-RUN-b7f63c2c8fa9
[2026-07-13T02:22:19.232Z] validationStatus=PASS
[2026-07-13T02:22:19.232Z] publishStatus=READY_TO_PUBLISH
[2026-07-13T02:22:19.232Z] canonicalCompletenessStatus=PASS
[2026-07-13T02:22:19.232Z] canonicalPublishable=true
[2026-07-13T02:22:19.232Z] issueCounts={"P0":0,"P1":0,"P2":0}
[2026-07-13T02:22:19.232Z] endTime=2026-07-13T02:22:19.232Z
[2026-07-13T02:22:19.232Z] status=PASS
