[2026-07-14T17:02:42.284Z] file=public/textbook_syllabus/pastpaper/caie-as-a-level-9618/2025 Oct Nov/9618_w25_qp_11.pdf
[2026-07-14T17:02:42.284Z] startTime=2026-07-14T17:02:42.284Z
[2026-07-14T17:02:42.284Z] expectedRole=question_paper
[2026-07-14T17:02:45.367Z] extract.exitCode=0
[2026-07-14T17:02:45.367Z] extract.stdout=
{
  "outputPath": "/Users/amelia/Desktop/Workspace/workspace/Project_01CAIE_CS_Paper_Checklist/output/ingestion-samples/9618_w25_qp_11.sample.json",
  "sourceFile": "public/textbook_syllabus/pastpaper/caie-as-a-level-9618/2025 Oct Nov/9618_w25_qp_11.pdf",
  "pageCount": 16,
  "questionCount": 10,
  "questions": [
    {
      "questionNumber": "1",
      "pageStart": 2,
      "pageEnd": 4,
      "marks": 7,
      "confidence": {
        "marker": 0.98,
        "boundary": 0.96,
        "text": 0.96,
        "marks": 0.99,
        "layout": 0.92,
        "structure": 0.35,
        "overall": 0.69
      },
      "textPreview": "1 (a) (i) Convert the binary number into hexadecimal. 101100111010 [1] (ii) Convert the denary number into Binary Coded Decimal (BCD). 108 [1] (iii) Convert the 12-bit two’s complement binary integer into denary. Show your working. 111110111100 Working Denary value [2] DFD (b) (i) The following binary addition is performed using 8-bit registers. Complete the"
    },
    {
      "questionNumber": "2",
      "pageStart": 4,
      "pageEnd": 7,
      "marks": 13,
      "confidence": {
        "marker": 0.98,
        "boundary": 0.96,
        "text": 0.96,
        "marks": 0.99,
        "layout": 0.92,
        "structure": 0.96,
        "overall": 0.96
      },
      "textPreview": "2 A relational database, WORKEXPERIENCE, stores data about students and the companies where they complete work experience. Students can complete multiple work experience placements but can only complete one placement at a time. Students can complete more than one placement at the same company. Part of the database is shown: STUDENT(StudentID, FirstName, Tele"
    },
    {
      "questionNumber": "3",
      "pageStart": 7,
      "pageEnd": 8,
      "marks": 4,
      "confidence": {
        "marker": 0.98,
        "boundary": 0.96,
        "text": 0.96,
        "marks": 0.99,
        "layout": 0.92,
        "structure": 0.96,
        "overall": 0.96
      },
      "textPreview": "3 (a) Draw a logic circuit for the logic expression: X = NOT ((A NAND B) XOR (NOT A OR NOT C)) A B X C [2] (b) Write the logic expression for the following truth table. R S T Q 0 0 0 0 0 0 1 1 0 1 0 0 0 1 1 0 1 0 0 0 1 0 1 0 1 1 0 1 1 1 1 0 Q = [2] DFD"
    },
    {
      "questionNumber": "4",
      "pageStart": 8,
      "pageEnd": 10,
      "marks": 4,
      "confidence": {
        "marker": 0.98,
        "boundary": 0.96,
        "text": 0.96,
        "marks": 0.99,
        "layout": 0.92,
        "structure": 0.96,
        "overall": 0.96
      },
      "textPreview": "4 The table shows part of the instruction set for a processor. The processor has one register, the Accumulator (ACC). Instruction Explanation Opcode Operand AND #n / Bn / &n Bitwise AND operation of the contents of the ACC with the operand AND <address> Bitwise AND operation of the contents of the ACC with the contents of <address> XOR #n / Bn / &n Bitwise X"
    },
    {
      "questionNumber": "5",
      "pageStart": 10,
      "pageEnd": 11,
      "marks": 10,
      "confidence": {
        "marker": 0.98,
        "boundary": 0.96,
        "text": 0.96,
        "marks": 0.99,
        "layout": 0.92,
        "structure": 0.96,
        "overall": 0.96
      },
      "textPreview": "5 The Operating System (OS) is responsible for hardware and security management in a computer system. (a) (i) State two tasks that are performed by hardware management. 1 2 [2] (ii) State two tasks that are performed by security management. 1 2 [2] (b) (i) Describe one benefit of using library routines when developing software. [2] (ii) Describe one drawback"
    },
    {
      "questionNumber": "6",
      "pageStart": 11,
      "pageEnd": 12,
      "marks": 7,
      "confidence": {
        "marker": 0.98,
        "boundary": 0.96,
        "text": 0.96,
        "marks": 0.99,
        "layout": 0.92,
        "structure": 0.35,
        "overall": 0.69
      },
      "textPreview": "6 (a) The processor uses several registers, including the Accumulator (ACC) and the Current Instruction Register (CIR). Complete the table by describing the role of each register. Register Role ACC CIR [2] (b) Increasing the number of cores in a processor can affect the performance of a computer. Describe the drawbacks of increasing the number of cores in a "
    },
    {
      "questionNumber": "7",
      "pageStart": 12,
      "pageEnd": 14,
      "marks": 14,
      "confidence": {
        "marker": 0.98,
        "boundary": 0.96,
        "text": 0.96,
        "marks": 0.99,
        "layout": 0.92,
        "structure": 0.96,
        "overall": 0.96
      },
      "textPreview": "7 Web browsers use Internet Protocol (IP) addresses. (a) Complete the table by describing the following types of IP address. Type of IP address Description Static Public [2] (b) Consider the following IP address: 256.0.0.A Circle whether this IP address is IPv4, IPv6 or an invalid IP address. IPv4 IPv6 Invalid Justify your choice. [2] (c) A user types a Unif"
    },
    {
      "questionNumber": "8",
      "pageStart": 14,
      "pageEnd": 15,
      "marks": 9,
      "confidence": {
        "marker": 0.98,
        "boundary": 0.96,
        "text": 0.96,
        "marks": 0.99,
        "layout": 0.92,
        "structure": 0.96,
        "overall": 0.96
      },
      "textPreview": "8 One ethical consideration for a student connecting their personal computer to the school network is the risk of spreading malware on the network. (a) Viruses and pharming are examples of malware. Explain what is meant by a virus and pharming. Virus Pharming [2] (b) Give three other ethical considerations for a student using their personal computer to conne"
    },
    {
      "questionNumber": "9",
      "pageStart": 15,
      "pageEnd": 15,
      "marks": 3,
      "confidence": {
        "marker": 0.98,
        "boundary": 0.96,
        "text": 0.72,
        "marks": 0.99,
        "layout": 0.92,
        "structure": 0.96,
        "overall": 0.92
      },
      "textPreview": "9 Describe the differences between a monitoring system and a control system. [3]"
    },
    {
      "questionNumber": "10",
      "pageStart": 15,
      "pageEnd": 15,
      "marks": 4,
      "confidence": {
        "marker": 0.98,
        "boundary": 0.88,
        "text": 0.72,
        "marks": 0.99,
        "layout": 0.92,
        "structure": 0.96,
        "overall": 0.9
      },
      "textPreview": "10 An architect needs a model of a building. (a) Explain how the model will be printed using a 3D printer. [3] (b) State why a 3D printer needs a buffer. [1]"
    }
  ]
}
[2026-07-14T17:02:45.371Z] parserVersion=0.4.0
[2026-07-14T17:02:45.371Z] documentRole=question_paper
[2026-07-14T17:02:45.371Z] validationProfile=QUESTION_PAPER
[2026-07-14T17:02:45.867Z] stage.exitCode=0
[2026-07-14T17:02:45.867Z] stage.stdout=
> paperlens-fullstack@1.0.0 pdf:stage-sample
> node scripts/stage-paper-sample.js --sample=/Users/amelia/Desktop/Workspace/workspace/Project_01CAIE_CS_Paper_Checklist/output/ingestion-samples/9618_w25_qp_11.sample.json --output=/Users/amelia/Desktop/Workspace/workspace/Project_01CAIE_CS_Paper_Checklist/output/phase2/staging/9618_w25_qp_11.staging.json --approve-golden --human-admin-review --human-reviewer=phase-batch-regression

{
  "outputPath": "/Users/amelia/Desktop/Workspace/workspace/Project_01CAIE_CS_Paper_Checklist/output/phase2/staging/9618_w25_qp_11.staging.json",
  "runId": "9618-2025-ON-11-QP-RUN-2fe1691a0eff",
  "status": "READY_TO_PUBLISH",
  "publishStatus": "READY_TO_PUBLISH",
  "canonicalCompleteness": {
    "status": "PASS",
    "publishable": true,
    "stagingPath": "/Users/amelia/Desktop/Workspace/workspace/Project_01CAIE_CS_Paper_Checklist/output/phase2/staging/9618_w25_qp_11.staging.json",
    "documentRole": "question_paper",
    "checks": {
      "questionCoverage": "PASS",
      "leafCoverage": "PASS",
      "markCoverage": "PASS",
      "responseAreaCoverage": "PASS",
      "sourceTraceCoverage": "PASS",
      "canonicalStructureCompleteness": "PASS"
    },
    "summary": {
      "questionCount": 10,
      "leafQuestionCount": 36,
      "markSchemeEntryCount": 0,
      "responseAreaCoverage": {
        "required": 35,
        "present": 35,
        "ratio": 1
      }
    },
    "issues": [
      {
        "severity": "P3",
        "code": "CANONICAL_MARK_COVERAGE_INCOMPLETE",
        "check": "markCoverage",
        "message": "Leaf mark is absent under an existing staging rule that permits null marks.",
        "questionId": "9618-2025-ON-11-Q7-D-II",
        "pageNumber": null
      }
    ]
  },
  "p0": 0,
  "p1": 0,
  "p2": 0,
  "issues": []
}
[2026-07-14T17:02:45.872Z] stagingId=9618-2025-ON-11-QP-RUN-2fe1691a0eff
[2026-07-14T17:02:45.872Z] validationStatus=PASS
[2026-07-14T17:02:45.872Z] publishStatus=READY_TO_PUBLISH
[2026-07-14T17:02:45.872Z] canonicalCompletenessStatus=PASS
[2026-07-14T17:02:45.872Z] canonicalPublishable=true
[2026-07-14T17:02:45.872Z] issueCounts={"P0":0,"P1":0,"P2":0}
[2026-07-14T17:02:45.872Z] endTime=2026-07-14T17:02:45.872Z
[2026-07-14T17:02:45.872Z] status=PASS
