[2026-07-14T17:03:38.685Z] file=public/textbook_syllabus/pastpaper/caie-as-a-level-9618/2025 Oct Nov/9618_w25_qp_41.pdf
[2026-07-14T17:03:38.685Z] startTime=2026-07-14T17:03:38.685Z
[2026-07-14T17:03:38.685Z] expectedRole=question_paper
[2026-07-14T17:03:40.772Z] extract.exitCode=0
[2026-07-14T17:03:40.772Z] extract.stdout=
{
  "outputPath": "/Users/amelia/Desktop/Workspace/workspace/Project_01CAIE_CS_Paper_Checklist/output/ingestion-samples/9618_w25_qp_41.sample.json",
  "sourceFile": "public/textbook_syllabus/pastpaper/caie-as-a-level-9618/2025 Oct Nov/9618_w25_qp_41.pdf",
  "pageCount": 12,
  "questionCount": 3,
  "questions": [
    {
      "questionNumber": "1",
      "pageStart": 2,
      "pageEnd": 4,
      "marks": 20,
      "confidence": {
        "marker": 0.98,
        "boundary": 0.96,
        "text": 0.96,
        "marks": 0.99,
        "layout": 0.92,
        "structure": 0.96,
        "overall": 0.96
      },
      "textPreview": "1 the identifier Stack The global pointer stores the index of the last element inserted into the stack. TopOfStack is initialised to TopOfStack –1 Write program code to declare initialise each element in the array with a null value (a) Stack and declare and initialise TopOfStack Save your program as . Question1_N25 Copy and paste the program code into part i"
    },
    {
      "questionNumber": "2",
      "pageStart": 4,
      "pageEnd": 9,
      "marks": 30,
      "confidence": {
        "marker": 0.98,
        "boundary": 0.96,
        "text": 0.96,
        "marks": 0.99,
        "layout": 0.92,
        "structure": 0.96,
        "overall": 0.96
      },
      "textPreview": "2 The class stores the data about the trains: Train Train stores the train ID number TrainIDNumber : String stores the route number the train is travelling Route : Integer initialises and to the parameter TrainIDNumber Route Constructor() values returns the train ID number GetTrainIDNumber() returns the route number the train is travelling GetRoute() Write p"
    },
    {
      "questionNumber": "3",
      "pageStart": 9,
      "pageEnd": 12,
      "marks": 25,
      "confidence": {
        "marker": 0.98,
        "boundary": 0.88,
        "text": 0.96,
        "marks": 0.99,
        "layout": 0.92,
        "structure": 0.96,
        "overall": 0.95
      },
      "textPreview": "3 HashTable the array that is calculated using a hashing algorithm with the record’s key field. × The array has 100 10 elements. The hashing algorithm uses the key to generate an index between 0 and 99 (inclusive). If two key fields generate the same index, there is a collision. Any records that have a collision are stored in the next space in the same index"
    }
  ]
}
[2026-07-14T17:03:40.774Z] parserVersion=0.4.0
[2026-07-14T17:03:40.774Z] documentRole=question_paper
[2026-07-14T17:03:40.775Z] validationProfile=QUESTION_PAPER
[2026-07-14T17:03:41.216Z] stage.exitCode=0
[2026-07-14T17:03:41.216Z] stage.stdout=
> paperlens-fullstack@1.0.0 pdf:stage-sample
> node scripts/stage-paper-sample.js --sample=/Users/amelia/Desktop/Workspace/workspace/Project_01CAIE_CS_Paper_Checklist/output/ingestion-samples/9618_w25_qp_41.sample.json --output=/Users/amelia/Desktop/Workspace/workspace/Project_01CAIE_CS_Paper_Checklist/output/phase2/staging/9618_w25_qp_41.staging.json --approve-golden --human-admin-review --human-reviewer=phase-batch-regression

{
  "outputPath": "/Users/amelia/Desktop/Workspace/workspace/Project_01CAIE_CS_Paper_Checklist/output/phase2/staging/9618_w25_qp_41.staging.json",
  "runId": "9618-2025-ON-41-QP-RUN-9f116bcca315",
  "status": "READY_TO_PUBLISH",
  "publishStatus": "READY_TO_PUBLISH",
  "canonicalCompleteness": {
    "status": "PASS",
    "publishable": true,
    "stagingPath": "/Users/amelia/Desktop/Workspace/workspace/Project_01CAIE_CS_Paper_Checklist/output/phase2/staging/9618_w25_qp_41.staging.json",
    "documentRole": "question_paper",
    "checks": {
      "questionCoverage": "PASS",
      "leafCoverage": "PASS",
      "markCoverage": "PASS",
      "responseAreaCoverage": "PASS",
      "sourceTraceCoverage": "PASS",
      "canonicalStructureCompleteness": "PASS"
    },
    "summary": {
      "questionCount": 3,
      "leafQuestionCount": 24,
      "markSchemeEntryCount": 0,
      "responseAreaCoverage": {
        "required": 24,
        "present": 24,
        "ratio": 1
      }
    },
    "issues": []
  },
  "p0": 0,
  "p1": 0,
  "p2": 0,
  "issues": []
}
[2026-07-14T17:03:41.219Z] stagingId=9618-2025-ON-41-QP-RUN-9f116bcca315
[2026-07-14T17:03:41.219Z] validationStatus=PASS
[2026-07-14T17:03:41.219Z] publishStatus=READY_TO_PUBLISH
[2026-07-14T17:03:41.219Z] canonicalCompletenessStatus=PASS
[2026-07-14T17:03:41.219Z] canonicalPublishable=true
[2026-07-14T17:03:41.219Z] issueCounts={"P0":0,"P1":0,"P2":0}
[2026-07-14T17:03:41.219Z] endTime=2026-07-14T17:03:41.219Z
[2026-07-14T17:03:41.219Z] status=PASS
