[2026-07-14T17:01:33.227Z] file=public/textbook_syllabus/pastpaper/caie-as-a-level-9618/2025 May June/9618_s25_qp_42.pdf
[2026-07-14T17:01:33.227Z] startTime=2026-07-14T17:01:33.227Z
[2026-07-14T17:01:33.227Z] expectedRole=question_paper
[2026-07-14T17:01:35.294Z] extract.exitCode=0
[2026-07-14T17:01:35.294Z] extract.stdout=
{
  "outputPath": "/Users/amelia/Desktop/Workspace/workspace/Project_01CAIE_CS_Paper_Checklist/output/ingestion-samples/9618_s25_qp_42.sample.json",
  "sourceFile": "public/textbook_syllabus/pastpaper/caie-as-a-level-9618/2025 May June/9618_s25_qp_42.pdf",
  "pageCount": 12,
  "questionCount": 3,
  "questions": [
    {
      "questionNumber": "1",
      "pageStart": 2,
      "pageEnd": 6,
      "marks": 27,
      "confidence": {
        "marker": 0.98,
        "boundary": 0.96,
        "text": 0.96,
        "marks": 0.99,
        "layout": 0.92,
        "structure": 0.96,
        "overall": 0.96
      },
      "textPreview": "1 Stack array of up to 20 elements. The pointer stores the index of the last element stored in TopOfStack the stack. is a global array of strings with all elements initialised to (a) Stack \"-1\" is a global variable initialised to TopOfStack –1 Write program code to declare and initialise and Stack TopOfStack Save your program as . Question1_J25 Copy and past"
    },
    {
      "questionNumber": "2",
      "pageStart": 6,
      "pageEnd": 9,
      "marks": 22,
      "confidence": {
        "marker": 0.98,
        "boundary": 0.96,
        "text": 0.96,
        "marks": 0.99,
        "layout": 0.92,
        "structure": 0.96,
        "overall": 0.96
      },
      "textPreview": "2 HashTable Each data item is stored in a specific index of the array that is calculated using an algorithm. The index is calculated from the key field using the formula: Key MOD 200 If two key fields generate the same index, there is a collision. Any records that have a collision are stored in a second array, . This array has space for 100 records. When a c"
    },
    {
      "questionNumber": "3",
      "pageStart": 9,
      "pageEnd": 12,
      "marks": 26,
      "confidence": {
        "marker": 0.98,
        "boundary": 0.88,
        "text": 0.96,
        "marks": 0.99,
        "layout": 0.92,
        "structure": 0.96,
        "overall": 0.95
      },
      "textPreview": "3 The class stores the data about animals. Animal Animal stores the name of the animal Name : String stores the sound the animal makes Sound : String stores the size of the animal as an integer between 1 (smallest) Size : Integer and 10 (largest) stores the intelligence of the animal as an integer between 1 (least) Intelligence : Integer and 10 (most) initia"
    }
  ]
}
[2026-07-14T17:01:35.297Z] parserVersion=0.4.0
[2026-07-14T17:01:35.297Z] documentRole=question_paper
[2026-07-14T17:01:35.297Z] validationProfile=QUESTION_PAPER
[2026-07-14T17:01:35.709Z] stage.exitCode=0
[2026-07-14T17:01:35.709Z] stage.stdout=
> paperlens-fullstack@1.0.0 pdf:stage-sample
> node scripts/stage-paper-sample.js --sample=/Users/amelia/Desktop/Workspace/workspace/Project_01CAIE_CS_Paper_Checklist/output/ingestion-samples/9618_s25_qp_42.sample.json --output=/Users/amelia/Desktop/Workspace/workspace/Project_01CAIE_CS_Paper_Checklist/output/phase2/staging/9618_s25_qp_42.staging.json --approve-golden --human-admin-review --human-reviewer=phase-batch-regression

{
  "outputPath": "/Users/amelia/Desktop/Workspace/workspace/Project_01CAIE_CS_Paper_Checklist/output/phase2/staging/9618_s25_qp_42.staging.json",
  "runId": "9618-2025-MJ-42-QP-RUN-bf1d0c138dd6",
  "status": "READY_TO_PUBLISH",
  "publishStatus": "READY_TO_PUBLISH",
  "canonicalCompleteness": {
    "status": "PASS",
    "publishable": true,
    "stagingPath": "/Users/amelia/Desktop/Workspace/workspace/Project_01CAIE_CS_Paper_Checklist/output/phase2/staging/9618_s25_qp_42.staging.json",
    "documentRole": "question_paper",
    "checks": {
      "questionCoverage": "PASS",
      "leafCoverage": "PASS",
      "markCoverage": "PASS",
      "responseAreaCoverage": "PASS",
      "sourceTraceCoverage": "PASS",
      "canonicalStructureCompleteness": "PASS"
    },
    "summary": {
      "questionCount": 3,
      "leafQuestionCount": 25,
      "markSchemeEntryCount": 0,
      "responseAreaCoverage": {
        "required": 25,
        "present": 25,
        "ratio": 1
      }
    },
    "issues": []
  },
  "p0": 0,
  "p1": 0,
  "p2": 0,
  "issues": []
}
[2026-07-14T17:01:35.713Z] stagingId=9618-2025-MJ-42-QP-RUN-bf1d0c138dd6
[2026-07-14T17:01:35.713Z] validationStatus=PASS
[2026-07-14T17:01:35.713Z] publishStatus=READY_TO_PUBLISH
[2026-07-14T17:01:35.713Z] canonicalCompletenessStatus=PASS
[2026-07-14T17:01:35.713Z] canonicalPublishable=true
[2026-07-14T17:01:35.713Z] issueCounts={"P0":0,"P1":0,"P2":0}
[2026-07-14T17:01:35.713Z] endTime=2026-07-14T17:01:35.713Z
[2026-07-14T17:01:35.713Z] status=PASS
