[2026-07-14T17:00:59.238Z] file=public/textbook_syllabus/pastpaper/caie-as-a-level-9618/2025 May June/9618_s25_qp_23.pdf
[2026-07-14T17:00:59.238Z] startTime=2026-07-14T17:00:59.238Z
[2026-07-14T17:00:59.238Z] expectedRole=question_paper
[2026-07-14T17:01:02.439Z] extract.exitCode=0
[2026-07-14T17:01:02.439Z] extract.stdout=
{
  "outputPath": "/Users/amelia/Desktop/Workspace/workspace/Project_01CAIE_CS_Paper_Checklist/output/ingestion-samples/9618_s25_qp_23.sample.json",
  "sourceFile": "public/textbook_syllabus/pastpaper/caie-as-a-level-9618/2025 May June/9618_s25_qp_23.pdf",
  "pageCount": 20,
  "questionCount": 7,
  "questions": [
    {
      "questionNumber": "1",
      "pageStart": 2,
      "pageEnd": 3,
      "marks": 14,
      "confidence": {
        "marker": 0.98,
        "boundary": 0.96,
        "text": 0.96,
        "marks": 0.99,
        "layout": 0.92,
        "structure": 0.96,
        "overall": 0.96
      },
      "textPreview": "1 A program is being developed for the management of a sports centre. (a) The programmer developing the software decides to use modules (procedures or functions) and local variables. They also decide not to use global variables. (i) State two reasons why the programmer decides to use modules. 1 2 [2] (ii) State one difference between local and global variabl"
    },
    {
      "questionNumber": "2",
      "pageStart": 4,
      "pageEnd": 6,
      "marks": 11,
      "confidence": {
        "marker": 0.98,
        "boundary": 0.96,
        "text": 0.96,
        "marks": 0.99,
        "layout": 0.92,
        "structure": 0.96,
        "overall": 0.96
      },
      "textPreview": "2 A programmer uses a number of Abstract Data Types (ADT) in the programs that she is developing. (a) A stack using memory locations 400 to 409 is used in one program. The diagram represents the current state of the stack. A variable TopOfStack pointer indicates the last value added to the stack. Stack Memory Value location 409 408 407 406 405 404 TopOfStack"
    },
    {
      "questionNumber": "3",
      "pageStart": 7,
      "pageEnd": 7,
      "marks": 7,
      "confidence": {
        "marker": 0.98,
        "boundary": 0.96,
        "text": 0.96,
        "marks": 0.99,
        "layout": 0.92,
        "structure": 0.35,
        "overall": 0.69
      },
      "textPreview": "3 A programmer has been asked to create a module RollDice() to simulate multiple rolls of a dice. This module will be used as part of a program for a game. The module will: step 1 – take a positive integer parameter representing the number of times the dice will be rolled step 2 – simulate one roll of the dice by generating a random integer between 1 and 6 i"
    },
    {
      "questionNumber": "4",
      "pageStart": 8,
      "pageEnd": 9,
      "marks": 8,
      "confidence": {
        "marker": 0.98,
        "boundary": 0.96,
        "text": 0.96,
        "marks": 0.99,
        "layout": 0.92,
        "structure": 0.96,
        "overall": 0.96
      },
      "textPreview": "4 A programmer is developing a new stock control program for a shop owner to produce sales reports. (a) A text file Sales.txt stores strings representing the number of items sold. The file contains 52 lines, each representing the number of items sold in each week of the year. For example: File line number File data 1 \"350\" 2 \"502\" 3 \"434\" 49 \"492\" 50 \"872\" 5"
    },
    {
      "questionNumber": "5",
      "pageStart": 10,
      "pageEnd": 11,
      "marks": 8,
      "confidence": {
        "marker": 0.98,
        "boundary": 0.96,
        "text": 0.96,
        "marks": 0.99,
        "layout": 0.92,
        "structure": 0.35,
        "overall": 0.69
      },
      "textPreview": "5 A module Parity() takes a string as a parameter. The parameter has the identifier BitString and it represents a binary value. The module will concatenate a single character to the end of BitString by applying one of the two rules: '0' if Bitstring contains an even number of 1s • '1' if Bitstring contains an odd number of 1s. • The modified value of BitStri"
    },
    {
      "questionNumber": "6",
      "pageStart": 12,
      "pageEnd": 13,
      "marks": 9,
      "confidence": {
        "marker": 0.98,
        "boundary": 0.96,
        "text": 0.96,
        "marks": 0.99,
        "layout": 0.92,
        "structure": 0.96,
        "overall": 0.96
      },
      "textPreview": "6 Study the structure chart: Main M P Sub_A Sub_B V R X W T U Sub_Part1A Sub_Part2A Sub_Part3A Sub_Part1B Sub_Part2B Some of the parameter data types are: R and V are of type INTEGER • T is of type REAL • U is of type STRING • W is of type BOOLEAN. • Some of the modules in the structure chart are functions, others are procedures. (a) Explain one difference b"
    },
    {
      "questionNumber": "7",
      "pageStart": 14,
      "pageEnd": 18,
      "marks": 18,
      "confidence": {
        "marker": 0.98,
        "boundary": 0.88,
        "text": 0.96,
        "marks": 0.99,
        "layout": 0.92,
        "structure": 0.96,
        "overall": 0.95
      },
      "textPreview": "7 A program is being developed to implement a customer loyalty scheme for a coffee shop. The programmer has decided that the following data items need to be stored for each customer: Data item Description customer ID a unique six-digit string loyalty points an integer value that depends on how often the customer visits the coffee shop last visit date the dat"
    }
  ]
}
[2026-07-14T17:01:02.443Z] parserVersion=0.4.0
[2026-07-14T17:01:02.443Z] documentRole=question_paper
[2026-07-14T17:01:02.443Z] validationProfile=QUESTION_PAPER
[2026-07-14T17:01:02.894Z] stage.exitCode=0
[2026-07-14T17:01:02.894Z] stage.stdout=
> paperlens-fullstack@1.0.0 pdf:stage-sample
> node scripts/stage-paper-sample.js --sample=/Users/amelia/Desktop/Workspace/workspace/Project_01CAIE_CS_Paper_Checklist/output/ingestion-samples/9618_s25_qp_23.sample.json --output=/Users/amelia/Desktop/Workspace/workspace/Project_01CAIE_CS_Paper_Checklist/output/phase2/staging/9618_s25_qp_23.staging.json --approve-golden --human-admin-review --human-reviewer=phase-batch-regression

{
  "outputPath": "/Users/amelia/Desktop/Workspace/workspace/Project_01CAIE_CS_Paper_Checklist/output/phase2/staging/9618_s25_qp_23.staging.json",
  "runId": "9618-2025-MJ-23-QP-RUN-598eed30b0b8",
  "status": "READY_TO_PUBLISH",
  "publishStatus": "READY_TO_PUBLISH",
  "canonicalCompleteness": {
    "status": "PASS",
    "publishable": true,
    "stagingPath": "/Users/amelia/Desktop/Workspace/workspace/Project_01CAIE_CS_Paper_Checklist/output/phase2/staging/9618_s25_qp_23.staging.json",
    "documentRole": "question_paper",
    "checks": {
      "questionCoverage": "PASS",
      "leafCoverage": "PASS",
      "markCoverage": "PASS",
      "responseAreaCoverage": "PASS",
      "sourceTraceCoverage": "PASS",
      "canonicalStructureCompleteness": "PASS"
    },
    "summary": {
      "questionCount": 7,
      "leafQuestionCount": 21,
      "markSchemeEntryCount": 0,
      "responseAreaCoverage": {
        "required": 21,
        "present": 21,
        "ratio": 1
      }
    },
    "issues": []
  },
  "p0": 0,
  "p1": 0,
  "p2": 0,
  "issues": []
}
[2026-07-14T17:01:02.898Z] stagingId=9618-2025-MJ-23-QP-RUN-598eed30b0b8
[2026-07-14T17:01:02.898Z] validationStatus=PASS
[2026-07-14T17:01:02.898Z] publishStatus=READY_TO_PUBLISH
[2026-07-14T17:01:02.898Z] canonicalCompletenessStatus=PASS
[2026-07-14T17:01:02.898Z] canonicalPublishable=true
[2026-07-14T17:01:02.898Z] issueCounts={"P0":0,"P1":0,"P2":0}
[2026-07-14T17:01:02.898Z] endTime=2026-07-14T17:01:02.898Z
[2026-07-14T17:01:02.898Z] status=PASS
