[2026-07-14T17:01:02.899Z] file=public/textbook_syllabus/pastpaper/caie-as-a-level-9618/2025 May June/9618_s25_ms_23.pdf
[2026-07-14T17:01:02.899Z] startTime=2026-07-14T17:01:02.899Z
[2026-07-14T17:01:02.899Z] expectedRole=mark_scheme
[2026-07-14T17:01:05.158Z] extract.exitCode=0
[2026-07-14T17:01:05.158Z] extract.stdout=
{
  "outputPath": "/Users/amelia/Desktop/Workspace/workspace/Project_01CAIE_CS_Paper_Checklist/output/ingestion-samples/9618_s25_ms_23.sample.json",
  "sourceFile": "public/textbook_syllabus/pastpaper/caie-as-a-level-9618/2025 May June/9618_s25_ms_23.pdf",
  "pageCount": 14,
  "questionCount": 0,
  "questions": []
}
[2026-07-14T17:01:05.160Z] parserVersion=0.4.0
[2026-07-14T17:01:05.161Z] documentRole=mark_scheme
[2026-07-14T17:01:05.161Z] validationProfile=MARK_SCHEME
[2026-07-14T17:01:05.561Z] stage.exitCode=0
[2026-07-14T17:01:05.561Z] stage.stdout=
> paperlens-fullstack@1.0.0 pdf:stage-sample
> node scripts/stage-paper-sample.js --sample=/Users/amelia/Desktop/Workspace/workspace/Project_01CAIE_CS_Paper_Checklist/output/ingestion-samples/9618_s25_ms_23.sample.json --output=/Users/amelia/Desktop/Workspace/workspace/Project_01CAIE_CS_Paper_Checklist/output/phase2/staging/9618_s25_ms_23.staging.json --approve-golden --human-admin-review --human-reviewer=phase-batch-regression

{
  "outputPath": "/Users/amelia/Desktop/Workspace/workspace/Project_01CAIE_CS_Paper_Checklist/output/phase2/staging/9618_s25_ms_23.staging.json",
  "runId": "9618-2025-MJ-23-MS-RUN-13b90d3db85a",
  "status": "READY_TO_PUBLISH",
  "publishStatus": "READY_TO_PUBLISH",
  "canonicalCompleteness": {
    "status": "PASS",
    "publishable": true,
    "stagingPath": "/Users/amelia/Desktop/Workspace/workspace/Project_01CAIE_CS_Paper_Checklist/output/phase2/staging/9618_s25_ms_23.staging.json",
    "documentRole": "mark_scheme",
    "checks": {
      "questionCoverage": "PASS",
      "leafCoverage": "PASS",
      "markCoverage": "PASS",
      "responseAreaCoverage": "PASS",
      "sourceTraceCoverage": "PASS",
      "canonicalStructureCompleteness": "PASS"
    },
    "summary": {
      "questionCount": 0,
      "leafQuestionCount": 0,
      "markSchemeEntryCount": 22,
      "responseAreaCoverage": {
        "required": 0,
        "present": 0,
        "ratio": 1
      }
    },
    "issues": []
  },
  "p0": 0,
  "p1": 0,
  "p2": 0,
  "issues": []
}
[2026-07-14T17:01:05.564Z] stagingId=9618-2025-MJ-23-MS-RUN-13b90d3db85a
[2026-07-14T17:01:05.564Z] validationStatus=PASS
[2026-07-14T17:01:05.564Z] publishStatus=READY_TO_PUBLISH
[2026-07-14T17:01:05.564Z] canonicalCompletenessStatus=PASS
[2026-07-14T17:01:05.564Z] canonicalPublishable=true
[2026-07-14T17:01:05.564Z] issueCounts={"P0":0,"P1":0,"P2":0}
[2026-07-14T17:01:05.564Z] endTime=2026-07-14T17:01:05.564Z
[2026-07-14T17:01:05.564Z] status=PASS
