[2026-07-14T17:01:24.335Z] file=public/textbook_syllabus/pastpaper/caie-as-a-level-9618/2025 May June/9618_s25_qp_41.pdf
[2026-07-14T17:01:24.335Z] startTime=2026-07-14T17:01:24.335Z
[2026-07-14T17:01:24.335Z] expectedRole=question_paper
[2026-07-14T17:01:26.572Z] extract.exitCode=0
[2026-07-14T17:01:26.572Z] extract.stdout=
{
  "outputPath": "/Users/amelia/Desktop/Workspace/workspace/Project_01CAIE_CS_Paper_Checklist/output/ingestion-samples/9618_s25_qp_41.sample.json",
  "sourceFile": "public/textbook_syllabus/pastpaper/caie-as-a-level-9618/2025 May June/9618_s25_qp_41.pdf",
  "pageCount": 12,
  "questionCount": 3,
  "questions": [
    {
      "questionNumber": "1",
      "pageStart": 2,
      "pageEnd": 4,
      "marks": 20,
      "confidence": {
        "marker": 0.98,
        "boundary": 0.96,
        "text": 0.96,
        "marks": 0.99,
        "layout": 0.92,
        "structure": 0.96,
        "overall": 0.96
      },
      "textPreview": "1 The queue is stored as a global 1D array of 20 integers with the identifier . Each index is Queue initialised with the data –1 The global variable initialised to points to the first element in the queue. HeadPointer –1 The global variable initialised to points to the last element in the queue. TailPointer –1 The global variable initialised to stores the nu"
    },
    {
      "questionNumber": "2",
      "pageStart": 4,
      "pageEnd": 6,
      "marks": 25,
      "confidence": {
        "marker": 0.98,
        "boundary": 0.96,
        "text": 0.96,
        "marks": 0.99,
        "layout": 0.92,
        "structure": 0.96,
        "overall": 0.96
      },
      "textPreview": "2 separated data into different files. The text file contains 72 lines of data. Each line of data has an integer number and TheData.txt a string colour that are separated by a comma. For example, the first line in the file is: 10,red The integer is and the string is 10 \"red\" The file contains six different colours: red, green, blue, orange, yellow, pink. The"
    },
    {
      "questionNumber": "3",
      "pageStart": 6,
      "pageEnd": 9,
      "marks": 30,
      "confidence": {
        "marker": 0.98,
        "boundary": 0.88,
        "text": 0.96,
        "marks": 0.99,
        "layout": 0.92,
        "structure": 0.96,
        "overall": 0.95
      },
      "textPreview": "3 (OOP). The tree stores data in ascending numerical order, for example: 30 20 45 1 21 33 63 The class stores data about the nodes. Node Node stores the node’s integer data NodeData : Integer stores the node that is stored to the left of the current LeftNode : Node node, or a null value if there is no node to the left stores the node that is stored to the ri"
    }
  ]
}
[2026-07-14T17:01:26.576Z] parserVersion=0.4.0
[2026-07-14T17:01:26.576Z] documentRole=question_paper
[2026-07-14T17:01:26.576Z] validationProfile=QUESTION_PAPER
[2026-07-14T17:01:27.091Z] stage.exitCode=0
[2026-07-14T17:01:27.091Z] stage.stdout=
> paperlens-fullstack@1.0.0 pdf:stage-sample
> node scripts/stage-paper-sample.js --sample=/Users/amelia/Desktop/Workspace/workspace/Project_01CAIE_CS_Paper_Checklist/output/ingestion-samples/9618_s25_qp_41.sample.json --output=/Users/amelia/Desktop/Workspace/workspace/Project_01CAIE_CS_Paper_Checklist/output/phase2/staging/9618_s25_qp_41.staging.json --approve-golden --human-admin-review --human-reviewer=phase-batch-regression

{
  "outputPath": "/Users/amelia/Desktop/Workspace/workspace/Project_01CAIE_CS_Paper_Checklist/output/phase2/staging/9618_s25_qp_41.staging.json",
  "runId": "9618-2025-MJ-41-QP-RUN-bb3f54d2e359",
  "status": "READY_TO_PUBLISH",
  "publishStatus": "READY_TO_PUBLISH",
  "canonicalCompleteness": {
    "status": "PASS",
    "publishable": true,
    "stagingPath": "/Users/amelia/Desktop/Workspace/workspace/Project_01CAIE_CS_Paper_Checklist/output/phase2/staging/9618_s25_qp_41.staging.json",
    "documentRole": "question_paper",
    "checks": {
      "questionCoverage": "PASS",
      "leafCoverage": "PASS",
      "markCoverage": "PASS",
      "responseAreaCoverage": "PASS",
      "sourceTraceCoverage": "PASS",
      "canonicalStructureCompleteness": "PASS"
    },
    "summary": {
      "questionCount": 3,
      "leafQuestionCount": 22,
      "markSchemeEntryCount": 0,
      "responseAreaCoverage": {
        "required": 22,
        "present": 22,
        "ratio": 1
      }
    },
    "issues": []
  },
  "p0": 0,
  "p1": 0,
  "p2": 0,
  "issues": []
}
[2026-07-14T17:01:27.098Z] stagingId=9618-2025-MJ-41-QP-RUN-bb3f54d2e359
[2026-07-14T17:01:27.098Z] validationStatus=PASS
[2026-07-14T17:01:27.098Z] publishStatus=READY_TO_PUBLISH
[2026-07-14T17:01:27.098Z] canonicalCompletenessStatus=PASS
[2026-07-14T17:01:27.098Z] canonicalPublishable=true
[2026-07-14T17:01:27.098Z] issueCounts={"P0":0,"P1":0,"P2":0}
[2026-07-14T17:01:27.098Z] endTime=2026-07-14T17:01:27.098Z
[2026-07-14T17:01:27.098Z] status=PASS
