[2026-07-14T16:55:29.060Z] file=public/textbook_syllabus/pastpaper/caie-as-a-level-9618/2023 Oct Nov/9618_w23_ms_32.pdf
[2026-07-14T16:55:29.060Z] startTime=2026-07-14T16:55:29.060Z
[2026-07-14T16:55:29.060Z] expectedRole=mark_scheme
[2026-07-14T16:55:30.622Z] extract.exitCode=0
[2026-07-14T16:55:30.622Z] extract.stdout=
{
  "outputPath": "/Users/amelia/Desktop/Workspace/workspace/Project_01CAIE_CS_Paper_Checklist/output/ingestion-samples/9618_w23_ms_32.sample.json",
  "sourceFile": "public/textbook_syllabus/pastpaper/caie-as-a-level-9618/2023 Oct Nov/9618_w23_ms_32.pdf",
  "pageCount": 9,
  "questionCount": 0,
  "questions": []
}
[2026-07-14T16:55:30.625Z] parserVersion=0.4.0
[2026-07-14T16:55:30.625Z] documentRole=mark_scheme
[2026-07-14T16:55:30.625Z] validationProfile=MARK_SCHEME
[2026-07-14T16:55:31.030Z] stage.exitCode=0
[2026-07-14T16:55:31.030Z] stage.stdout=
> paperlens-fullstack@1.0.0 pdf:stage-sample
> node scripts/stage-paper-sample.js --sample=/Users/amelia/Desktop/Workspace/workspace/Project_01CAIE_CS_Paper_Checklist/output/ingestion-samples/9618_w23_ms_32.sample.json --output=/Users/amelia/Desktop/Workspace/workspace/Project_01CAIE_CS_Paper_Checklist/output/phase2/staging/9618_w23_ms_32.staging.json --approve-golden --human-admin-review --human-reviewer=phase-batch-regression

{
  "outputPath": "/Users/amelia/Desktop/Workspace/workspace/Project_01CAIE_CS_Paper_Checklist/output/phase2/staging/9618_w23_ms_32.staging.json",
  "runId": "9618-2023-ON-32-MS-RUN-5072a92b55df",
  "status": "READY_TO_PUBLISH",
  "publishStatus": "READY_TO_PUBLISH",
  "canonicalCompleteness": {
    "status": "PASS",
    "publishable": true,
    "stagingPath": "/Users/amelia/Desktop/Workspace/workspace/Project_01CAIE_CS_Paper_Checklist/output/phase2/staging/9618_w23_ms_32.staging.json",
    "documentRole": "mark_scheme",
    "checks": {
      "questionCoverage": "PASS",
      "leafCoverage": "PASS",
      "markCoverage": "PASS",
      "responseAreaCoverage": "PASS",
      "sourceTraceCoverage": "PASS",
      "canonicalStructureCompleteness": "PASS"
    },
    "summary": {
      "questionCount": 0,
      "leafQuestionCount": 0,
      "markSchemeEntryCount": 27,
      "responseAreaCoverage": {
        "required": 0,
        "present": 0,
        "ratio": 1
      }
    },
    "issues": []
  },
  "p0": 0,
  "p1": 0,
  "p2": 0,
  "issues": []
}
[2026-07-14T16:55:31.033Z] stagingId=9618-2023-ON-32-MS-RUN-5072a92b55df
[2026-07-14T16:55:31.033Z] validationStatus=PASS
[2026-07-14T16:55:31.033Z] publishStatus=READY_TO_PUBLISH
[2026-07-14T16:55:31.033Z] canonicalCompletenessStatus=PASS
[2026-07-14T16:55:31.033Z] canonicalPublishable=true
[2026-07-14T16:55:31.033Z] issueCounts={"P0":0,"P1":0,"P2":0}
[2026-07-14T16:55:31.033Z] endTime=2026-07-14T16:55:31.033Z
[2026-07-14T16:55:31.033Z] status=PASS
