[2026-07-14T16:55:21.616Z] file=public/textbook_syllabus/pastpaper/caie-as-a-level-9618/2023 Oct Nov/9618_w23_qp_31.pdf
[2026-07-14T16:55:21.616Z] startTime=2026-07-14T16:55:21.616Z
[2026-07-14T16:55:21.616Z] expectedRole=question_paper
[2026-07-14T16:55:23.899Z] extract.exitCode=0
[2026-07-14T16:55:23.899Z] extract.stdout=
{
  "outputPath": "/Users/amelia/Desktop/Workspace/workspace/Project_01CAIE_CS_Paper_Checklist/output/ingestion-samples/9618_w23_qp_31.sample.json",
  "sourceFile": "public/textbook_syllabus/pastpaper/caie-as-a-level-9618/2023 Oct Nov/9618_w23_qp_31.pdf",
  "pageCount": 16,
  "questionCount": 12,
  "questions": [
    {
      "questionNumber": "1",
      "pageStart": 2,
      "pageEnd": 3,
      "marks": 5,
      "confidence": {
        "marker": 0.98,
        "boundary": 0.96,
        "text": 0.96,
        "marks": 0.99,
        "layout": 0.92,
        "structure": 0.96,
        "overall": 0.96
      },
      "textPreview": "1 12 bits for the mantissa • 4 bits for the exponent • two’s complement form for both the mantissa and exponent. • Write the normalised floating-point representation of +65.25 in this system. (a) Show your working. Mantissa Exponent Working [3] Explain the problem that will occur in storing the normalised floating-point representation of (b) +65.20 in this s"
    },
    {
      "questionNumber": "2",
      "pageStart": 3,
      "pageEnd": 3,
      "marks": 6,
      "confidence": {
        "marker": 0.98,
        "boundary": 0.96,
        "text": 0.96,
        "marks": 0.99,
        "layout": 0.92,
        "structure": 0.96,
        "overall": 0.96
      },
      "textPreview": "2 (a) one each Protocol Use to provide peer-to-peer file sharing HTTP when retrieving email messages from a mail server over a TCP/IP connection BitTorrent when transmitting hypertext documents SMTP to map MAC addresses onto IP addresses IMAP when sending email messages towards the intended destination [4] Outline the purpose of the in the TCP / IP protocol "
    },
    {
      "questionNumber": "3",
      "pageStart": 3,
      "pageEnd": 4,
      "marks": null,
      "confidence": {
        "marker": 0.98,
        "boundary": 0.96,
        "text": 0.72,
        "marks": 0.35,
        "layout": 0.92,
        "structure": 0.35,
        "overall": 0.69
      },
      "textPreview": "3 enumerated pointer Enumerated Pointer [4] Describe sequential and random methods of file organisation."
    },
    {
      "questionNumber": "4",
      "pageStart": 4,
      "pageEnd": 4,
      "marks": 6,
      "confidence": {
        "marker": 0.98,
        "boundary": 0.96,
        "text": 0.96,
        "marks": 0.99,
        "layout": 0.92,
        "structure": 0.96,
        "overall": 0.96
      },
      "textPreview": "4 (a) Sequential file organisation Random file organisation [4] Outline the process of sequential access for serial and sequential files. (b) [2] Describe the features of SISD and MIMD computer architectures."
    },
    {
      "questionNumber": "5",
      "pageStart": 4,
      "pageEnd": 6,
      "marks": 4,
      "confidence": {
        "marker": 0.98,
        "boundary": 0.96,
        "text": 0.35,
        "marks": 0.99,
        "layout": 0.92,
        "structure": 0.35,
        "overall": 0.69
      },
      "textPreview": "5 SISD MIMD [4] This diagram represents a logic circuit."
    },
    {
      "questionNumber": "6",
      "pageStart": 6,
      "pageEnd": 7,
      "marks": 6,
      "confidence": {
        "marker": 0.98,
        "boundary": 0.96,
        "text": 0.96,
        "marks": 0.99,
        "layout": 0.92,
        "structure": 0.96,
        "overall": 0.96
      },
      "textPreview": "6 A B Z C D Complete the truth table for the given logic circuit. (a) A B C D Z 0 0 0 0 0 0 0 1 0 0 1 0 0 0 1 1 0 1 0 0 0 1 0 1 0 1 1 0 0 1 1 1 1 0 0 0 1 0 0 1 1 0 1 0 1 0 1 1 1 1 0 0 1 1 0 1 1 1 1 0 1 1 1 1 [3] Simplify the given Boolean expression using Boolean algebra. (b) Show your working. Y = A.B.C.D + A.B.C.D + A.B.C.D + A.B.C.D [3] A student buys a n"
    },
    {
      "questionNumber": "7",
      "pageStart": 7,
      "pageEnd": 8,
      "marks": 5,
      "confidence": {
        "marker": 0.98,
        "boundary": 0.96,
        "text": 0.96,
        "marks": 0.99,
        "layout": 0.92,
        "structure": 0.96,
        "overall": 0.96
      },
      "textPreview": "7 (a) State benefit to the student of a user interface give an example. one and Benefit Example [2] Two of the process states are the running state and the ready state. (b) Identify process state. one other [1] Outline conditions under which a process could change from the running state to the ready (c) state. [2] A pseudocode algorithm finds a customer acco"
    },
    {
      "questionNumber": "8",
      "pageStart": 8,
      "pageEnd": 9,
      "marks": 8,
      "confidence": {
        "marker": 0.98,
        "boundary": 0.96,
        "text": 0.96,
        "marks": 0.99,
        "layout": 0.92,
        "structure": 0.35,
        "overall": 0.69
      },
      "textPreview": "8 (a) records are stored using the user-defined data type . TAccount TYPE TAccount DECLARE AccountNumber : INTEGER DECLARE LastName : STRING DECLARE FirstName : STRING DECLARE Address : STRING DECLARE ContactNumber : STRING ENDTYPE Complete the file handling pseudocode. The function takes the customer account number as a parameter, calculates and Hash() retu"
    },
    {
      "questionNumber": "9",
      "pageStart": 9,
      "pageEnd": 10,
      "marks": 9,
      "confidence": {
        "marker": 0.98,
        "boundary": 0.96,
        "text": 0.96,
        "marks": 0.99,
        "layout": 0.92,
        "structure": 0.96,
        "overall": 0.96
      },
      "textPreview": "9 (a) (i) 5 2 – 5 4 + * 9 / [2] Show how the contents of the following stack will change as the RPN expression in (ii) part is evaluated. (a) (i) [4] Explain how a stack can be used to evaluate RPN expressions. (b) [3] A stack is to be set up using the information in the table."
    },
    {
      "questionNumber": "10",
      "pageStart": 10,
      "pageEnd": 12,
      "marks": 10,
      "confidence": {
        "marker": 0.98,
        "boundary": 0.96,
        "text": 0.96,
        "marks": 0.99,
        "layout": 0.92,
        "structure": 0.96,
        "overall": 0.96
      },
      "textPreview": "10 Identifier Data type Description points to the bottom of the stack BasePointer INTEGER points to the top of the stack TopPointer INTEGER 1D array to implement the stack Stack REAL A constant, with identifier limits the size of the stack to 25 items. Capacity Write the for the required declarations. (a) pseudocode [3] Complete the pseudocode function to po"
    },
    {
      "questionNumber": "11",
      "pageStart": 12,
      "pageEnd": 14,
      "marks": 8,
      "confidence": {
        "marker": 0.98,
        "boundary": 0.96,
        "text": 0.96,
        "marks": 0.99,
        "layout": 0.92,
        "structure": 0.96,
        "overall": 0.96
      },
      "textPreview": "11 declarative study. Students must choose two subjects. 01 subject(mathematics). 02 subject(physics). 03 subject(chemistry). 04 subject(computer_science). 05 subject(geography). 06 subject(history). 07 subject(english). 08 subject(biology). 09 student(tomaz). 10 student(josephine). 11 student(elspeth). 12 student(nico). 13 student(teresa). 14 student(pietre"
    },
    {
      "questionNumber": "12",
      "pageStart": 14,
      "pageEnd": 14,
      "marks": 4,
      "confidence": {
        "marker": 0.98,
        "boundary": 0.88,
        "text": 0.35,
        "marks": 0.99,
        "layout": 0.92,
        "structure": 0.96,
        "overall": 0.83
      },
      "textPreview": "12 Explain what is meant by the term . artificial neural network [4]"
    }
  ]
}
[2026-07-14T16:55:23.901Z] parserVersion=0.4.0
[2026-07-14T16:55:23.901Z] documentRole=question_paper
[2026-07-14T16:55:23.901Z] validationProfile=QUESTION_PAPER
[2026-07-14T16:55:24.254Z] stage.exitCode=0
[2026-07-14T16:55:24.254Z] stage.stdout=
> paperlens-fullstack@1.0.0 pdf:stage-sample
> node scripts/stage-paper-sample.js --sample=/Users/amelia/Desktop/Workspace/workspace/Project_01CAIE_CS_Paper_Checklist/output/ingestion-samples/9618_w23_qp_31.sample.json --output=/Users/amelia/Desktop/Workspace/workspace/Project_01CAIE_CS_Paper_Checklist/output/phase2/staging/9618_w23_qp_31.staging.json --approve-golden --human-admin-review --human-reviewer=phase-batch-regression

{
  "outputPath": "/Users/amelia/Desktop/Workspace/workspace/Project_01CAIE_CS_Paper_Checklist/output/phase2/staging/9618_w23_qp_31.staging.json",
  "runId": "9618-2023-ON-31-QP-RUN-2b5b47e9c874",
  "status": "READY_TO_PUBLISH",
  "publishStatus": "READY_TO_PUBLISH",
  "canonicalCompleteness": {
    "status": "PASS",
    "publishable": true,
    "stagingPath": "/Users/amelia/Desktop/Workspace/workspace/Project_01CAIE_CS_Paper_Checklist/output/phase2/staging/9618_w23_qp_31.staging.json",
    "documentRole": "question_paper",
    "checks": {
      "questionCoverage": "PASS",
      "leafCoverage": "PASS",
      "markCoverage": "PASS",
      "responseAreaCoverage": "PASS",
      "sourceTraceCoverage": "PASS",
      "canonicalStructureCompleteness": "PASS"
    },
    "summary": {
      "questionCount": 12,
      "leafQuestionCount": 26,
      "markSchemeEntryCount": 0,
      "responseAreaCoverage": {
        "required": 24,
        "present": 24,
        "ratio": 1
      }
    },
    "issues": [
      {
        "severity": "P3",
        "code": "CANONICAL_MARK_COVERAGE_INCOMPLETE",
        "check": "markCoverage",
        "message": "Leaf mark is absent under an existing staging rule that permits null marks.",
        "questionId": "9618-2023-ON-31-Q3",
        "pageNumber": null
      },
      {
        "severity": "P3",
        "code": "CANONICAL_MARK_COVERAGE_INCOMPLETE",
        "check": "markCoverage",
        "message": "Leaf mark is absent under an existing staging rule that permits null marks.",
        "questionId": "9618-2023-ON-31-Q9-A-II",
        "pageNumber": null
      }
    ]
  },
  "p0": 0,
  "p1": 0,
  "p2": 0,
  "issues": []
}
[2026-07-14T16:55:24.256Z] stagingId=9618-2023-ON-31-QP-RUN-2b5b47e9c874
[2026-07-14T16:55:24.256Z] validationStatus=PASS
[2026-07-14T16:55:24.256Z] publishStatus=READY_TO_PUBLISH
[2026-07-14T16:55:24.256Z] canonicalCompletenessStatus=PASS
[2026-07-14T16:55:24.256Z] canonicalPublishable=true
[2026-07-14T16:55:24.256Z] issueCounts={"P0":0,"P1":0,"P2":0}
[2026-07-14T16:55:24.256Z] endTime=2026-07-14T16:55:24.256Z
[2026-07-14T16:55:24.256Z] status=PASS
