[2026-07-14T16:54:53.602Z] file=public/textbook_syllabus/pastpaper/caie-as-a-level-9618/2023 Oct Nov/9618_w23_ms_11.pdf
[2026-07-14T16:54:53.602Z] startTime=2026-07-14T16:54:53.602Z
[2026-07-14T16:54:53.602Z] expectedRole=mark_scheme
[2026-07-14T16:54:55.295Z] extract.exitCode=0
[2026-07-14T16:54:55.295Z] extract.stdout=
{
  "outputPath": "/Users/amelia/Desktop/Workspace/workspace/Project_01CAIE_CS_Paper_Checklist/output/ingestion-samples/9618_w23_ms_11.sample.json",
  "sourceFile": "public/textbook_syllabus/pastpaper/caie-as-a-level-9618/2023 Oct Nov/9618_w23_ms_11.pdf",
  "pageCount": 10,
  "questionCount": 0,
  "questions": []
}
[2026-07-14T16:54:55.298Z] parserVersion=0.4.0
[2026-07-14T16:54:55.298Z] documentRole=mark_scheme
[2026-07-14T16:54:55.298Z] validationProfile=MARK_SCHEME
[2026-07-14T16:54:55.628Z] stage.exitCode=0
[2026-07-14T16:54:55.628Z] stage.stdout=
> paperlens-fullstack@1.0.0 pdf:stage-sample
> node scripts/stage-paper-sample.js --sample=/Users/amelia/Desktop/Workspace/workspace/Project_01CAIE_CS_Paper_Checklist/output/ingestion-samples/9618_w23_ms_11.sample.json --output=/Users/amelia/Desktop/Workspace/workspace/Project_01CAIE_CS_Paper_Checklist/output/phase2/staging/9618_w23_ms_11.staging.json --approve-golden --human-admin-review --human-reviewer=phase-batch-regression

{
  "outputPath": "/Users/amelia/Desktop/Workspace/workspace/Project_01CAIE_CS_Paper_Checklist/output/phase2/staging/9618_w23_ms_11.staging.json",
  "runId": "9618-2023-ON-11-MS-RUN-7d42b9e1b7ad",
  "status": "READY_TO_PUBLISH",
  "publishStatus": "READY_TO_PUBLISH",
  "canonicalCompleteness": {
    "status": "PASS",
    "publishable": true,
    "stagingPath": "/Users/amelia/Desktop/Workspace/workspace/Project_01CAIE_CS_Paper_Checklist/output/phase2/staging/9618_w23_ms_11.staging.json",
    "documentRole": "mark_scheme",
    "checks": {
      "questionCoverage": "PASS",
      "leafCoverage": "PASS",
      "markCoverage": "PASS",
      "responseAreaCoverage": "PASS",
      "sourceTraceCoverage": "PASS",
      "canonicalStructureCompleteness": "PASS"
    },
    "summary": {
      "questionCount": 0,
      "leafQuestionCount": 0,
      "markSchemeEntryCount": 33,
      "responseAreaCoverage": {
        "required": 0,
        "present": 0,
        "ratio": 1
      }
    },
    "issues": []
  },
  "p0": 0,
  "p1": 0,
  "p2": 0,
  "issues": []
}
[2026-07-14T16:54:55.630Z] stagingId=9618-2023-ON-11-MS-RUN-7d42b9e1b7ad
[2026-07-14T16:54:55.630Z] validationStatus=PASS
[2026-07-14T16:54:55.630Z] publishStatus=READY_TO_PUBLISH
[2026-07-14T16:54:55.630Z] canonicalCompletenessStatus=PASS
[2026-07-14T16:54:55.630Z] canonicalPublishable=true
[2026-07-14T16:54:55.630Z] issueCounts={"P0":0,"P1":0,"P2":0}
[2026-07-14T16:54:55.630Z] endTime=2026-07-14T16:54:55.630Z
[2026-07-14T16:54:55.630Z] status=PASS
