[2026-07-14T16:55:08.624Z] file=public/textbook_syllabus/pastpaper/caie-as-a-level-9618/2023 Oct Nov/9618_w23_ms_21.pdf
[2026-07-14T16:55:08.624Z] startTime=2026-07-14T16:55:08.624Z
[2026-07-14T16:55:08.624Z] expectedRole=mark_scheme
[2026-07-14T16:55:10.252Z] extract.exitCode=0
[2026-07-14T16:55:10.252Z] extract.stdout=
{
  "outputPath": "/Users/amelia/Desktop/Workspace/workspace/Project_01CAIE_CS_Paper_Checklist/output/ingestion-samples/9618_w23_ms_21.sample.json",
  "sourceFile": "public/textbook_syllabus/pastpaper/caie-as-a-level-9618/2023 Oct Nov/9618_w23_ms_21.pdf",
  "pageCount": 10,
  "questionCount": 0,
  "questions": []
}
[2026-07-14T16:55:10.254Z] parserVersion=0.4.0
[2026-07-14T16:55:10.254Z] documentRole=mark_scheme
[2026-07-14T16:55:10.254Z] validationProfile=MARK_SCHEME
[2026-07-14T16:55:10.646Z] stage.exitCode=0
[2026-07-14T16:55:10.646Z] stage.stdout=
> paperlens-fullstack@1.0.0 pdf:stage-sample
> node scripts/stage-paper-sample.js --sample=/Users/amelia/Desktop/Workspace/workspace/Project_01CAIE_CS_Paper_Checklist/output/ingestion-samples/9618_w23_ms_21.sample.json --output=/Users/amelia/Desktop/Workspace/workspace/Project_01CAIE_CS_Paper_Checklist/output/phase2/staging/9618_w23_ms_21.staging.json --approve-golden --human-admin-review --human-reviewer=phase-batch-regression

{
  "outputPath": "/Users/amelia/Desktop/Workspace/workspace/Project_01CAIE_CS_Paper_Checklist/output/phase2/staging/9618_w23_ms_21.staging.json",
  "runId": "9618-2023-ON-21-MS-RUN-00b25d38b13c",
  "status": "READY_TO_PUBLISH",
  "publishStatus": "READY_TO_PUBLISH",
  "canonicalCompleteness": {
    "status": "PASS",
    "publishable": true,
    "stagingPath": "/Users/amelia/Desktop/Workspace/workspace/Project_01CAIE_CS_Paper_Checklist/output/phase2/staging/9618_w23_ms_21.staging.json",
    "documentRole": "mark_scheme",
    "checks": {
      "questionCoverage": "PASS",
      "leafCoverage": "PASS",
      "markCoverage": "PASS",
      "responseAreaCoverage": "PASS",
      "sourceTraceCoverage": "PASS",
      "canonicalStructureCompleteness": "PASS"
    },
    "summary": {
      "questionCount": 0,
      "leafQuestionCount": 0,
      "markSchemeEntryCount": 21,
      "responseAreaCoverage": {
        "required": 0,
        "present": 0,
        "ratio": 1
      }
    },
    "issues": []
  },
  "p0": 0,
  "p1": 0,
  "p2": 0,
  "issues": []
}
[2026-07-14T16:55:10.648Z] stagingId=9618-2023-ON-21-MS-RUN-00b25d38b13c
[2026-07-14T16:55:10.648Z] validationStatus=PASS
[2026-07-14T16:55:10.648Z] publishStatus=READY_TO_PUBLISH
[2026-07-14T16:55:10.648Z] canonicalCompletenessStatus=PASS
[2026-07-14T16:55:10.648Z] canonicalPublishable=true
[2026-07-14T16:55:10.648Z] issueCounts={"P0":0,"P1":0,"P2":0}
[2026-07-14T16:55:10.648Z] endTime=2026-07-14T16:55:10.648Z
[2026-07-14T16:55:10.648Z] status=PASS
