[2026-07-14T16:54:58.387Z] file=public/textbook_syllabus/pastpaper/caie-as-a-level-9618/2023 Oct Nov/9618_w23_ms_12.pdf
[2026-07-14T16:54:58.387Z] startTime=2026-07-14T16:54:58.387Z
[2026-07-14T16:54:58.387Z] expectedRole=mark_scheme
[2026-07-14T16:55:00.125Z] extract.exitCode=0
[2026-07-14T16:55:00.125Z] extract.stdout=
{
  "outputPath": "/Users/amelia/Desktop/Workspace/workspace/Project_01CAIE_CS_Paper_Checklist/output/ingestion-samples/9618_w23_ms_12.sample.json",
  "sourceFile": "public/textbook_syllabus/pastpaper/caie-as-a-level-9618/2023 Oct Nov/9618_w23_ms_12.pdf",
  "pageCount": 11,
  "questionCount": 0,
  "questions": []
}
[2026-07-14T16:55:00.128Z] parserVersion=0.4.0
[2026-07-14T16:55:00.128Z] documentRole=mark_scheme
[2026-07-14T16:55:00.128Z] validationProfile=MARK_SCHEME
[2026-07-14T16:55:00.486Z] stage.exitCode=0
[2026-07-14T16:55:00.486Z] stage.stdout=
> paperlens-fullstack@1.0.0 pdf:stage-sample
> node scripts/stage-paper-sample.js --sample=/Users/amelia/Desktop/Workspace/workspace/Project_01CAIE_CS_Paper_Checklist/output/ingestion-samples/9618_w23_ms_12.sample.json --output=/Users/amelia/Desktop/Workspace/workspace/Project_01CAIE_CS_Paper_Checklist/output/phase2/staging/9618_w23_ms_12.staging.json --approve-golden --human-admin-review --human-reviewer=phase-batch-regression

{
  "outputPath": "/Users/amelia/Desktop/Workspace/workspace/Project_01CAIE_CS_Paper_Checklist/output/phase2/staging/9618_w23_ms_12.staging.json",
  "runId": "9618-2023-ON-12-MS-RUN-dbbe4dacd4a7",
  "status": "READY_TO_PUBLISH",
  "publishStatus": "READY_TO_PUBLISH",
  "canonicalCompleteness": {
    "status": "PASS",
    "publishable": true,
    "stagingPath": "/Users/amelia/Desktop/Workspace/workspace/Project_01CAIE_CS_Paper_Checklist/output/phase2/staging/9618_w23_ms_12.staging.json",
    "documentRole": "mark_scheme",
    "checks": {
      "questionCoverage": "PASS",
      "leafCoverage": "PASS",
      "markCoverage": "PASS",
      "responseAreaCoverage": "PASS",
      "sourceTraceCoverage": "PASS",
      "canonicalStructureCompleteness": "PASS"
    },
    "summary": {
      "questionCount": 0,
      "leafQuestionCount": 0,
      "markSchemeEntryCount": 30,
      "responseAreaCoverage": {
        "required": 0,
        "present": 0,
        "ratio": 1
      }
    },
    "issues": []
  },
  "p0": 0,
  "p1": 0,
  "p2": 0,
  "issues": []
}
[2026-07-14T16:55:00.489Z] stagingId=9618-2023-ON-12-MS-RUN-dbbe4dacd4a7
[2026-07-14T16:55:00.489Z] validationStatus=PASS
[2026-07-14T16:55:00.489Z] publishStatus=READY_TO_PUBLISH
[2026-07-14T16:55:00.489Z] canonicalCompletenessStatus=PASS
[2026-07-14T16:55:00.489Z] canonicalPublishable=true
[2026-07-14T16:55:00.489Z] issueCounts={"P0":0,"P1":0,"P2":0}
[2026-07-14T16:55:00.489Z] endTime=2026-07-14T16:55:00.489Z
[2026-07-14T16:55:00.489Z] status=PASS
