[2026-07-14T16:53:22.667Z] file=public/textbook_syllabus/pastpaper/caie-as-a-level-9618/2023 May June/9618_s23_qp_12.pdf
[2026-07-14T16:53:22.667Z] startTime=2026-07-14T16:53:22.667Z
[2026-07-14T16:53:22.667Z] expectedRole=question_paper
[2026-07-14T16:53:24.589Z] extract.exitCode=0
[2026-07-14T16:53:24.589Z] extract.stdout=
{
  "outputPath": "/Users/amelia/Desktop/Workspace/workspace/Project_01CAIE_CS_Paper_Checklist/output/ingestion-samples/9618_s23_qp_12.sample.json",
  "sourceFile": "public/textbook_syllabus/pastpaper/caie-as-a-level-9618/2023 May June/9618_s23_qp_12.pdf",
  "pageCount": 16,
  "questionCount": 7,
  "questions": [
    {
      "questionNumber": "1",
      "pageStart": 2,
      "pageEnd": 5,
      "marks": 11,
      "confidence": {
        "marker": 0.98,
        "boundary": 0.96,
        "text": 0.96,
        "marks": 0.99,
        "layout": 0.92,
        "structure": 0.96,
        "overall": 0.96
      },
      "textPreview": "1 Give benefits of connecting computers to a LAN. (a) two 1 2 [2] Give characteristics of a LAN. (b) two 1 2 [2] One of the company’s offices has one server and four computers connected in a star topology. (c) Draw a diagram to show the layout of the office’s star topology. [2] Computers can be connected using Ethernet. (d) Describe what is meant by . Ethern"
    },
    {
      "questionNumber": "2",
      "pageStart": 5,
      "pageEnd": 8,
      "marks": 17,
      "confidence": {
        "marker": 0.98,
        "boundary": 0.96,
        "text": 0.96,
        "marks": 0.99,
        "layout": 0.92,
        "structure": 0.96,
        "overall": 0.96
      },
      "textPreview": "2 Lessons This database is created and managed using a Database Management System (DBMS). The table contains names and descriptions of DBMS features and tools. (a) Complete the table by writing down the missing names and descriptions. Name Description Data dictionary Query processor A model of a database that is not specific to one DBMS. A software tool that"
    },
    {
      "questionNumber": "3",
      "pageStart": 8,
      "pageEnd": 9,
      "marks": 6,
      "confidence": {
        "marker": 0.98,
        "boundary": 0.96,
        "text": 0.96,
        "marks": 0.99,
        "layout": 0.92,
        "structure": 0.96,
        "overall": 0.96
      },
      "textPreview": "3 The program is converted into machine code by a two‑pass assembler. (a) Draw lines to identify the pass or passes in which each action takes place. one or more Action Pass generates object code first reads the source code one line at a time removes white space second adds labels to the symbol table [3] Assembly language statements can use different modes o"
    },
    {
      "questionNumber": "4",
      "pageStart": 9,
      "pageEnd": 10,
      "marks": 6,
      "confidence": {
        "marker": 0.98,
        "boundary": 0.96,
        "text": 0.96,
        "marks": 0.99,
        "layout": 0.92,
        "structure": 0.96,
        "overall": 0.96
      },
      "textPreview": "4 State the number of unique binary values that can be represented in 16 bits. (a) [1] Give the 8‑bit one’s complement representation of the denary number −120. (b) Show your working. Working Answer [2] Convert the hexadecimal number A04 into denary. (c) Show your working. Working Answer [2] Show the result of a 2‑place left logical shift on the binary numbe"
    },
    {
      "questionNumber": "5",
      "pageStart": 10,
      "pageEnd": 12,
      "marks": 15,
      "confidence": {
        "marker": 0.98,
        "boundary": 0.96,
        "text": 0.96,
        "marks": 0.99,
        "layout": 0.92,
        "structure": 0.96,
        "overall": 0.96
      },
      "textPreview": "5 The laptop is designed using the Von Neumann model for a computer system. (a) Identify types of signal that a control bus can transfer. two 1 2 [2] Describe ways the hardware of a laptop can be upgraded to improve the performance (b) two explain how each upgrade improves the performance. and 1 2 [4] Peripherals are connected to the laptop using ports. (c) "
    },
    {
      "questionNumber": "6",
      "pageStart": 12,
      "pageEnd": 13,
      "marks": 4,
      "confidence": {
        "marker": 0.98,
        "boundary": 0.96,
        "text": 0.96,
        "marks": 0.99,
        "layout": 0.92,
        "structure": 0.35,
        "overall": 0.69
      },
      "textPreview": "6 (a) = ( XOR ) AND (NOT NOR ) Z R S T P R S Z T P [2] Complete the truth table for this logic expression: (b) = (NOT OR ) XOR ( NOR ) Z P Q R Q P Q R Z 0 0 0 0 0 1 0 1 0 0 1 1 1 0 0 1 0 1 [2] A software developer is working in a team writing a program for a client."
    },
    {
      "questionNumber": "7",
      "pageStart": 13,
      "pageEnd": 14,
      "marks": 16,
      "confidence": {
        "marker": 0.98,
        "boundary": 0.88,
        "text": 0.96,
        "marks": 0.99,
        "layout": 0.92,
        "structure": 0.96,
        "overall": 0.95
      },
      "textPreview": "7 The developer is writing a new program library to be used by the other team members. (a) Define the term . (i) program library [2] Explain benefits to the developer of choosing to create a Dynamic Link Library (DLL). (ii) two 1 2 [4] The development team needs to use a translator whilst writing the program for the client. (b) Identify whether an interprete"
    }
  ]
}
[2026-07-14T16:53:24.591Z] parserVersion=0.4.0
[2026-07-14T16:53:24.591Z] documentRole=question_paper
[2026-07-14T16:53:24.591Z] validationProfile=QUESTION_PAPER
[2026-07-14T16:53:24.931Z] stage.exitCode=0
[2026-07-14T16:53:24.931Z] stage.stdout=
> paperlens-fullstack@1.0.0 pdf:stage-sample
> node scripts/stage-paper-sample.js --sample=/Users/amelia/Desktop/Workspace/workspace/Project_01CAIE_CS_Paper_Checklist/output/ingestion-samples/9618_s23_qp_12.sample.json --output=/Users/amelia/Desktop/Workspace/workspace/Project_01CAIE_CS_Paper_Checklist/output/phase2/staging/9618_s23_qp_12.staging.json --approve-golden --human-admin-review --human-reviewer=phase-batch-regression

{
  "outputPath": "/Users/amelia/Desktop/Workspace/workspace/Project_01CAIE_CS_Paper_Checklist/output/phase2/staging/9618_s23_qp_12.staging.json",
  "runId": "9618-2023-MJ-12-QP-RUN-2ce09e20a3bd",
  "status": "READY_TO_PUBLISH",
  "publishStatus": "READY_TO_PUBLISH",
  "canonicalCompleteness": {
    "status": "PASS",
    "publishable": true,
    "stagingPath": "/Users/amelia/Desktop/Workspace/workspace/Project_01CAIE_CS_Paper_Checklist/output/phase2/staging/9618_s23_qp_12.staging.json",
    "documentRole": "question_paper",
    "checks": {
      "questionCoverage": "PASS",
      "leafCoverage": "PASS",
      "markCoverage": "PASS",
      "responseAreaCoverage": "PASS",
      "sourceTraceCoverage": "PASS",
      "canonicalStructureCompleteness": "PASS"
    },
    "summary": {
      "questionCount": 7,
      "leafQuestionCount": 29,
      "markSchemeEntryCount": 0,
      "responseAreaCoverage": {
        "required": 29,
        "present": 29,
        "ratio": 1
      }
    },
    "issues": []
  },
  "p0": 0,
  "p1": 0,
  "p2": 0,
  "issues": []
}
[2026-07-14T16:53:24.934Z] stagingId=9618-2023-MJ-12-QP-RUN-2ce09e20a3bd
[2026-07-14T16:53:24.934Z] validationStatus=PASS
[2026-07-14T16:53:24.934Z] publishStatus=READY_TO_PUBLISH
[2026-07-14T16:53:24.934Z] canonicalCompletenessStatus=PASS
[2026-07-14T16:53:24.934Z] canonicalPublishable=true
[2026-07-14T16:53:24.934Z] issueCounts={"P0":0,"P1":0,"P2":0}
[2026-07-14T16:53:24.934Z] endTime=2026-07-14T16:53:24.934Z
[2026-07-14T16:53:24.934Z] status=PASS
