[2026-07-14T16:53:46.205Z] file=public/textbook_syllabus/pastpaper/caie-as-a-level-9618/2023 May June/9618_s23_qp_31.pdf
[2026-07-14T16:53:46.205Z] startTime=2026-07-14T16:53:46.205Z
[2026-07-14T16:53:46.205Z] expectedRole=question_paper
[2026-07-14T16:53:48.215Z] extract.exitCode=0
[2026-07-14T16:53:48.215Z] extract.stdout=
{
  "outputPath": "/Users/amelia/Desktop/Workspace/workspace/Project_01CAIE_CS_Paper_Checklist/output/ingestion-samples/9618_s23_qp_31.sample.json",
  "sourceFile": "public/textbook_syllabus/pastpaper/caie-as-a-level-9618/2023 May June/9618_s23_qp_31.pdf",
  "pageCount": 12,
  "questionCount": 12,
  "questions": [
    {
      "questionNumber": "1",
      "pageStart": 2,
      "pageEnd": 3,
      "marks": 6,
      "confidence": {
        "marker": 0.98,
        "boundary": 0.96,
        "text": 0.96,
        "marks": 0.99,
        "layout": 0.92,
        "structure": 0.96,
        "overall": 0.96
      },
      "textPreview": "1 uses: System 1 10 bits for the mantissa • 6 bits for the exponent • two’s complement form for both the mantissa and the exponent. • uses: System 2 8 bits for the mantissa • 8 bits for the exponent • two’s complement form for both the mantissa and the exponent. • Calculate the normalised floating-point representation of 113.75 show how it would be (a) and r"
    },
    {
      "questionNumber": "2",
      "pageStart": 3,
      "pageEnd": 4,
      "marks": 6,
      "confidence": {
        "marker": 0.98,
        "boundary": 0.96,
        "text": 0.96,
        "marks": 0.99,
        "layout": 0.92,
        "structure": 0.96,
        "overall": 0.96
      },
      "textPreview": "2 (a) one most appropriate Machine learning category Description simulates the data-processing capabilities of the human brain to make decisions Supervised learning enables learning by mapping an input to an output based on example input– output pairs Reinforcement learning enables information related to errors produced by the neural network to be transmitte"
    },
    {
      "questionNumber": "3",
      "pageStart": 4,
      "pageEnd": 5,
      "marks": 6,
      "confidence": {
        "marker": 0.98,
        "boundary": 0.96,
        "text": 0.96,
        "marks": 0.99,
        "layout": 0.92,
        "structure": 0.96,
        "overall": 0.96
      },
      "textPreview": "3 (a) It calculates hash values by using the function modulus 3. The function modulus gives the remainder after integer division. For example, 1030 modulus 3 = 1. Therefore, the record key 1030 gives a hash value of 1. Complete the table to show the remaining hash values. Record key Hash value 1030 1 1050 1025 [2] Describe what happens, in relation to the st"
    },
    {
      "questionNumber": "4",
      "pageStart": 5,
      "pageEnd": 5,
      "marks": 4,
      "confidence": {
        "marker": 0.98,
        "boundary": 0.96,
        "text": 0.96,
        "marks": 0.99,
        "layout": 0.92,
        "structure": 0.96,
        "overall": 0.96
      },
      "textPreview": "4 Give appropriate type declaration statements for each, including appropriate names. A data type to hold a set of prime numbers below 20. These prime numbers are: (a) 2, 3, 5, 7, 11, 13, 17, 19 [2] A data type to point to a day in the week, for example Monday. (b) [2] State, with a reason, where it would be appropriate to use circuit switching."
    },
    {
      "questionNumber": "5",
      "pageStart": 5,
      "pageEnd": 6,
      "marks": 6,
      "confidence": {
        "marker": 0.98,
        "boundary": 0.96,
        "text": 0.72,
        "marks": 0.99,
        "layout": 0.92,
        "structure": 0.96,
        "overall": 0.92
      },
      "textPreview": "5 (a) [2] Give benefits and drawbacks of circuit switching. (b) two two Benefit 1 Benefit 2 Drawback 1 Drawback 2 [4] Several syntax diagrams are shown."
    },
    {
      "questionNumber": "6",
      "pageStart": 6,
      "pageEnd": 8,
      "marks": 8,
      "confidence": {
        "marker": 0.98,
        "boundary": 0.96,
        "text": 0.96,
        "marks": 0.99,
        "layout": 0.92,
        "structure": 0.96,
        "overall": 0.96
      },
      "textPreview": "6 operator digit + 0 – 1 * 2 / 3 symbol 4 $ 5 % 6 & 7 @ 8 # letter 9 A D P R Y password letter digit symbol State whether each of the following passwords is valid or invalid and give a reason for your (a) choice. DPAD99$ Reason DAD#95 Reason ADY123? Reason [3] Complete the Backus-Naur Form (BNF) for the syntax diagrams shown. (b) <symbol> ::= <letter> ::= [1"
    },
    {
      "questionNumber": "7",
      "pageStart": 8,
      "pageEnd": 9,
      "marks": 7,
      "confidence": {
        "marker": 0.98,
        "boundary": 0.96,
        "text": 0.96,
        "marks": 0.99,
        "layout": 0.92,
        "structure": 0.35,
        "overall": 0.69
      },
      "textPreview": "7 (a) Z = A.B.C.D + A.B.C.D + A.B.C.D + A.B.C.D + A.B.C.D + A.B.C.D AB 00 01 11 10 CD 00 01 11 10 [2] Draw loop(s) around appropriate group(s) in the K-map to produce an optimal (b) sum-of-products. [2] Write the Boolean logic expression from your answer to as a simplified (c) part (b) sum-of-products. Z = [2] Use Boolean algebra to give your answer to in it"
    },
    {
      "questionNumber": "8",
      "pageStart": 9,
      "pageEnd": 9,
      "marks": 3,
      "confidence": {
        "marker": 0.98,
        "boundary": 0.96,
        "text": 0.72,
        "marks": 0.99,
        "layout": 0.92,
        "structure": 0.96,
        "overall": 0.92
      },
      "textPreview": "8 [3] Encryption is used to alter data into a form that makes it meaningless if intercepted."
    },
    {
      "questionNumber": "9",
      "pageStart": 9,
      "pageEnd": 10,
      "marks": 6,
      "confidence": {
        "marker": 0.98,
        "boundary": 0.96,
        "text": 0.96,
        "marks": 0.99,
        "layout": 0.92,
        "structure": 0.96,
        "overall": 0.96
      },
      "textPreview": "9 (a) Describe the purpose of asymmetric key cryptography. [2] Identify benefits and drawbacks of quantum cryptography. (b) two two Benefit 1 Benefit 2 Drawback 1 Drawback 2 [4] The pseudocode algorithm shown copies an active accounts text file to an"
    },
    {
      "questionNumber": "10",
      "pageStart": 10,
      "pageEnd": 10,
      "marks": 5,
      "confidence": {
        "marker": 0.98,
        "boundary": 0.96,
        "text": 0.96,
        "marks": 0.99,
        "layout": 0.92,
        "structure": 0.35,
        "overall": 0.69
      },
      "textPreview": "10 ActiveFile.txt archive accounts text file one line at a time. Any blank lines found in the ArchiveFile.txt active accounts text file are replaced with the words in the archive \"Account not present\" accounts text file. Complete this file-handling pseudocode. DECLARE Account : STRING OPENFILE \"ArchiveFile.txt\" FOR WRITE WHILE NOT READFILE \"ActiveFile.txt\", "
    },
    {
      "questionNumber": "11",
      "pageStart": 10,
      "pageEnd": 11,
      "marks": 11,
      "confidence": {
        "marker": 0.98,
        "boundary": 0.96,
        "text": 0.96,
        "marks": 0.99,
        "layout": 0.92,
        "structure": 0.96,
        "overall": 0.96
      },
      "textPreview": "11 string data type. This will be implemented using the information in the table. Identifier Data type Description points to the start of the queue FrontPointer INTEGER points to the end of the queue RearPointer INTEGER the current size of the queue Length INTEGER 1D array to implement the queue Queue STRING A constant, with identifier limits the size of the"
    },
    {
      "questionNumber": "12",
      "pageStart": 11,
      "pageEnd": 12,
      "marks": 7,
      "confidence": {
        "marker": 0.98,
        "boundary": 0.88,
        "text": 0.96,
        "marks": 0.99,
        "layout": 0.92,
        "structure": 0.35,
        "overall": 0.69
      },
      "textPreview": "12 (a) [2] A Fibonacci sequence is a series of numbers formed by adding together the two preceding (b) numbers, for example: 0, 1, 1, 2, … This function calculates and returns values in the Fibonacci sequence and uses recursion. FUNCTION Fib(Number : INTEGER) RETURNS INTEGER IF Number <= 1 THEN Result ← Number ELSE Result ← Fib(Number – 1) + Fib(Number – 2) "
    }
  ]
}
[2026-07-14T16:53:48.217Z] parserVersion=0.4.0
[2026-07-14T16:53:48.217Z] documentRole=question_paper
[2026-07-14T16:53:48.217Z] validationProfile=QUESTION_PAPER
[2026-07-14T16:53:48.548Z] stage.exitCode=0
[2026-07-14T16:53:48.548Z] stage.stdout=
> paperlens-fullstack@1.0.0 pdf:stage-sample
> node scripts/stage-paper-sample.js --sample=/Users/amelia/Desktop/Workspace/workspace/Project_01CAIE_CS_Paper_Checklist/output/ingestion-samples/9618_s23_qp_31.sample.json --output=/Users/amelia/Desktop/Workspace/workspace/Project_01CAIE_CS_Paper_Checklist/output/phase2/staging/9618_s23_qp_31.staging.json --approve-golden --human-admin-review --human-reviewer=phase-batch-regression

{
  "outputPath": "/Users/amelia/Desktop/Workspace/workspace/Project_01CAIE_CS_Paper_Checklist/output/phase2/staging/9618_s23_qp_31.staging.json",
  "runId": "9618-2023-MJ-31-QP-RUN-bf8defaaaca6",
  "status": "READY_TO_PUBLISH",
  "publishStatus": "READY_TO_PUBLISH",
  "canonicalCompleteness": {
    "status": "PASS",
    "publishable": true,
    "stagingPath": "/Users/amelia/Desktop/Workspace/workspace/Project_01CAIE_CS_Paper_Checklist/output/phase2/staging/9618_s23_qp_31.staging.json",
    "documentRole": "question_paper",
    "checks": {
      "questionCoverage": "PASS",
      "leafCoverage": "PASS",
      "markCoverage": "PASS",
      "responseAreaCoverage": "PASS",
      "sourceTraceCoverage": "PASS",
      "canonicalStructureCompleteness": "PASS"
    },
    "summary": {
      "questionCount": 12,
      "leafQuestionCount": 26,
      "markSchemeEntryCount": 0,
      "responseAreaCoverage": {
        "required": 24,
        "present": 24,
        "ratio": 1
      }
    },
    "issues": [
      {
        "severity": "P3",
        "code": "CANONICAL_MARK_COVERAGE_INCOMPLETE",
        "check": "markCoverage",
        "message": "Leaf mark is absent under an existing staging rule that permits null marks.",
        "questionId": "9618-2023-MJ-31-Q1-B",
        "pageNumber": null
      },
      {
        "severity": "P3",
        "code": "CANONICAL_MARK_COVERAGE_INCOMPLETE",
        "check": "markCoverage",
        "message": "Leaf mark is absent under an existing staging rule that permits null marks.",
        "questionId": "9618-2023-MJ-31-Q7-D",
        "pageNumber": null
      }
    ]
  },
  "p0": 0,
  "p1": 0,
  "p2": 0,
  "issues": []
}
[2026-07-14T16:53:48.551Z] stagingId=9618-2023-MJ-31-QP-RUN-bf8defaaaca6
[2026-07-14T16:53:48.551Z] validationStatus=PASS
[2026-07-14T16:53:48.551Z] publishStatus=READY_TO_PUBLISH
[2026-07-14T16:53:48.551Z] canonicalCompletenessStatus=PASS
[2026-07-14T16:53:48.551Z] canonicalPublishable=true
[2026-07-14T16:53:48.551Z] issueCounts={"P0":0,"P1":0,"P2":0}
[2026-07-14T16:53:48.551Z] endTime=2026-07-14T16:53:48.551Z
[2026-07-14T16:53:48.551Z] status=PASS
