[2026-07-14T16:54:07.106Z] file=public/textbook_syllabus/pastpaper/caie-as-a-level-9618/2023 May June/9618_s23_qp_42.pdf
[2026-07-14T16:54:07.106Z] startTime=2026-07-14T16:54:07.106Z
[2026-07-14T16:54:07.106Z] expectedRole=question_paper
[2026-07-14T16:54:08.853Z] extract.exitCode=0
[2026-07-14T16:54:08.853Z] extract.stdout=
{
  "outputPath": "/Users/amelia/Desktop/Workspace/workspace/Project_01CAIE_CS_Paper_Checklist/output/ingestion-samples/9618_s23_qp_42.sample.json",
  "sourceFile": "public/textbook_syllabus/pastpaper/caie-as-a-level-9618/2023 May June/9618_s23_qp_42.pdf",
  "pageCount": 12,
  "questionCount": 3,
  "questions": [
    {
      "questionNumber": "1",
      "pageStart": 2,
      "pageEnd": 5,
      "marks": 14,
      "confidence": {
        "marker": 0.98,
        "boundary": 0.96,
        "text": 0.96,
        "marks": 0.99,
        "layout": 0.92,
        "structure": 0.96,
        "overall": 0.96
      },
      "textPreview": "1 Write program code to declare the global string array to store 10 items. (a) Animals Save your program as . Question1_J2023 Copy and paste the program code into in the evidence document. part 1(a) [2] The main program needs to store the following animals in the array: (b) horse lion rabbit mouse bird deer whale elephant kangaroo tiger Write program code to"
    },
    {
      "questionNumber": "2",
      "pageStart": 5,
      "pageEnd": 8,
      "marks": 28,
      "confidence": {
        "marker": 0.98,
        "boundary": 0.96,
        "text": 0.96,
        "marks": 0.99,
        "layout": 0.92,
        "structure": 0.96,
        "overall": 0.96
      },
      "textPreview": "2 Each sale has an ID and a quantity, for example \"ABC\" and 2 The business needs a program to store the data about the sales in a circular queue data structure. Write program code to declare a record structure, to store the data about each (a) SaleData sale. Save your program as . Question2_J2023 Copy and paste the program code into in the evidence document."
    },
    {
      "questionNumber": "3",
      "pageStart": 8,
      "pageEnd": 12,
      "marks": 33,
      "confidence": {
        "marker": 0.98,
        "boundary": 0.88,
        "text": 0.96,
        "marks": 0.99,
        "layout": 0.92,
        "structure": 0.96,
        "overall": 0.95
      },
      "textPreview": "3 Part of the program is being written using object‑oriented programming. The class stores data about the employees. Each employee has an employee number, Employee a job title and hourly pay rate. The class will also store the amount they are paid each week over a 52‑week year in a 1D array. Employee stores the amount each employee gets paid each HourlyPay :"
    }
  ]
}
[2026-07-14T16:54:08.856Z] parserVersion=0.4.0
[2026-07-14T16:54:08.856Z] documentRole=question_paper
[2026-07-14T16:54:08.856Z] validationProfile=QUESTION_PAPER
[2026-07-14T16:54:09.209Z] stage.exitCode=0
[2026-07-14T16:54:09.209Z] stage.stdout=
> paperlens-fullstack@1.0.0 pdf:stage-sample
> node scripts/stage-paper-sample.js --sample=/Users/amelia/Desktop/Workspace/workspace/Project_01CAIE_CS_Paper_Checklist/output/ingestion-samples/9618_s23_qp_42.sample.json --output=/Users/amelia/Desktop/Workspace/workspace/Project_01CAIE_CS_Paper_Checklist/output/phase2/staging/9618_s23_qp_42.staging.json --approve-golden --human-admin-review --human-reviewer=phase-batch-regression

{
  "outputPath": "/Users/amelia/Desktop/Workspace/workspace/Project_01CAIE_CS_Paper_Checklist/output/phase2/staging/9618_s23_qp_42.staging.json",
  "runId": "9618-2023-MJ-42-QP-RUN-171cd998f187",
  "status": "READY_TO_PUBLISH",
  "publishStatus": "READY_TO_PUBLISH",
  "canonicalCompleteness": {
    "status": "PASS",
    "publishable": true,
    "stagingPath": "/Users/amelia/Desktop/Workspace/workspace/Project_01CAIE_CS_Paper_Checklist/output/phase2/staging/9618_s23_qp_42.staging.json",
    "documentRole": "question_paper",
    "checks": {
      "questionCoverage": "PASS",
      "leafCoverage": "PASS",
      "markCoverage": "PASS",
      "responseAreaCoverage": "PASS",
      "sourceTraceCoverage": "PASS",
      "canonicalStructureCompleteness": "PASS"
    },
    "summary": {
      "questionCount": 3,
      "leafQuestionCount": 22,
      "markSchemeEntryCount": 0,
      "responseAreaCoverage": {
        "required": 22,
        "present": 22,
        "ratio": 1
      }
    },
    "issues": []
  },
  "p0": 0,
  "p1": 0,
  "p2": 0,
  "issues": []
}
[2026-07-14T16:54:09.211Z] stagingId=9618-2023-MJ-42-QP-RUN-171cd998f187
[2026-07-14T16:54:09.211Z] validationStatus=PASS
[2026-07-14T16:54:09.211Z] publishStatus=READY_TO_PUBLISH
[2026-07-14T16:54:09.211Z] canonicalCompletenessStatus=PASS
[2026-07-14T16:54:09.211Z] canonicalPublishable=true
[2026-07-14T16:54:09.211Z] issueCounts={"P0":0,"P1":0,"P2":0}
[2026-07-14T16:54:09.211Z] endTime=2026-07-14T16:54:09.211Z
[2026-07-14T16:54:09.211Z] status=PASS
