[2026-07-14T16:53:48.552Z] file=public/textbook_syllabus/pastpaper/caie-as-a-level-9618/2023 May June/9618_s23_ms_31.pdf
[2026-07-14T16:53:48.552Z] startTime=2026-07-14T16:53:48.552Z
[2026-07-14T16:53:48.552Z] expectedRole=mark_scheme
[2026-07-14T16:53:50.123Z] extract.exitCode=0
[2026-07-14T16:53:50.124Z] extract.stdout=
{
  "outputPath": "/Users/amelia/Desktop/Workspace/workspace/Project_01CAIE_CS_Paper_Checklist/output/ingestion-samples/9618_s23_ms_31.sample.json",
  "sourceFile": "public/textbook_syllabus/pastpaper/caie-as-a-level-9618/2023 May June/9618_s23_ms_31.pdf",
  "pageCount": 10,
  "questionCount": 0,
  "questions": []
}
[2026-07-14T16:53:50.125Z] parserVersion=0.4.0
[2026-07-14T16:53:50.125Z] documentRole=mark_scheme
[2026-07-14T16:53:50.125Z] validationProfile=MARK_SCHEME
[2026-07-14T16:53:50.491Z] stage.exitCode=0
[2026-07-14T16:53:50.491Z] stage.stdout=
> paperlens-fullstack@1.0.0 pdf:stage-sample
> node scripts/stage-paper-sample.js --sample=/Users/amelia/Desktop/Workspace/workspace/Project_01CAIE_CS_Paper_Checklist/output/ingestion-samples/9618_s23_ms_31.sample.json --output=/Users/amelia/Desktop/Workspace/workspace/Project_01CAIE_CS_Paper_Checklist/output/phase2/staging/9618_s23_ms_31.staging.json --approve-golden --human-admin-review --human-reviewer=phase-batch-regression

{
  "outputPath": "/Users/amelia/Desktop/Workspace/workspace/Project_01CAIE_CS_Paper_Checklist/output/phase2/staging/9618_s23_ms_31.staging.json",
  "runId": "9618-2023-MJ-31-MS-RUN-e94c59125986",
  "status": "READY_TO_PUBLISH",
  "publishStatus": "READY_TO_PUBLISH",
  "canonicalCompleteness": {
    "status": "PASS",
    "publishable": true,
    "stagingPath": "/Users/amelia/Desktop/Workspace/workspace/Project_01CAIE_CS_Paper_Checklist/output/phase2/staging/9618_s23_ms_31.staging.json",
    "documentRole": "mark_scheme",
    "checks": {
      "questionCoverage": "PASS",
      "leafCoverage": "PASS",
      "markCoverage": "PASS",
      "responseAreaCoverage": "PASS",
      "sourceTraceCoverage": "PASS",
      "canonicalStructureCompleteness": "PASS"
    },
    "summary": {
      "questionCount": 0,
      "leafQuestionCount": 0,
      "markSchemeEntryCount": 26,
      "responseAreaCoverage": {
        "required": 0,
        "present": 0,
        "ratio": 1
      }
    },
    "issues": []
  },
  "p0": 0,
  "p1": 0,
  "p2": 0,
  "issues": []
}
[2026-07-14T16:53:50.493Z] stagingId=9618-2023-MJ-31-MS-RUN-e94c59125986
[2026-07-14T16:53:50.493Z] validationStatus=PASS
[2026-07-14T16:53:50.493Z] publishStatus=READY_TO_PUBLISH
[2026-07-14T16:53:50.493Z] canonicalCompletenessStatus=PASS
[2026-07-14T16:53:50.493Z] canonicalPublishable=true
[2026-07-14T16:53:50.493Z] issueCounts={"P0":0,"P1":0,"P2":0}
[2026-07-14T16:53:50.493Z] endTime=2026-07-14T16:53:50.493Z
[2026-07-14T16:53:50.493Z] status=PASS
