[2026-07-14T16:53:29.354Z] file=public/textbook_syllabus/pastpaper/caie-as-a-level-9618/2023 May June/9618_s23_ms_13.pdf
[2026-07-14T16:53:29.354Z] startTime=2026-07-14T16:53:29.354Z
[2026-07-14T16:53:29.354Z] expectedRole=mark_scheme
[2026-07-14T16:53:30.937Z] extract.exitCode=0
[2026-07-14T16:53:30.937Z] extract.stdout=
{
  "outputPath": "/Users/amelia/Desktop/Workspace/workspace/Project_01CAIE_CS_Paper_Checklist/output/ingestion-samples/9618_s23_ms_13.sample.json",
  "sourceFile": "public/textbook_syllabus/pastpaper/caie-as-a-level-9618/2023 May June/9618_s23_ms_13.pdf",
  "pageCount": 11,
  "questionCount": 0,
  "questions": []
}
[2026-07-14T16:53:30.939Z] parserVersion=0.4.0
[2026-07-14T16:53:30.939Z] documentRole=mark_scheme
[2026-07-14T16:53:30.939Z] validationProfile=MARK_SCHEME
[2026-07-14T16:53:31.250Z] stage.exitCode=0
[2026-07-14T16:53:31.250Z] stage.stdout=
> paperlens-fullstack@1.0.0 pdf:stage-sample
> node scripts/stage-paper-sample.js --sample=/Users/amelia/Desktop/Workspace/workspace/Project_01CAIE_CS_Paper_Checklist/output/ingestion-samples/9618_s23_ms_13.sample.json --output=/Users/amelia/Desktop/Workspace/workspace/Project_01CAIE_CS_Paper_Checklist/output/phase2/staging/9618_s23_ms_13.staging.json --approve-golden --human-admin-review --human-reviewer=phase-batch-regression

{
  "outputPath": "/Users/amelia/Desktop/Workspace/workspace/Project_01CAIE_CS_Paper_Checklist/output/phase2/staging/9618_s23_ms_13.staging.json",
  "runId": "9618-2023-MJ-13-MS-RUN-e42d1cc9bdc1",
  "status": "READY_TO_PUBLISH",
  "publishStatus": "READY_TO_PUBLISH",
  "canonicalCompleteness": {
    "status": "PASS",
    "publishable": true,
    "stagingPath": "/Users/amelia/Desktop/Workspace/workspace/Project_01CAIE_CS_Paper_Checklist/output/phase2/staging/9618_s23_ms_13.staging.json",
    "documentRole": "mark_scheme",
    "checks": {
      "questionCoverage": "PASS",
      "leafCoverage": "PASS",
      "markCoverage": "PASS",
      "responseAreaCoverage": "PASS",
      "sourceTraceCoverage": "PASS",
      "canonicalStructureCompleteness": "PASS"
    },
    "summary": {
      "questionCount": 0,
      "leafQuestionCount": 0,
      "markSchemeEntryCount": 26,
      "responseAreaCoverage": {
        "required": 0,
        "present": 0,
        "ratio": 1
      }
    },
    "issues": []
  },
  "p0": 0,
  "p1": 0,
  "p2": 0,
  "issues": []
}
[2026-07-14T16:53:31.252Z] stagingId=9618-2023-MJ-13-MS-RUN-e42d1cc9bdc1
[2026-07-14T16:53:31.252Z] validationStatus=PASS
[2026-07-14T16:53:31.252Z] publishStatus=READY_TO_PUBLISH
[2026-07-14T16:53:31.252Z] canonicalCompletenessStatus=PASS
[2026-07-14T16:53:31.252Z] canonicalPublishable=true
[2026-07-14T16:53:31.252Z] issueCounts={"P0":0,"P1":0,"P2":0}
[2026-07-14T16:53:31.252Z] endTime=2026-07-14T16:53:31.252Z
[2026-07-14T16:53:31.252Z] status=PASS
