[2026-07-14T16:54:09.212Z] file=public/textbook_syllabus/pastpaper/caie-as-a-level-9618/2023 May June/9618_s23_ms_42.pdf
[2026-07-14T16:54:09.212Z] startTime=2026-07-14T16:54:09.212Z
[2026-07-14T16:54:09.212Z] expectedRole=mark_scheme
[2026-07-14T16:54:13.832Z] extract.exitCode=0
[2026-07-14T16:54:13.832Z] extract.stdout=
{
  "outputPath": "/Users/amelia/Desktop/Workspace/workspace/Project_01CAIE_CS_Paper_Checklist/output/ingestion-samples/9618_s23_ms_42.sample.json",
  "sourceFile": "public/textbook_syllabus/pastpaper/caie-as-a-level-9618/2023 May June/9618_s23_ms_42.pdf",
  "pageCount": 37,
  "questionCount": 0,
  "questions": []
}
[2026-07-14T16:54:13.836Z] parserVersion=0.4.0
[2026-07-14T16:54:13.836Z] documentRole=mark_scheme
[2026-07-14T16:54:13.836Z] validationProfile=MARK_SCHEME
[2026-07-14T16:54:14.265Z] stage.exitCode=0
[2026-07-14T16:54:14.265Z] stage.stdout=
> paperlens-fullstack@1.0.0 pdf:stage-sample
> node scripts/stage-paper-sample.js --sample=/Users/amelia/Desktop/Workspace/workspace/Project_01CAIE_CS_Paper_Checklist/output/ingestion-samples/9618_s23_ms_42.sample.json --output=/Users/amelia/Desktop/Workspace/workspace/Project_01CAIE_CS_Paper_Checklist/output/phase2/staging/9618_s23_ms_42.staging.json --approve-golden --human-admin-review --human-reviewer=phase-batch-regression

{
  "outputPath": "/Users/amelia/Desktop/Workspace/workspace/Project_01CAIE_CS_Paper_Checklist/output/phase2/staging/9618_s23_ms_42.staging.json",
  "runId": "9618-2023-MJ-42-MS-RUN-f398e772f129",
  "status": "READY_TO_PUBLISH",
  "publishStatus": "READY_TO_PUBLISH",
  "canonicalCompleteness": {
    "status": "PASS",
    "publishable": true,
    "stagingPath": "/Users/amelia/Desktop/Workspace/workspace/Project_01CAIE_CS_Paper_Checklist/output/phase2/staging/9618_s23_ms_42.staging.json",
    "documentRole": "mark_scheme",
    "checks": {
      "questionCoverage": "PASS",
      "leafCoverage": "PASS",
      "markCoverage": "PASS",
      "responseAreaCoverage": "PASS",
      "sourceTraceCoverage": "PASS",
      "canonicalStructureCompleteness": "PASS"
    },
    "summary": {
      "questionCount": 0,
      "leafQuestionCount": 0,
      "markSchemeEntryCount": 23,
      "responseAreaCoverage": {
        "required": 0,
        "present": 0,
        "ratio": 1
      }
    },
    "issues": []
  },
  "p0": 0,
  "p1": 0,
  "p2": 0,
  "issues": []
}
[2026-07-14T16:54:14.268Z] stagingId=9618-2023-MJ-42-MS-RUN-f398e772f129
[2026-07-14T16:54:14.268Z] validationStatus=PASS
[2026-07-14T16:54:14.268Z] publishStatus=READY_TO_PUBLISH
[2026-07-14T16:54:14.268Z] canonicalCompletenessStatus=PASS
[2026-07-14T16:54:14.268Z] canonicalPublishable=true
[2026-07-14T16:54:14.268Z] issueCounts={"P0":0,"P1":0,"P2":0}
[2026-07-14T16:54:14.268Z] endTime=2026-07-14T16:54:14.268Z
[2026-07-14T16:54:14.268Z] status=PASS
