[2026-07-14T16:53:26.857Z] file=public/textbook_syllabus/pastpaper/caie-as-a-level-9618/2023 May June/9618_s23_qp_13.pdf
[2026-07-14T16:53:26.857Z] startTime=2026-07-14T16:53:26.856Z
[2026-07-14T16:53:26.857Z] expectedRole=question_paper
[2026-07-14T16:53:29.034Z] extract.exitCode=0
[2026-07-14T16:53:29.034Z] extract.stdout=
{
  "outputPath": "/Users/amelia/Desktop/Workspace/workspace/Project_01CAIE_CS_Paper_Checklist/output/ingestion-samples/9618_s23_qp_13.sample.json",
  "sourceFile": "public/textbook_syllabus/pastpaper/caie-as-a-level-9618/2023 May June/9618_s23_qp_13.pdf",
  "pageCount": 16,
  "questionCount": 7,
  "questions": [
    {
      "questionNumber": "1",
      "pageStart": 2,
      "pageEnd": 3,
      "marks": 3,
      "confidence": {
        "marker": 0.98,
        "boundary": 0.96,
        "text": 0.96,
        "marks": 0.99,
        "layout": 0.92,
        "structure": 0.35,
        "overall": 0.69
      },
      "textPreview": "1 (a) A B C X 0 0 0 1 0 0 1 1 0 1 0 0 0 1 1 0 1 0 0 1 1 0 1 1 1 1 0 0 1 1 1 0 [1] Complete the truth table for this logic circuit: (b) A X B C A B C X 0 0 0 0 0 1 0 1 0 0 1 1 1 0 0 [2] A university has two sites. Each site has several computer rooms. The computers are all connected"
    },
    {
      "questionNumber": "2",
      "pageStart": 3,
      "pageEnd": 5,
      "marks": 15,
      "confidence": {
        "marker": 0.98,
        "boundary": 0.96,
        "text": 0.96,
        "marks": 0.99,
        "layout": 0.92,
        "structure": 0.96,
        "overall": 0.96
      },
      "textPreview": "2 as a WAN (wide area network). Identify differences between a WAN and a LAN (local area network). (a) two 1 2 [2] The network uses different topologies in different areas of the sites. In one building there are (b) five computers connected in a mesh topology. Describe what is meant by a mesh topology. (i) [2] Give advantages of using a mesh topology instead"
    },
    {
      "questionNumber": "3",
      "pageStart": 5,
      "pageEnd": 7,
      "marks": 15,
      "confidence": {
        "marker": 0.98,
        "boundary": 0.96,
        "text": 0.96,
        "marks": 0.99,
        "layout": 0.92,
        "structure": 0.96,
        "overall": 0.96
      },
      "textPreview": "3 The mobile telephone has a touchscreen. There are different types of touchscreen. (a) Complete the description of the principal operation of touchscreens. A touchscreen has two layers. When the user touches the screen, the layers touch and a is completed. A touchscreen has several layers. When the top layer is touched, there is a in the electric current. A"
    },
    {
      "questionNumber": "4",
      "pageStart": 7,
      "pageEnd": 10,
      "marks": 17,
      "confidence": {
        "marker": 0.98,
        "boundary": 0.96,
        "text": 0.96,
        "marks": 0.99,
        "layout": 0.92,
        "structure": 0.96,
        "overall": 0.96
      },
      "textPreview": "4 the rentals. Describe ways in which a relational database addresses the limitations of a file-based (a) two approach. 1 2 [4] Complete the table by writing the missing term or description for each database feature. (b) Term Description An object that data is stored about. Tuple Secondary key A field in one table that is linked to a primary key in another t"
    },
    {
      "questionNumber": "5",
      "pageStart": 10,
      "pageEnd": 11,
      "marks": 9,
      "confidence": {
        "marker": 0.98,
        "boundary": 0.96,
        "text": 0.96,
        "marks": 0.99,
        "layout": 0.92,
        "structure": 0.96,
        "overall": 0.96
      },
      "textPreview": "5 The programmer uses both an interpreter and a compiler at different stages of the development (a) of the program. Explain the reasons why the programmer uses an interpreter while writing the program (i) code. [2] Explain the reasons why the programmer uses a compiler when the program has been (ii) written. [3] The programmer needs to publish the game under"
    },
    {
      "questionNumber": "6",
      "pageStart": 11,
      "pageEnd": 12,
      "marks": 7,
      "confidence": {
        "marker": 0.98,
        "boundary": 0.96,
        "text": 0.96,
        "marks": 0.99,
        "layout": 0.92,
        "structure": 0.96,
        "overall": 0.96
      },
      "textPreview": "6 Explain how a digital signature is used to authenticate a digital document during transmission (a) over a network. [5] Complete the table by identifying describing types of software that can be installed (b) and two on a computer to prevent threats over a network. Type of software Description ……………………….. ……………………….. ……………………….. ……………………….. [2] A computer s"
    },
    {
      "questionNumber": "7",
      "pageStart": 12,
      "pageEnd": 13,
      "marks": 9,
      "confidence": {
        "marker": 0.98,
        "boundary": 0.88,
        "text": 0.96,
        "marks": 0.99,
        "layout": 0.92,
        "structure": 0.96,
        "overall": 0.95
      },
      "textPreview": "7 Draw line from each description to its matching denary value. (a) one Description Denary value − 127 127 The smallest integer that can be represented in 8-bit two’s complement. − 255 − 128 The largest integer that can be represented in 8-bit two’s complement. − 256 256 The largest unsigned integer that can be represented in 8 bits. 128 255 [3] The computer"
    }
  ]
}
[2026-07-14T16:53:29.036Z] parserVersion=0.4.0
[2026-07-14T16:53:29.036Z] documentRole=question_paper
[2026-07-14T16:53:29.036Z] validationProfile=QUESTION_PAPER
[2026-07-14T16:53:29.351Z] stage.exitCode=0
[2026-07-14T16:53:29.351Z] stage.stdout=
> paperlens-fullstack@1.0.0 pdf:stage-sample
> node scripts/stage-paper-sample.js --sample=/Users/amelia/Desktop/Workspace/workspace/Project_01CAIE_CS_Paper_Checklist/output/ingestion-samples/9618_s23_qp_13.sample.json --output=/Users/amelia/Desktop/Workspace/workspace/Project_01CAIE_CS_Paper_Checklist/output/phase2/staging/9618_s23_qp_13.staging.json --approve-golden --human-admin-review --human-reviewer=phase-batch-regression

{
  "outputPath": "/Users/amelia/Desktop/Workspace/workspace/Project_01CAIE_CS_Paper_Checklist/output/phase2/staging/9618_s23_qp_13.staging.json",
  "runId": "9618-2023-MJ-13-QP-RUN-b53ac2c6e575",
  "status": "READY_TO_PUBLISH",
  "publishStatus": "READY_TO_PUBLISH",
  "canonicalCompleteness": {
    "status": "PASS",
    "publishable": true,
    "stagingPath": "/Users/amelia/Desktop/Workspace/workspace/Project_01CAIE_CS_Paper_Checklist/output/phase2/staging/9618_s23_qp_13.staging.json",
    "documentRole": "question_paper",
    "checks": {
      "questionCoverage": "PASS",
      "leafCoverage": "PASS",
      "markCoverage": "PASS",
      "responseAreaCoverage": "PASS",
      "sourceTraceCoverage": "PASS",
      "canonicalStructureCompleteness": "PASS"
    },
    "summary": {
      "questionCount": 7,
      "leafQuestionCount": 26,
      "markSchemeEntryCount": 0,
      "responseAreaCoverage": {
        "required": 26,
        "present": 26,
        "ratio": 1
      }
    },
    "issues": []
  },
  "p0": 0,
  "p1": 0,
  "p2": 0,
  "issues": []
}
[2026-07-14T16:53:29.353Z] stagingId=9618-2023-MJ-13-QP-RUN-b53ac2c6e575
[2026-07-14T16:53:29.353Z] validationStatus=PASS
[2026-07-14T16:53:29.353Z] publishStatus=READY_TO_PUBLISH
[2026-07-14T16:53:29.353Z] canonicalCompletenessStatus=PASS
[2026-07-14T16:53:29.353Z] canonicalPublishable=true
[2026-07-14T16:53:29.353Z] issueCounts={"P0":0,"P1":0,"P2":0}
[2026-07-14T16:53:29.353Z] endTime=2026-07-14T16:53:29.353Z
[2026-07-14T16:53:29.353Z] status=PASS
