[2026-07-15T03:52:55.624Z] file=public/textbook_syllabus/pastpaper/caie-igcse-0478/2022-Oct-Nov/0478_w22_ms_11.pdf
[2026-07-15T03:52:55.624Z] startTime=2026-07-15T03:52:55.624Z
[2026-07-15T03:52:55.624Z] expectedRole=mark_scheme
[2026-07-15T03:52:57.086Z] extract.exitCode=0
[2026-07-15T03:52:57.086Z] extract.stdout=
{
  "outputPath": "/Users/amelia/Desktop/Workspace/workspace/Project_01CAIE_CS_Paper_Checklist/output/ingestion-samples/0478_w22_ms_11.sample.json",
  "sourceFile": "public/textbook_syllabus/pastpaper/caie-igcse-0478/2022-Oct-Nov/0478_w22_ms_11.pdf",
  "pageCount": 15,
  "questionCount": 0,
  "questions": []
}
[2026-07-15T03:52:57.088Z] parserVersion=0.4.0
[2026-07-15T03:52:57.088Z] documentRole=mark_scheme
[2026-07-15T03:52:57.088Z] validationProfile=MARK_SCHEME
[2026-07-15T03:52:57.364Z] stage.exitCode=0
[2026-07-15T03:52:57.364Z] stage.stdout=
> paperlens-fullstack@1.0.0 pdf:stage-sample
> node scripts/stage-paper-sample.js --sample=/Users/amelia/Desktop/Workspace/workspace/Project_01CAIE_CS_Paper_Checklist/output/ingestion-samples/0478_w22_ms_11.sample.json --output=/Users/amelia/Desktop/Workspace/workspace/Project_01CAIE_CS_Paper_Checklist/output/phase2/staging/0478_w22_ms_11.staging.json --approve-golden --human-admin-review --human-reviewer=phase-batch-regression

{
  "outputPath": "/Users/amelia/Desktop/Workspace/workspace/Project_01CAIE_CS_Paper_Checklist/output/phase2/staging/0478_w22_ms_11.staging.json",
  "runId": "0478-2022-ON-11-MS-RUN-cd9ddd51e1b9",
  "status": "READY_TO_PUBLISH",
  "publishStatus": "READY_TO_PUBLISH",
  "canonicalCompleteness": {
    "status": "PASS",
    "publishable": true,
    "stagingPath": "/Users/amelia/Desktop/Workspace/workspace/Project_01CAIE_CS_Paper_Checklist/output/phase2/staging/0478_w22_ms_11.staging.json",
    "documentRole": "mark_scheme",
    "checks": {
      "questionCoverage": "PASS",
      "leafCoverage": "PASS",
      "markCoverage": "PASS",
      "responseAreaCoverage": "PASS",
      "sourceTraceCoverage": "PASS",
      "canonicalStructureCompleteness": "PASS"
    },
    "summary": {
      "questionCount": 0,
      "leafQuestionCount": 0,
      "markSchemeEntryCount": 28,
      "responseAreaCoverage": {
        "required": 0,
        "present": 0,
        "ratio": 1
      }
    },
    "issues": []
  },
  "p0": 0,
  "p1": 0,
  "p2": 0,
  "issues": []
}
[2026-07-15T03:52:57.366Z] stagingId=0478-2022-ON-11-MS-RUN-cd9ddd51e1b9
[2026-07-15T03:52:57.366Z] validationStatus=PASS
[2026-07-15T03:52:57.366Z] publishStatus=READY_TO_PUBLISH
[2026-07-15T03:52:57.366Z] canonicalCompletenessStatus=PASS
[2026-07-15T03:52:57.366Z] canonicalPublishable=true
[2026-07-15T03:52:57.366Z] issueCounts={"P0":0,"P1":0,"P2":0}
[2026-07-15T03:52:57.366Z] endTime=2026-07-15T03:52:57.366Z
[2026-07-15T03:52:57.366Z] status=PASS
