[2026-07-15T03:52:42.907Z] file=public/textbook_syllabus/pastpaper/caie-igcse-0478/2021-Oct-Nov/0478_w21_ms_22.pdf
[2026-07-15T03:52:42.907Z] startTime=2026-07-15T03:52:42.907Z
[2026-07-15T03:52:42.907Z] expectedRole=mark_scheme
[2026-07-15T03:52:44.316Z] extract.exitCode=0
[2026-07-15T03:52:44.316Z] extract.stdout=
{
  "outputPath": "/Users/amelia/Desktop/Workspace/workspace/Project_01CAIE_CS_Paper_Checklist/output/ingestion-samples/0478_w21_ms_22.sample.json",
  "sourceFile": "public/textbook_syllabus/pastpaper/caie-igcse-0478/2021-Oct-Nov/0478_w21_ms_22.pdf",
  "pageCount": 13,
  "questionCount": 0,
  "questions": []
}
[2026-07-15T03:52:44.318Z] parserVersion=0.4.0
[2026-07-15T03:52:44.318Z] documentRole=mark_scheme
[2026-07-15T03:52:44.318Z] validationProfile=MARK_SCHEME
[2026-07-15T03:52:44.561Z] stage.exitCode=0
[2026-07-15T03:52:44.561Z] stage.stdout=
> paperlens-fullstack@1.0.0 pdf:stage-sample
> node scripts/stage-paper-sample.js --sample=/Users/amelia/Desktop/Workspace/workspace/Project_01CAIE_CS_Paper_Checklist/output/ingestion-samples/0478_w21_ms_22.sample.json --output=/Users/amelia/Desktop/Workspace/workspace/Project_01CAIE_CS_Paper_Checklist/output/phase2/staging/0478_w21_ms_22.staging.json --approve-golden --human-admin-review --human-reviewer=phase-batch-regression

{
  "outputPath": "/Users/amelia/Desktop/Workspace/workspace/Project_01CAIE_CS_Paper_Checklist/output/phase2/staging/0478_w21_ms_22.staging.json",
  "runId": "0478-2021-ON-22-MS-RUN-252ecb313e0e",
  "status": "READY_TO_PUBLISH",
  "publishStatus": "READY_TO_PUBLISH",
  "canonicalCompleteness": {
    "status": "PASS",
    "publishable": true,
    "stagingPath": "/Users/amelia/Desktop/Workspace/workspace/Project_01CAIE_CS_Paper_Checklist/output/phase2/staging/0478_w21_ms_22.staging.json",
    "documentRole": "mark_scheme",
    "checks": {
      "questionCoverage": "PASS",
      "leafCoverage": "PASS",
      "markCoverage": "PASS",
      "responseAreaCoverage": "PASS",
      "sourceTraceCoverage": "PASS",
      "canonicalStructureCompleteness": "PASS"
    },
    "summary": {
      "questionCount": 0,
      "leafQuestionCount": 0,
      "markSchemeEntryCount": 5,
      "responseAreaCoverage": {
        "required": 0,
        "present": 0,
        "ratio": 1
      }
    },
    "issues": []
  },
  "p0": 0,
  "p1": 0,
  "p2": 0,
  "issues": []
}
[2026-07-15T03:52:44.562Z] stagingId=0478-2021-ON-22-MS-RUN-252ecb313e0e
[2026-07-15T03:52:44.562Z] validationStatus=PASS
[2026-07-15T03:52:44.562Z] publishStatus=READY_TO_PUBLISH
[2026-07-15T03:52:44.562Z] canonicalCompletenessStatus=PASS
[2026-07-15T03:52:44.562Z] canonicalPublishable=true
[2026-07-15T03:52:44.562Z] issueCounts={"P0":0,"P1":0,"P2":0}
[2026-07-15T03:52:44.562Z] endTime=2026-07-15T03:52:44.562Z
[2026-07-15T03:52:44.562Z] status=PASS
