[2026-07-15T03:55:22.087Z] file=public/textbook_syllabus/pastpaper/caie-igcse-0478/2025-Oct-Nov/0478_w25_ms_23.pdf
[2026-07-15T03:55:22.087Z] startTime=2026-07-15T03:55:22.087Z
[2026-07-15T03:55:22.087Z] expectedRole=mark_scheme
[2026-07-15T03:55:24.927Z] extract.exitCode=0
[2026-07-15T03:55:24.927Z] extract.stdout=
{
  "outputPath": "/Users/amelia/Desktop/Workspace/workspace/Project_01CAIE_CS_Paper_Checklist/output/ingestion-samples/0478_w25_ms_23.sample.json",
  "sourceFile": "public/textbook_syllabus/pastpaper/caie-igcse-0478/2025-Oct-Nov/0478_w25_ms_23.pdf",
  "pageCount": 22,
  "questionCount": 0,
  "questions": []
}
[2026-07-15T03:55:24.930Z] parserVersion=0.4.0
[2026-07-15T03:55:24.930Z] documentRole=mark_scheme
[2026-07-15T03:55:24.930Z] validationProfile=MARK_SCHEME
[2026-07-15T03:55:25.353Z] stage.exitCode=0
[2026-07-15T03:55:25.353Z] stage.stdout=
> paperlens-fullstack@1.0.0 pdf:stage-sample
> node scripts/stage-paper-sample.js --sample=/Users/amelia/Desktop/Workspace/workspace/Project_01CAIE_CS_Paper_Checklist/output/ingestion-samples/0478_w25_ms_23.sample.json --output=/Users/amelia/Desktop/Workspace/workspace/Project_01CAIE_CS_Paper_Checklist/output/phase2/staging/0478_w25_ms_23.staging.json --approve-golden --human-admin-review --human-reviewer=phase-batch-regression

{
  "outputPath": "/Users/amelia/Desktop/Workspace/workspace/Project_01CAIE_CS_Paper_Checklist/output/phase2/staging/0478_w25_ms_23.staging.json",
  "runId": "0478-2025-ON-23-MS-RUN-ae6fef72969f",
  "status": "READY_TO_PUBLISH",
  "publishStatus": "READY_TO_PUBLISH",
  "canonicalCompleteness": {
    "status": "PASS",
    "publishable": true,
    "stagingPath": "/Users/amelia/Desktop/Workspace/workspace/Project_01CAIE_CS_Paper_Checklist/output/phase2/staging/0478_w25_ms_23.staging.json",
    "documentRole": "mark_scheme",
    "checks": {
      "questionCoverage": "PASS",
      "leafCoverage": "PASS",
      "markCoverage": "PASS",
      "responseAreaCoverage": "PASS",
      "sourceTraceCoverage": "PASS",
      "canonicalStructureCompleteness": "PASS"
    },
    "summary": {
      "questionCount": 0,
      "leafQuestionCount": 0,
      "markSchemeEntryCount": 32,
      "responseAreaCoverage": {
        "required": 0,
        "present": 0,
        "ratio": 1
      }
    },
    "issues": []
  },
  "p0": 0,
  "p1": 0,
  "p2": 0,
  "issues": []
}
[2026-07-15T03:55:25.356Z] stagingId=0478-2025-ON-23-MS-RUN-ae6fef72969f
[2026-07-15T03:55:25.356Z] validationStatus=PASS
[2026-07-15T03:55:25.356Z] publishStatus=READY_TO_PUBLISH
[2026-07-15T03:55:25.356Z] canonicalCompletenessStatus=PASS
[2026-07-15T03:55:25.356Z] canonicalPublishable=true
[2026-07-15T03:55:25.356Z] issueCounts={"P0":0,"P1":0,"P2":0}
[2026-07-15T03:55:25.356Z] endTime=2026-07-15T03:55:25.356Z
[2026-07-15T03:55:25.356Z] status=PASS
