[2026-07-15T03:55:09.926Z] file=public/textbook_syllabus/pastpaper/caie-igcse-0478/2025-Oct-Nov/0478_w25_ms_21.pdf
[2026-07-15T03:55:09.926Z] startTime=2026-07-15T03:55:09.926Z
[2026-07-15T03:55:09.926Z] expectedRole=mark_scheme
[2026-07-15T03:55:12.800Z] extract.exitCode=0
[2026-07-15T03:55:12.800Z] extract.stdout=
{
  "outputPath": "/Users/amelia/Desktop/Workspace/workspace/Project_01CAIE_CS_Paper_Checklist/output/ingestion-samples/0478_w25_ms_21.sample.json",
  "sourceFile": "public/textbook_syllabus/pastpaper/caie-igcse-0478/2025-Oct-Nov/0478_w25_ms_21.pdf",
  "pageCount": 22,
  "questionCount": 0,
  "questions": []
}
[2026-07-15T03:55:12.803Z] parserVersion=0.4.0
[2026-07-15T03:55:12.803Z] documentRole=mark_scheme
[2026-07-15T03:55:12.803Z] validationProfile=MARK_SCHEME
[2026-07-15T03:55:13.200Z] stage.exitCode=0
[2026-07-15T03:55:13.200Z] stage.stdout=
> paperlens-fullstack@1.0.0 pdf:stage-sample
> node scripts/stage-paper-sample.js --sample=/Users/amelia/Desktop/Workspace/workspace/Project_01CAIE_CS_Paper_Checklist/output/ingestion-samples/0478_w25_ms_21.sample.json --output=/Users/amelia/Desktop/Workspace/workspace/Project_01CAIE_CS_Paper_Checklist/output/phase2/staging/0478_w25_ms_21.staging.json --approve-golden --human-admin-review --human-reviewer=phase-batch-regression

{
  "outputPath": "/Users/amelia/Desktop/Workspace/workspace/Project_01CAIE_CS_Paper_Checklist/output/phase2/staging/0478_w25_ms_21.staging.json",
  "runId": "0478-2025-ON-21-MS-RUN-043d76b72f6b",
  "status": "READY_TO_PUBLISH",
  "publishStatus": "READY_TO_PUBLISH",
  "canonicalCompleteness": {
    "status": "PASS",
    "publishable": true,
    "stagingPath": "/Users/amelia/Desktop/Workspace/workspace/Project_01CAIE_CS_Paper_Checklist/output/phase2/staging/0478_w25_ms_21.staging.json",
    "documentRole": "mark_scheme",
    "checks": {
      "questionCoverage": "PASS",
      "leafCoverage": "PASS",
      "markCoverage": "PASS",
      "responseAreaCoverage": "PASS",
      "sourceTraceCoverage": "PASS",
      "canonicalStructureCompleteness": "PASS"
    },
    "summary": {
      "questionCount": 0,
      "leafQuestionCount": 0,
      "markSchemeEntryCount": 32,
      "responseAreaCoverage": {
        "required": 0,
        "present": 0,
        "ratio": 1
      }
    },
    "issues": []
  },
  "p0": 0,
  "p1": 0,
  "p2": 0,
  "issues": []
}
[2026-07-15T03:55:13.203Z] stagingId=0478-2025-ON-21-MS-RUN-043d76b72f6b
[2026-07-15T03:55:13.203Z] validationStatus=PASS
[2026-07-15T03:55:13.203Z] publishStatus=READY_TO_PUBLISH
[2026-07-15T03:55:13.203Z] canonicalCompletenessStatus=PASS
[2026-07-15T03:55:13.203Z] canonicalPublishable=true
[2026-07-15T03:55:13.203Z] issueCounts={"P0":0,"P1":0,"P2":0}
[2026-07-15T03:55:13.203Z] endTime=2026-07-15T03:55:13.203Z
[2026-07-15T03:55:13.203Z] status=PASS
