[2026-07-15T03:54:35.938Z] file=public/textbook_syllabus/pastpaper/caie-igcse-0478/2025-May-June/0478_s25_qp_13.pdf
[2026-07-15T03:54:35.938Z] startTime=2026-07-15T03:54:35.938Z
[2026-07-15T03:54:35.938Z] expectedRole=question_paper
[2026-07-15T03:54:37.686Z] extract.exitCode=0
[2026-07-15T03:54:37.686Z] extract.stdout=
{
  "outputPath": "/Users/amelia/Desktop/Workspace/workspace/Project_01CAIE_CS_Paper_Checklist/output/ingestion-samples/0478_s25_qp_13.sample.json",
  "sourceFile": "public/textbook_syllabus/pastpaper/caie-igcse-0478/2025-May-June/0478_s25_qp_13.pdf",
  "pageCount": 12,
  "questionCount": 7,
  "questions": [
    {
      "questionNumber": "1",
      "pageStart": 2,
      "pageEnd": 4,
      "marks": 12,
      "confidence": {
        "marker": 0.98,
        "boundary": 0.96,
        "text": 0.96,
        "marks": 0.99,
        "layout": 0.92,
        "structure": 0.96,
        "overall": 0.96
      },
      "textPreview": "1 A student records himself singing a song for his music project. The recorded sound is converted to binary to be processed by a computer. (a) Give one input device the student can use to record the song. [1] (b) The student uses sound editing software to edit the recorded sound. Tick (✓) one box to show whether sound editing software is an example of applic"
    },
    {
      "questionNumber": "2",
      "pageStart": 5,
      "pageEnd": 5,
      "marks": 6,
      "confidence": {
        "marker": 0.98,
        "boundary": 0.96,
        "text": 0.96,
        "marks": 0.99,
        "layout": 0.92,
        "structure": 0.96,
        "overall": 0.96
      },
      "textPreview": "2 A company employee is editing a video for the company’s website. Data is stored in the random access memory (RAM) when the video is edited. The RAM becomes full and pages of data are transmitted to a partitioned section of the secondary storage to stop the computer from crashing. (a) Give the name of the partitioned section of the secondary storage that is"
    },
    {
      "questionNumber": "3",
      "pageStart": 6,
      "pageEnd": 7,
      "marks": 10,
      "confidence": {
        "marker": 0.98,
        "boundary": 0.96,
        "text": 0.96,
        "marks": 0.99,
        "layout": 0.92,
        "structure": 0.96,
        "overall": 0.96
      },
      "textPreview": "3 A computer with a Von Neumann architecture has several hardware components. (a) Complete the table with the missing terms and descriptions about computer hardware. Term Description This is the address given to a network interface card (NIC) when it is manufactured. register clock control unit (CU) This is a processing unit within the CPU that can fetch, de"
    },
    {
      "questionNumber": "4",
      "pageStart": 7,
      "pageEnd": 7,
      "marks": 6,
      "confidence": {
        "marker": 0.98,
        "boundary": 0.96,
        "text": 0.96,
        "marks": 0.99,
        "layout": 0.92,
        "structure": 0.96,
        "overall": 0.96
      },
      "textPreview": "4 A computer has an operating system. One function of the operating system is handling interrupts. (a) Describe the role of the operating system in handling interrupts. [2] (b) Give two other functions of an operating system. 1 2 [2] (c) Hardware and software interrupts are two types of interrupt. (i) Give one example of a hardware interrupt. [1] (ii) Give o"
    },
    {
      "questionNumber": "5",
      "pageStart": 7,
      "pageEnd": 9,
      "marks": 16,
      "confidence": {
        "marker": 0.98,
        "boundary": 0.96,
        "text": 0.96,
        "marks": 0.99,
        "layout": 0.92,
        "structure": 0.96,
        "overall": 0.96
      },
      "textPreview": "5 An online company has a website that allows a user to buy products. The user types in the uniform resource locator (URL) for the website and this is sent to a domain name server (DNS). (a) Describe the role of the DNS. [2] (b) The website asks a user to input their username and password to log into their account. The company want to make their login system"
    },
    {
      "questionNumber": "6",
      "pageStart": 10,
      "pageEnd": 11,
      "marks": 15,
      "confidence": {
        "marker": 0.98,
        "boundary": 0.96,
        "text": 0.96,
        "marks": 0.99,
        "layout": 0.92,
        "structure": 0.96,
        "overall": 0.96
      },
      "textPreview": "6 A weather station uses automated systems to collect and analyse data about the weather. The automated system uses sensors. (a) Give one other component that would be part of the automated system. [1] (b) One sensor that is part of the automated system is a temperature sensor. Give one other sensor that could be part of the automated system. [1] (c) An aler"
    },
    {
      "questionNumber": "7",
      "pageStart": 12,
      "pageEnd": 12,
      "marks": 10,
      "confidence": {
        "marker": 0.98,
        "boundary": 0.88,
        "text": 0.96,
        "marks": 0.99,
        "layout": 0.92,
        "structure": 0.96,
        "overall": 0.95
      },
      "textPreview": "7 Data is sent from an employee’s computer to a server. The data is correct when it is sent, but an error is detected when the data is received. (a) Describe how an error can occur in the data during transmission. [2] (b) Methods of error detection and correction can be added to make sure that errors are identified after data is transmitted. Complete the sta"
    }
  ]
}
[2026-07-15T03:54:37.689Z] parserVersion=0.4.0
[2026-07-15T03:54:37.689Z] documentRole=question_paper
[2026-07-15T03:54:37.689Z] validationProfile=QUESTION_PAPER
[2026-07-15T03:54:38.018Z] stage.exitCode=0
[2026-07-15T03:54:38.018Z] stage.stdout=
> paperlens-fullstack@1.0.0 pdf:stage-sample
> node scripts/stage-paper-sample.js --sample=/Users/amelia/Desktop/Workspace/workspace/Project_01CAIE_CS_Paper_Checklist/output/ingestion-samples/0478_s25_qp_13.sample.json --output=/Users/amelia/Desktop/Workspace/workspace/Project_01CAIE_CS_Paper_Checklist/output/phase2/staging/0478_s25_qp_13.staging.json --approve-golden --human-admin-review --human-reviewer=phase-batch-regression

{
  "outputPath": "/Users/amelia/Desktop/Workspace/workspace/Project_01CAIE_CS_Paper_Checklist/output/phase2/staging/0478_s25_qp_13.staging.json",
  "runId": "0478-2025-MJ-13-QP-RUN-e8ec80c28a3f",
  "status": "READY_TO_PUBLISH",
  "publishStatus": "READY_TO_PUBLISH",
  "canonicalCompleteness": {
    "status": "PASS",
    "publishable": true,
    "stagingPath": "/Users/amelia/Desktop/Workspace/workspace/Project_01CAIE_CS_Paper_Checklist/output/phase2/staging/0478_s25_qp_13.staging.json",
    "documentRole": "question_paper",
    "checks": {
      "questionCoverage": "PASS",
      "leafCoverage": "PASS",
      "markCoverage": "PASS",
      "responseAreaCoverage": "PASS",
      "sourceTraceCoverage": "PASS",
      "canonicalStructureCompleteness": "PASS"
    },
    "summary": {
      "questionCount": 7,
      "leafQuestionCount": 34,
      "markSchemeEntryCount": 0,
      "responseAreaCoverage": {
        "required": 34,
        "present": 34,
        "ratio": 1
      }
    },
    "issues": []
  },
  "p0": 0,
  "p1": 0,
  "p2": 0,
  "issues": []
}
[2026-07-15T03:54:38.022Z] stagingId=0478-2025-MJ-13-QP-RUN-e8ec80c28a3f
[2026-07-15T03:54:38.022Z] validationStatus=PASS
[2026-07-15T03:54:38.022Z] publishStatus=READY_TO_PUBLISH
[2026-07-15T03:54:38.022Z] canonicalCompletenessStatus=PASS
[2026-07-15T03:54:38.022Z] canonicalPublishable=true
[2026-07-15T03:54:38.022Z] issueCounts={"P0":0,"P1":0,"P2":0}
[2026-07-15T03:54:38.022Z] endTime=2026-07-15T03:54:38.022Z
[2026-07-15T03:54:38.022Z] status=PASS
