[2026-07-15T03:52:36.899Z] file=public/textbook_syllabus/pastpaper/caie-igcse-0478/2021-Oct-Nov/0478_w21_ms_13.pdf
[2026-07-15T03:52:36.899Z] startTime=2026-07-15T03:52:36.899Z
[2026-07-15T03:52:36.899Z] expectedRole=mark_scheme
[2026-07-15T03:52:37.833Z] extract.exitCode=0
[2026-07-15T03:52:37.833Z] extract.stdout=
{
  "outputPath": "/Users/amelia/Desktop/Workspace/workspace/Project_01CAIE_CS_Paper_Checklist/output/ingestion-samples/0478_w21_ms_13.sample.json",
  "sourceFile": "public/textbook_syllabus/pastpaper/caie-igcse-0478/2021-Oct-Nov/0478_w21_ms_13.pdf",
  "pageCount": 8,
  "questionCount": 0,
  "questions": []
}
[2026-07-15T03:52:37.834Z] parserVersion=0.4.0
[2026-07-15T03:52:37.834Z] documentRole=mark_scheme
[2026-07-15T03:52:37.834Z] validationProfile=MARK_SCHEME
[2026-07-15T03:52:38.085Z] stage.exitCode=0
[2026-07-15T03:52:38.085Z] stage.stdout=
> paperlens-fullstack@1.0.0 pdf:stage-sample
> node scripts/stage-paper-sample.js --sample=/Users/amelia/Desktop/Workspace/workspace/Project_01CAIE_CS_Paper_Checklist/output/ingestion-samples/0478_w21_ms_13.sample.json --output=/Users/amelia/Desktop/Workspace/workspace/Project_01CAIE_CS_Paper_Checklist/output/phase2/staging/0478_w21_ms_13.staging.json --approve-golden --human-admin-review --human-reviewer=phase-batch-regression

{
  "outputPath": "/Users/amelia/Desktop/Workspace/workspace/Project_01CAIE_CS_Paper_Checklist/output/phase2/staging/0478_w21_ms_13.staging.json",
  "runId": "0478-2021-ON-13-MS-RUN-d6a4cf022a63",
  "status": "READY_TO_PUBLISH",
  "publishStatus": "READY_TO_PUBLISH",
  "canonicalCompleteness": {
    "status": "PASS",
    "publishable": true,
    "stagingPath": "/Users/amelia/Desktop/Workspace/workspace/Project_01CAIE_CS_Paper_Checklist/output/phase2/staging/0478_w21_ms_13.staging.json",
    "documentRole": "mark_scheme",
    "checks": {
      "questionCoverage": "PASS",
      "leafCoverage": "PASS",
      "markCoverage": "PASS",
      "responseAreaCoverage": "PASS",
      "sourceTraceCoverage": "PASS",
      "canonicalStructureCompleteness": "PASS"
    },
    "summary": {
      "questionCount": 0,
      "leafQuestionCount": 0,
      "markSchemeEntryCount": 27,
      "responseAreaCoverage": {
        "required": 0,
        "present": 0,
        "ratio": 1
      }
    },
    "issues": []
  },
  "p0": 0,
  "p1": 0,
  "p2": 0,
  "issues": []
}
[2026-07-15T03:52:38.086Z] stagingId=0478-2021-ON-13-MS-RUN-d6a4cf022a63
[2026-07-15T03:52:38.086Z] validationStatus=PASS
[2026-07-15T03:52:38.086Z] publishStatus=READY_TO_PUBLISH
[2026-07-15T03:52:38.086Z] canonicalCompletenessStatus=PASS
[2026-07-15T03:52:38.086Z] canonicalPublishable=true
[2026-07-15T03:52:38.086Z] issueCounts={"P0":0,"P1":0,"P2":0}
[2026-07-15T03:52:38.086Z] endTime=2026-07-15T03:52:38.086Z
[2026-07-15T03:52:38.086Z] status=PASS
