[2026-07-15T03:53:57.795Z] file=public/textbook_syllabus/pastpaper/caie-igcse-0478/2024-May-June/0478_s24_ms_22.pdf
[2026-07-15T03:53:57.795Z] startTime=2026-07-15T03:53:57.795Z
[2026-07-15T03:53:57.795Z] expectedRole=mark_scheme
[2026-07-15T03:53:59.430Z] extract.exitCode=0
[2026-07-15T03:53:59.430Z] extract.stdout=
{
  "outputPath": "/Users/amelia/Desktop/Workspace/workspace/Project_01CAIE_CS_Paper_Checklist/output/ingestion-samples/0478_s24_ms_22.sample.json",
  "sourceFile": "public/textbook_syllabus/pastpaper/caie-igcse-0478/2024-May-June/0478_s24_ms_22.pdf",
  "pageCount": 16,
  "questionCount": 0,
  "questions": []
}
[2026-07-15T03:53:59.432Z] parserVersion=0.4.0
[2026-07-15T03:53:59.432Z] documentRole=mark_scheme
[2026-07-15T03:53:59.432Z] validationProfile=MARK_SCHEME
[2026-07-15T03:53:59.697Z] stage.exitCode=0
[2026-07-15T03:53:59.697Z] stage.stdout=
> paperlens-fullstack@1.0.0 pdf:stage-sample
> node scripts/stage-paper-sample.js --sample=/Users/amelia/Desktop/Workspace/workspace/Project_01CAIE_CS_Paper_Checklist/output/ingestion-samples/0478_s24_ms_22.sample.json --output=/Users/amelia/Desktop/Workspace/workspace/Project_01CAIE_CS_Paper_Checklist/output/phase2/staging/0478_s24_ms_22.staging.json --approve-golden --human-admin-review --human-reviewer=phase-batch-regression

{
  "outputPath": "/Users/amelia/Desktop/Workspace/workspace/Project_01CAIE_CS_Paper_Checklist/output/phase2/staging/0478_s24_ms_22.staging.json",
  "runId": "0478-2024-MJ-22-MS-RUN-6234b9abd434",
  "status": "READY_TO_PUBLISH",
  "publishStatus": "READY_TO_PUBLISH",
  "canonicalCompleteness": {
    "status": "PASS",
    "publishable": true,
    "stagingPath": "/Users/amelia/Desktop/Workspace/workspace/Project_01CAIE_CS_Paper_Checklist/output/phase2/staging/0478_s24_ms_22.staging.json",
    "documentRole": "mark_scheme",
    "checks": {
      "questionCoverage": "PASS",
      "leafCoverage": "PASS",
      "markCoverage": "PASS",
      "responseAreaCoverage": "PASS",
      "sourceTraceCoverage": "PASS",
      "canonicalStructureCompleteness": "PASS"
    },
    "summary": {
      "questionCount": 0,
      "leafQuestionCount": 0,
      "markSchemeEntryCount": 9,
      "responseAreaCoverage": {
        "required": 0,
        "present": 0,
        "ratio": 1
      }
    },
    "issues": []
  },
  "p0": 0,
  "p1": 0,
  "p2": 0,
  "issues": []
}
[2026-07-15T03:53:59.698Z] stagingId=0478-2024-MJ-22-MS-RUN-6234b9abd434
[2026-07-15T03:53:59.698Z] validationStatus=PASS
[2026-07-15T03:53:59.698Z] publishStatus=READY_TO_PUBLISH
[2026-07-15T03:53:59.698Z] canonicalCompletenessStatus=PASS
[2026-07-15T03:53:59.698Z] canonicalPublishable=true
[2026-07-15T03:53:59.698Z] issueCounts={"P0":0,"P1":0,"P2":0}
[2026-07-15T03:53:59.698Z] endTime=2026-07-15T03:53:59.698Z
[2026-07-15T03:53:59.698Z] status=PASS
