[2026-07-15T03:52:47.651Z] file=public/textbook_syllabus/pastpaper/caie-igcse-0478/2022-March/0478_m22_qp_12.pdf
[2026-07-15T03:52:47.651Z] startTime=2026-07-15T03:52:47.651Z
[2026-07-15T03:52:47.651Z] expectedRole=question_paper
[2026-07-15T03:52:48.949Z] extract.exitCode=0
[2026-07-15T03:52:48.949Z] extract.stdout=
{
  "outputPath": "/Users/amelia/Desktop/Workspace/workspace/Project_01CAIE_CS_Paper_Checklist/output/ingestion-samples/0478_m22_qp_12.sample.json",
  "sourceFile": "public/textbook_syllabus/pastpaper/caie-igcse-0478/2022-March/0478_m22_qp_12.pdf",
  "pageCount": 12,
  "questionCount": 7,
  "questions": [
    {
      "questionNumber": "1",
      "pageStart": 2,
      "pageEnd": 3,
      "marks": 4,
      "confidence": {
        "marker": 0.98,
        "boundary": 0.96,
        "text": 0.96,
        "marks": 0.99,
        "layout": 0.92,
        "structure": 0.96,
        "overall": 0.96
      },
      "textPreview": "1 denary numbers. Convert the 8-bit binary number 01010101 to denary. (a) [1] Convert the binary number 11000000 to hexadecimal. (b) [1] Convert the hexadecimal number 1A to denary. (c) [1] Binary numbers can be stored as bytes. (d) State how many bits are in bytes. two [1] Nadia creates a digital image for a school project."
    },
    {
      "questionNumber": "2",
      "pageStart": 3,
      "pageEnd": 5,
      "marks": 16,
      "confidence": {
        "marker": 0.98,
        "boundary": 0.96,
        "text": 0.96,
        "marks": 0.99,
        "layout": 0.92,
        "structure": 0.96,
        "overall": 0.96
      },
      "textPreview": "2 Give example of an image format. (a) one [1] Describe how a digital image file is stored by a computer. (b) [3] Nadia compresses the digital image file before emailing it to a friend. (c) State what is meant by data compression. (i) [1] Explain why Nadia compresses the digital image file before emailing it. (ii) [2] Nadia’s email service uses parity bits a"
    },
    {
      "questionNumber": "3",
      "pageStart": 5,
      "pageEnd": 6,
      "marks": 7,
      "confidence": {
        "marker": 0.98,
        "boundary": 0.96,
        "text": 0.96,
        "marks": 0.99,
        "layout": 0.92,
        "structure": 0.96,
        "overall": 0.96
      },
      "textPreview": "3 (a) Inputs AND OR NAND NOR XOR A = 1 B = 1 A = 0 B = 0 A = 1 B = 0 [3] Draw the logic circuit for the given logic statement: (b) = ( XOR ) AND ( OR NOT ) X A B B C Do attempt to simplify the logic statement. All logic gates must have a maximum of not two inputs. A B X C [4] Pradeep uses his personal computer to complete work at home."
    },
    {
      "questionNumber": "4",
      "pageStart": 6,
      "pageEnd": 8,
      "marks": 15,
      "confidence": {
        "marker": 0.98,
        "boundary": 0.96,
        "text": 0.96,
        "marks": 0.99,
        "layout": 0.92,
        "structure": 0.96,
        "overall": 0.96
      },
      "textPreview": "4 Pradeep uses a mouse and a keyboard to control the computer. (a) Complete the descriptions of the principles of operation of a mouse and a keyboard (i) using the most appropriate terms from the list. all terms in the list need to be used. Not absorbs • ball • biometric • circuit • colour • digital • direction • Light-Emitting Diode (LED) • Liquid Crystal D"
    },
    {
      "questionNumber": "5",
      "pageStart": 8,
      "pageEnd": 10,
      "marks": 16,
      "confidence": {
        "marker": 0.98,
        "boundary": 0.96,
        "text": 0.96,
        "marks": 0.99,
        "layout": 0.92,
        "structure": 0.96,
        "overall": 0.96
      },
      "textPreview": "5 holidays. The website is written in Hypertext Markup Language (HTML). (a) Give examples of HTML structure and examples of HTML presentation. two two Structure 1 Structure 2 Presentation 1 Presentation 2 [4] The website is stored on a web server. Customers use their own computers to access the (b) website. Uniform Resource Locator (URL), Internet Protocol ("
    },
    {
      "questionNumber": "6",
      "pageStart": 10,
      "pageEnd": 11,
      "marks": 7,
      "confidence": {
        "marker": 0.98,
        "boundary": 0.96,
        "text": 0.96,
        "marks": 0.99,
        "layout": 0.92,
        "structure": 0.96,
        "overall": 0.96
      },
      "textPreview": "6 detected. It stops recording after two minutes if no further motion is detected. The system uses a motion sensor and a microprocessor. Describe how the motion sensor and microprocessor work together to control the CCTV system. [7] Ishani is a software developer who is creating a new computer game."
    },
    {
      "questionNumber": "7",
      "pageStart": 11,
      "pageEnd": 11,
      "marks": 10,
      "confidence": {
        "marker": 0.98,
        "boundary": 0.88,
        "text": 0.96,
        "marks": 0.99,
        "layout": 0.92,
        "structure": 0.96,
        "overall": 0.95
      },
      "textPreview": "7 Ishani uses an interpreter and a compiler at different stages of the game creation. (a) Explain when it is most appropriate for Ishani to use an interpreter. (i) [3] Explain when it is most appropriate for Ishani to use a compiler. (ii) [3] Ishani has to decide between releasing her game as freeware or free software. (b) Describe freeware and free software"
    }
  ]
}
[2026-07-15T03:52:48.951Z] parserVersion=0.4.0
[2026-07-15T03:52:48.951Z] documentRole=question_paper
[2026-07-15T03:52:48.951Z] validationProfile=QUESTION_PAPER
[2026-07-15T03:52:49.202Z] stage.exitCode=0
[2026-07-15T03:52:49.202Z] stage.stdout=
> paperlens-fullstack@1.0.0 pdf:stage-sample
> node scripts/stage-paper-sample.js --sample=/Users/amelia/Desktop/Workspace/workspace/Project_01CAIE_CS_Paper_Checklist/output/ingestion-samples/0478_m22_qp_12.sample.json --output=/Users/amelia/Desktop/Workspace/workspace/Project_01CAIE_CS_Paper_Checklist/output/phase2/staging/0478_m22_qp_12.staging.json --approve-golden --human-admin-review --human-reviewer=phase-batch-regression

{
  "outputPath": "/Users/amelia/Desktop/Workspace/workspace/Project_01CAIE_CS_Paper_Checklist/output/phase2/staging/0478_m22_qp_12.staging.json",
  "runId": "0478-2022-FM-12-QP-RUN-b2de64a22db7",
  "status": "READY_TO_PUBLISH",
  "publishStatus": "READY_TO_PUBLISH",
  "canonicalCompleteness": {
    "status": "PASS",
    "publishable": true,
    "stagingPath": "/Users/amelia/Desktop/Workspace/workspace/Project_01CAIE_CS_Paper_Checklist/output/phase2/staging/0478_m22_qp_12.staging.json",
    "documentRole": "question_paper",
    "checks": {
      "questionCoverage": "PASS",
      "leafCoverage": "PASS",
      "markCoverage": "PASS",
      "responseAreaCoverage": "PASS",
      "sourceTraceCoverage": "PASS",
      "canonicalStructureCompleteness": "PASS"
    },
    "summary": {
      "questionCount": 7,
      "leafQuestionCount": 23,
      "markSchemeEntryCount": 0,
      "responseAreaCoverage": {
        "required": 23,
        "present": 23,
        "ratio": 1
      }
    },
    "issues": []
  },
  "p0": 0,
  "p1": 0,
  "p2": 0,
  "issues": []
}
[2026-07-15T03:52:49.203Z] stagingId=0478-2022-FM-12-QP-RUN-b2de64a22db7
[2026-07-15T03:52:49.203Z] validationStatus=PASS
[2026-07-15T03:52:49.203Z] publishStatus=READY_TO_PUBLISH
[2026-07-15T03:52:49.203Z] canonicalCompletenessStatus=PASS
[2026-07-15T03:52:49.203Z] canonicalPublishable=true
[2026-07-15T03:52:49.203Z] issueCounts={"P0":0,"P1":0,"P2":0}
[2026-07-15T03:52:49.203Z] endTime=2026-07-15T03:52:49.203Z
[2026-07-15T03:52:49.203Z] status=PASS
