[2026-07-15T03:53:21.579Z] file=public/textbook_syllabus/pastpaper/caie-igcse-0478/2023-Oct-Nov/0478_w23_qp_11.pdf
[2026-07-15T03:53:21.579Z] startTime=2026-07-15T03:53:21.579Z
[2026-07-15T03:53:21.579Z] expectedRole=question_paper
[2026-07-15T03:53:22.913Z] extract.exitCode=0
[2026-07-15T03:53:22.913Z] extract.stdout=
{
  "outputPath": "/Users/amelia/Desktop/Workspace/workspace/Project_01CAIE_CS_Paper_Checklist/output/ingestion-samples/0478_w23_qp_11.sample.json",
  "sourceFile": "public/textbook_syllabus/pastpaper/caie-igcse-0478/2023-Oct-Nov/0478_w23_qp_11.pdf",
  "pageCount": 12,
  "questionCount": 9,
  "questions": [
    {
      "questionNumber": "1",
      "pageStart": 2,
      "pageEnd": 3,
      "marks": 10,
      "confidence": {
        "marker": 0.98,
        "boundary": 0.96,
        "text": 0.96,
        "marks": 0.99,
        "layout": 0.92,
        "structure": 0.96,
        "overall": 0.96
      },
      "textPreview": "1 The computer has a central processing unit (CPU). The student uses a keyboard to complete his schoolwork. (a) 3 Tick ( ) box to show which type of device the keyboard is. one input A memory B output C storage D [1] The student uses a printer to print his schoolwork. (b) 3 Tick ( ) box to show which type of device the printer is. one input A memory B output"
    },
    {
      "questionNumber": "2",
      "pageStart": 3,
      "pageEnd": 5,
      "marks": 14,
      "confidence": {
        "marker": 0.98,
        "boundary": 0.96,
        "text": 0.96,
        "marks": 0.99,
        "layout": 0.92,
        "structure": 0.96,
        "overall": 0.96
      },
      "textPreview": "2 The cost of parking is displayed as a denary number on a screen on the payment machine. The cost of parking is stored in two 8-bit binary registers. For the parking cost of $10.50: register 1 stores the denary value 10 as binary • register 2 stores the denary value 50 as binary. • Give the parking cost that would be displayed on the payment machine when th"
    },
    {
      "questionNumber": "3",
      "pageStart": 5,
      "pageEnd": 6,
      "marks": 4,
      "confidence": {
        "marker": 0.98,
        "boundary": 0.96,
        "text": 0.96,
        "marks": 0.99,
        "layout": 0.92,
        "structure": 0.96,
        "overall": 0.96
      },
      "textPreview": "3 four Complete the table by writing the correct term for each description. Term Description A collective term for the physical components of the computer system. A type of software that provides services that the user requires and allows the user to perform tasks on the computer. A type of software that manages the main functions of the computer, including "
    },
    {
      "questionNumber": "4",
      "pageStart": 6,
      "pageEnd": 7,
      "marks": 7,
      "confidence": {
        "marker": 0.98,
        "boundary": 0.96,
        "text": 0.96,
        "marks": 0.99,
        "layout": 0.92,
        "structure": 0.96,
        "overall": 0.96
      },
      "textPreview": "4 The data is transmitted one bit at a time down a single wire. The computer can transmit data (a) to the printer and the printer can transmit data to the computer, using the same connection. Circle the data transmission methods that will transmit data in this way. two parallel full-duplex parallel half-duplex parallel simplex serial full-duplex serial half-"
    },
    {
      "questionNumber": "5",
      "pageStart": 7,
      "pageEnd": 8,
      "marks": 14,
      "confidence": {
        "marker": 0.98,
        "boundary": 0.96,
        "text": 0.96,
        "marks": 0.99,
        "layout": 0.92,
        "structure": 0.96,
        "overall": 0.96
      },
      "textPreview": "5 Explain how the analogue sound is recorded and converted to digital. (a) [5] State ways that the accuracy of the recording could be increased. (b) two 1 2 [2] The musician compresses the sound file using lossless compression instead of lossy (c) compression. Explain why the musician would choose to use lossless compression instead of lossy compression. [3]"
    },
    {
      "questionNumber": "6",
      "pageStart": 8,
      "pageEnd": 9,
      "marks": 4,
      "confidence": {
        "marker": 0.98,
        "boundary": 0.96,
        "text": 0.35,
        "marks": 0.99,
        "layout": 0.92,
        "structure": 0.96,
        "overall": 0.84
      },
      "textPreview": "6 [4] Complete the statements about data packets and packet switching."
    },
    {
      "questionNumber": "7",
      "pageStart": 9,
      "pageEnd": 9,
      "marks": 4,
      "confidence": {
        "marker": 0.98,
        "boundary": 0.96,
        "text": 0.96,
        "marks": 0.99,
        "layout": 0.92,
        "structure": 0.35,
        "overall": 0.69
      },
      "textPreview": "7 Use the terms from the list. Some of the terms in the list will be used. You should only use a term once. not destination address first footer header last main data packets payload routers servers trailer Data is broken down into packets. A data packet has a packet that contains the packet number and the . Each packet could take a different path from the s"
    },
    {
      "questionNumber": "8",
      "pageStart": 9,
      "pageEnd": 10,
      "marks": 8,
      "confidence": {
        "marker": 0.98,
        "boundary": 0.96,
        "text": 0.96,
        "marks": 0.99,
        "layout": 0.92,
        "structure": 0.96,
        "overall": 0.96
      },
      "textPreview": "8 Give features of magnetic storage. (a) two 1 2 [2] Give features of solid-state storage. (b) three 1 2 3 [3] Give example of each type of storage. (c) one Magnetic Solid-state Optical [3] An interrupt is a type of signal that is used in a computer."
    },
    {
      "questionNumber": "9",
      "pageStart": 10,
      "pageEnd": 11,
      "marks": 10,
      "confidence": {
        "marker": 0.98,
        "boundary": 0.88,
        "text": 0.96,
        "marks": 0.99,
        "layout": 0.92,
        "structure": 0.96,
        "overall": 0.95
      },
      "textPreview": "9 State the name of the type of software that manages interrupts. (a) [1] Describe how interrupts are used when a key is pressed on a keyboard. (b) [5] Interrupts can be hardware based or software based. (c) A key press is one example of a hardware interrupt. Give other examples of a hardware interrupt. (i) two 1 2 [2] Give examples of a software interrupt. "
    }
  ]
}
[2026-07-15T03:53:22.914Z] parserVersion=0.4.0
[2026-07-15T03:53:22.914Z] documentRole=question_paper
[2026-07-15T03:53:22.914Z] validationProfile=QUESTION_PAPER
[2026-07-15T03:53:23.179Z] stage.exitCode=0
[2026-07-15T03:53:23.179Z] stage.stdout=
> paperlens-fullstack@1.0.0 pdf:stage-sample
> node scripts/stage-paper-sample.js --sample=/Users/amelia/Desktop/Workspace/workspace/Project_01CAIE_CS_Paper_Checklist/output/ingestion-samples/0478_w23_qp_11.sample.json --output=/Users/amelia/Desktop/Workspace/workspace/Project_01CAIE_CS_Paper_Checklist/output/phase2/staging/0478_w23_qp_11.staging.json --approve-golden --human-admin-review --human-reviewer=phase-batch-regression

{
  "outputPath": "/Users/amelia/Desktop/Workspace/workspace/Project_01CAIE_CS_Paper_Checklist/output/phase2/staging/0478_w23_qp_11.staging.json",
  "runId": "0478-2023-ON-11-QP-RUN-5b7c4de30980",
  "status": "READY_TO_PUBLISH",
  "publishStatus": "READY_TO_PUBLISH",
  "canonicalCompleteness": {
    "status": "PASS",
    "publishable": true,
    "stagingPath": "/Users/amelia/Desktop/Workspace/workspace/Project_01CAIE_CS_Paper_Checklist/output/phase2/staging/0478_w23_qp_11.staging.json",
    "documentRole": "question_paper",
    "checks": {
      "questionCoverage": "PASS",
      "leafCoverage": "PASS",
      "markCoverage": "PASS",
      "responseAreaCoverage": "PASS",
      "sourceTraceCoverage": "PASS",
      "canonicalStructureCompleteness": "PASS"
    },
    "summary": {
      "questionCount": 9,
      "leafQuestionCount": 28,
      "markSchemeEntryCount": 0,
      "responseAreaCoverage": {
        "required": 28,
        "present": 28,
        "ratio": 1
      }
    },
    "issues": []
  },
  "p0": 0,
  "p1": 0,
  "p2": 0,
  "issues": []
}
[2026-07-15T03:53:23.181Z] stagingId=0478-2023-ON-11-QP-RUN-5b7c4de30980
[2026-07-15T03:53:23.181Z] validationStatus=PASS
[2026-07-15T03:53:23.181Z] publishStatus=READY_TO_PUBLISH
[2026-07-15T03:53:23.181Z] canonicalCompletenessStatus=PASS
[2026-07-15T03:53:23.181Z] canonicalPublishable=true
[2026-07-15T03:53:23.181Z] issueCounts={"P0":0,"P1":0,"P2":0}
[2026-07-15T03:53:23.181Z] endTime=2026-07-15T03:53:23.181Z
[2026-07-15T03:53:23.181Z] status=PASS
