[2026-07-15T03:55:02.309Z] file=public/textbook_syllabus/pastpaper/caie-igcse-0478/2025-Oct-Nov/0478_w25_qp_13.pdf
[2026-07-15T03:55:02.309Z] startTime=2026-07-15T03:55:02.309Z
[2026-07-15T03:55:02.309Z] expectedRole=question_paper
[2026-07-15T03:55:04.197Z] extract.exitCode=0
[2026-07-15T03:55:04.197Z] extract.stdout=
{
  "outputPath": "/Users/amelia/Desktop/Workspace/workspace/Project_01CAIE_CS_Paper_Checklist/output/ingestion-samples/0478_w25_qp_13.sample.json",
  "sourceFile": "public/textbook_syllabus/pastpaper/caie-igcse-0478/2025-Oct-Nov/0478_w25_qp_13.pdf",
  "pageCount": 12,
  "questionCount": 6,
  "questions": [
    {
      "questionNumber": "1",
      "pageStart": 2,
      "pageEnd": 5,
      "marks": 16,
      "confidence": {
        "marker": 0.98,
        "boundary": 0.96,
        "text": 0.96,
        "marks": 0.99,
        "layout": 0.92,
        "structure": 0.96,
        "overall": 0.96
      },
      "textPreview": "1 A flower shop has a room that has an air-conditioning system. It is used to keep the room at a constant temperature for storing flowers. The owner uses a keypad to set the temperature for the room. (a) Tick (✓) one box to show whether a keypad is an example of an input, output, process or storage device. A input B output C process D storage [1] (b) The own"
    },
    {
      "questionNumber": "2",
      "pageStart": 5,
      "pageEnd": 6,
      "marks": 14,
      "confidence": {
        "marker": 0.98,
        "boundary": 0.96,
        "text": 0.96,
        "marks": 0.99,
        "layout": 0.92,
        "structure": 0.96,
        "overall": 0.96
      },
      "textPreview": "2 A computer with a Von Neumann architecture has a central processing unit (CPU) that carries out the fetch-decode-execute (FDE) cycle. (a) Give the name of the first register that is used in the fetch part of the cycle. [1] (b) The CPU has a control unit (CU). (i) Describe the role of the CU in the CPU. [3] (ii) Give the name of the register that is part of"
    },
    {
      "questionNumber": "3",
      "pageStart": 6,
      "pageEnd": 8,
      "marks": 14,
      "confidence": {
        "marker": 0.98,
        "boundary": 0.96,
        "text": 0.96,
        "marks": 0.99,
        "layout": 0.92,
        "structure": 0.96,
        "overall": 0.96
      },
      "textPreview": "3 Data is split into packets before it is transmitted across a network. (a) The diagram shows a packet with three sections. Complete the diagram by writing the name of each section of the packet. Write an example in each section of what would be stored in that part of the packet. Packet First The first section is called the Example Second The second section "
    },
    {
      "questionNumber": "4",
      "pageStart": 8,
      "pageEnd": 10,
      "marks": 12,
      "confidence": {
        "marker": 0.98,
        "boundary": 0.96,
        "text": 0.96,
        "marks": 0.99,
        "layout": 0.92,
        "structure": 0.96,
        "overall": 0.96
      },
      "textPreview": "4 A cyber security company specialises in security solutions that help prevent hackers being successful. (a) Identify two security solutions that can be provided to help prevent hackers being successful. Explain how each solution helps prevent hackers being successful. Solution 1 Explanation Solution 2 Explanation [6] (b) The company also has a web page that"
    },
    {
      "questionNumber": "5",
      "pageStart": 10,
      "pageEnd": 11,
      "marks": 7,
      "confidence": {
        "marker": 0.98,
        "boundary": 0.96,
        "text": 0.96,
        "marks": 0.99,
        "layout": 0.92,
        "structure": 0.96,
        "overall": 0.96
      },
      "textPreview": "5 Text, images and sound are represented as binary to be processed by a computer. (a) Complete the table by writing the missing terms and descriptions about representing text, images and sound as binary. Term Description character set This is the number of samples taken each second when recording sound. pixel resolution This is the number of bits used to rep"
    },
    {
      "questionNumber": "6",
      "pageStart": 11,
      "pageEnd": 12,
      "marks": 12,
      "confidence": {
        "marker": 0.98,
        "boundary": 0.88,
        "text": 0.96,
        "marks": 0.99,
        "layout": 0.92,
        "structure": 0.96,
        "overall": 0.95
      },
      "textPreview": "6 A computer game is programmed to use artificial intelligence (AI) to create the movements and actions of the computer-controlled characters in the game. (a) Describe what is meant by AI. [3] (b) Explain how the AI can be used to improve the movements and actions of the computer-controlled characters. [3] DFD (c) The computer game is programmed using a high"
    }
  ]
}
[2026-07-15T03:55:04.200Z] parserVersion=0.4.0
[2026-07-15T03:55:04.200Z] documentRole=question_paper
[2026-07-15T03:55:04.200Z] validationProfile=QUESTION_PAPER
[2026-07-15T03:55:04.544Z] stage.exitCode=0
[2026-07-15T03:55:04.544Z] stage.stdout=
> paperlens-fullstack@1.0.0 pdf:stage-sample
> node scripts/stage-paper-sample.js --sample=/Users/amelia/Desktop/Workspace/workspace/Project_01CAIE_CS_Paper_Checklist/output/ingestion-samples/0478_w25_qp_13.sample.json --output=/Users/amelia/Desktop/Workspace/workspace/Project_01CAIE_CS_Paper_Checklist/output/phase2/staging/0478_w25_qp_13.staging.json --approve-golden --human-admin-review --human-reviewer=phase-batch-regression

{
  "outputPath": "/Users/amelia/Desktop/Workspace/workspace/Project_01CAIE_CS_Paper_Checklist/output/phase2/staging/0478_w25_qp_13.staging.json",
  "runId": "0478-2025-ON-13-QP-RUN-fcb08bea21db",
  "status": "READY_TO_PUBLISH",
  "publishStatus": "READY_TO_PUBLISH",
  "canonicalCompleteness": {
    "status": "PASS",
    "publishable": true,
    "stagingPath": "/Users/amelia/Desktop/Workspace/workspace/Project_01CAIE_CS_Paper_Checklist/output/phase2/staging/0478_w25_qp_13.staging.json",
    "documentRole": "question_paper",
    "checks": {
      "questionCoverage": "PASS",
      "leafCoverage": "PASS",
      "markCoverage": "PASS",
      "responseAreaCoverage": "PASS",
      "sourceTraceCoverage": "PASS",
      "canonicalStructureCompleteness": "PASS"
    },
    "summary": {
      "questionCount": 6,
      "leafQuestionCount": 35,
      "markSchemeEntryCount": 0,
      "responseAreaCoverage": {
        "required": 35,
        "present": 35,
        "ratio": 1
      }
    },
    "issues": []
  },
  "p0": 0,
  "p1": 0,
  "p2": 0,
  "issues": []
}
[2026-07-15T03:55:04.547Z] stagingId=0478-2025-ON-13-QP-RUN-fcb08bea21db
[2026-07-15T03:55:04.547Z] validationStatus=PASS
[2026-07-15T03:55:04.547Z] publishStatus=READY_TO_PUBLISH
[2026-07-15T03:55:04.547Z] canonicalCompletenessStatus=PASS
[2026-07-15T03:55:04.547Z] canonicalPublishable=true
[2026-07-15T03:55:04.547Z] issueCounts={"P0":0,"P1":0,"P2":0}
[2026-07-15T03:55:04.547Z] endTime=2026-07-15T03:55:04.547Z
[2026-07-15T03:55:04.547Z] status=PASS
