[2026-07-15T03:54:48.899Z] file=public/textbook_syllabus/pastpaper/caie-igcse-0478/2025-May-June/0478_s25_ms_22.pdf
[2026-07-15T03:54:48.899Z] startTime=2026-07-15T03:54:48.899Z
[2026-07-15T03:54:48.899Z] expectedRole=mark_scheme
[2026-07-15T03:54:50.849Z] extract.exitCode=0
[2026-07-15T03:54:50.849Z] extract.stdout=
{
  "outputPath": "/Users/amelia/Desktop/Workspace/workspace/Project_01CAIE_CS_Paper_Checklist/output/ingestion-samples/0478_s25_ms_22.sample.json",
  "sourceFile": "public/textbook_syllabus/pastpaper/caie-igcse-0478/2025-May-June/0478_s25_ms_22.pdf",
  "pageCount": 13,
  "questionCount": 0,
  "questions": []
}
[2026-07-15T03:54:50.851Z] parserVersion=0.4.0
[2026-07-15T03:54:50.851Z] documentRole=mark_scheme
[2026-07-15T03:54:50.851Z] validationProfile=MARK_SCHEME
[2026-07-15T03:54:51.245Z] stage.exitCode=0
[2026-07-15T03:54:51.245Z] stage.stdout=
> paperlens-fullstack@1.0.0 pdf:stage-sample
> node scripts/stage-paper-sample.js --sample=/Users/amelia/Desktop/Workspace/workspace/Project_01CAIE_CS_Paper_Checklist/output/ingestion-samples/0478_s25_ms_22.sample.json --output=/Users/amelia/Desktop/Workspace/workspace/Project_01CAIE_CS_Paper_Checklist/output/phase2/staging/0478_s25_ms_22.staging.json --approve-golden --human-admin-review --human-reviewer=phase-batch-regression

{
  "outputPath": "/Users/amelia/Desktop/Workspace/workspace/Project_01CAIE_CS_Paper_Checklist/output/phase2/staging/0478_s25_ms_22.staging.json",
  "runId": "0478-2025-MJ-22-MS-RUN-251a44c7451a",
  "status": "READY_TO_PUBLISH",
  "publishStatus": "READY_TO_PUBLISH",
  "canonicalCompleteness": {
    "status": "PASS",
    "publishable": true,
    "stagingPath": "/Users/amelia/Desktop/Workspace/workspace/Project_01CAIE_CS_Paper_Checklist/output/phase2/staging/0478_s25_ms_22.staging.json",
    "documentRole": "mark_scheme",
    "checks": {
      "questionCoverage": "PASS",
      "leafCoverage": "PASS",
      "markCoverage": "PASS",
      "responseAreaCoverage": "PASS",
      "sourceTraceCoverage": "PASS",
      "canonicalStructureCompleteness": "PASS"
    },
    "summary": {
      "questionCount": 0,
      "leafQuestionCount": 0,
      "markSchemeEntryCount": 41,
      "responseAreaCoverage": {
        "required": 0,
        "present": 0,
        "ratio": 1
      }
    },
    "issues": []
  },
  "p0": 0,
  "p1": 0,
  "p2": 0,
  "issues": []
}
[2026-07-15T03:54:51.247Z] stagingId=0478-2025-MJ-22-MS-RUN-251a44c7451a
[2026-07-15T03:54:51.247Z] validationStatus=PASS
[2026-07-15T03:54:51.247Z] publishStatus=READY_TO_PUBLISH
[2026-07-15T03:54:51.247Z] canonicalCompletenessStatus=PASS
[2026-07-15T03:54:51.247Z] canonicalPublishable=true
[2026-07-15T03:54:51.247Z] issueCounts={"P0":0,"P1":0,"P2":0}
[2026-07-15T03:54:51.247Z] endTime=2026-07-15T03:54:51.247Z
[2026-07-15T03:54:51.247Z] status=PASS
