[2026-07-15T03:52:52.622Z] file=public/textbook_syllabus/pastpaper/caie-igcse-0478/2022-March/0478_m22_ms_22.pdf
[2026-07-15T03:52:52.622Z] startTime=2026-07-15T03:52:52.622Z
[2026-07-15T03:52:52.622Z] expectedRole=mark_scheme
[2026-07-15T03:52:53.793Z] extract.exitCode=0
[2026-07-15T03:52:53.793Z] extract.stdout=
{
  "outputPath": "/Users/amelia/Desktop/Workspace/workspace/Project_01CAIE_CS_Paper_Checklist/output/ingestion-samples/0478_m22_ms_22.sample.json",
  "sourceFile": "public/textbook_syllabus/pastpaper/caie-igcse-0478/2022-March/0478_m22_ms_22.pdf",
  "pageCount": 11,
  "questionCount": 0,
  "questions": []
}
[2026-07-15T03:52:53.794Z] parserVersion=0.4.0
[2026-07-15T03:52:53.794Z] documentRole=mark_scheme
[2026-07-15T03:52:53.794Z] validationProfile=MARK_SCHEME
[2026-07-15T03:52:54.047Z] stage.exitCode=0
[2026-07-15T03:52:54.047Z] stage.stdout=
> paperlens-fullstack@1.0.0 pdf:stage-sample
> node scripts/stage-paper-sample.js --sample=/Users/amelia/Desktop/Workspace/workspace/Project_01CAIE_CS_Paper_Checklist/output/ingestion-samples/0478_m22_ms_22.sample.json --output=/Users/amelia/Desktop/Workspace/workspace/Project_01CAIE_CS_Paper_Checklist/output/phase2/staging/0478_m22_ms_22.staging.json --approve-golden --human-admin-review --human-reviewer=phase-batch-regression

{
  "outputPath": "/Users/amelia/Desktop/Workspace/workspace/Project_01CAIE_CS_Paper_Checklist/output/phase2/staging/0478_m22_ms_22.staging.json",
  "runId": "0478-2022-FM-22-MS-RUN-c4ebe431c540",
  "status": "READY_TO_PUBLISH",
  "publishStatus": "READY_TO_PUBLISH",
  "canonicalCompleteness": {
    "status": "PASS",
    "publishable": true,
    "stagingPath": "/Users/amelia/Desktop/Workspace/workspace/Project_01CAIE_CS_Paper_Checklist/output/phase2/staging/0478_m22_ms_22.staging.json",
    "documentRole": "mark_scheme",
    "checks": {
      "questionCoverage": "PASS",
      "leafCoverage": "PASS",
      "markCoverage": "PASS",
      "responseAreaCoverage": "PASS",
      "sourceTraceCoverage": "PASS",
      "canonicalStructureCompleteness": "PASS"
    },
    "summary": {
      "questionCount": 0,
      "leafQuestionCount": 0,
      "markSchemeEntryCount": 7,
      "responseAreaCoverage": {
        "required": 0,
        "present": 0,
        "ratio": 1
      }
    },
    "issues": []
  },
  "p0": 0,
  "p1": 0,
  "p2": 0,
  "issues": []
}
[2026-07-15T03:52:54.048Z] stagingId=0478-2022-FM-22-MS-RUN-c4ebe431c540
[2026-07-15T03:52:54.048Z] validationStatus=PASS
[2026-07-15T03:52:54.048Z] publishStatus=READY_TO_PUBLISH
[2026-07-15T03:52:54.048Z] canonicalCompletenessStatus=PASS
[2026-07-15T03:52:54.048Z] canonicalPublishable=true
[2026-07-15T03:52:54.048Z] issueCounts={"P0":0,"P1":0,"P2":0}
[2026-07-15T03:52:54.048Z] endTime=2026-07-15T03:52:54.048Z
[2026-07-15T03:52:54.048Z] status=PASS
