[2026-07-15T03:52:23.227Z] file=public/textbook_syllabus/pastpaper/caie-igcse-0478/2019-May-June/0478_s19_ms_13.pdf
[2026-07-15T03:52:23.227Z] startTime=2026-07-15T03:52:23.227Z
[2026-07-15T03:52:23.227Z] expectedRole=mark_scheme
[2026-07-15T03:52:24.467Z] extract.exitCode=0
[2026-07-15T03:52:24.467Z] extract.stdout=
{
  "outputPath": "/Users/amelia/Desktop/Workspace/workspace/Project_01CAIE_CS_Paper_Checklist/output/ingestion-samples/0478_s19_ms_13.sample.json",
  "sourceFile": "public/textbook_syllabus/pastpaper/caie-igcse-0478/2019-May-June/0478_s19_ms_13.pdf",
  "pageCount": 12,
  "questionCount": 0,
  "questions": []
}
[2026-07-15T03:52:24.469Z] parserVersion=0.4.0
[2026-07-15T03:52:24.469Z] documentRole=mark_scheme
[2026-07-15T03:52:24.469Z] validationProfile=MARK_SCHEME
[2026-07-15T03:52:24.709Z] stage.exitCode=0
[2026-07-15T03:52:24.709Z] stage.stdout=
> paperlens-fullstack@1.0.0 pdf:stage-sample
> node scripts/stage-paper-sample.js --sample=/Users/amelia/Desktop/Workspace/workspace/Project_01CAIE_CS_Paper_Checklist/output/ingestion-samples/0478_s19_ms_13.sample.json --output=/Users/amelia/Desktop/Workspace/workspace/Project_01CAIE_CS_Paper_Checklist/output/phase2/staging/0478_s19_ms_13.staging.json --approve-golden --human-admin-review --human-reviewer=phase-batch-regression

{
  "outputPath": "/Users/amelia/Desktop/Workspace/workspace/Project_01CAIE_CS_Paper_Checklist/output/phase2/staging/0478_s19_ms_13.staging.json",
  "runId": "0478-2019-MJ-13-MS-RUN-5a3eb0af3c76",
  "status": "READY_TO_PUBLISH",
  "publishStatus": "READY_TO_PUBLISH",
  "canonicalCompleteness": {
    "status": "PASS",
    "publishable": true,
    "stagingPath": "/Users/amelia/Desktop/Workspace/workspace/Project_01CAIE_CS_Paper_Checklist/output/phase2/staging/0478_s19_ms_13.staging.json",
    "documentRole": "mark_scheme",
    "checks": {
      "questionCoverage": "PASS",
      "leafCoverage": "PASS",
      "markCoverage": "PASS",
      "responseAreaCoverage": "PASS",
      "sourceTraceCoverage": "PASS",
      "canonicalStructureCompleteness": "PASS"
    },
    "summary": {
      "questionCount": 0,
      "leafQuestionCount": 0,
      "markSchemeEntryCount": 21,
      "responseAreaCoverage": {
        "required": 0,
        "present": 0,
        "ratio": 1
      }
    },
    "issues": []
  },
  "p0": 0,
  "p1": 0,
  "p2": 0,
  "issues": []
}
[2026-07-15T03:52:24.710Z] stagingId=0478-2019-MJ-13-MS-RUN-5a3eb0af3c76
[2026-07-15T03:52:24.710Z] validationStatus=PASS
[2026-07-15T03:52:24.710Z] publishStatus=READY_TO_PUBLISH
[2026-07-15T03:52:24.710Z] canonicalCompletenessStatus=PASS
[2026-07-15T03:52:24.710Z] canonicalPublishable=true
[2026-07-15T03:52:24.710Z] issueCounts={"P0":0,"P1":0,"P2":0}
[2026-07-15T03:52:24.710Z] endTime=2026-07-15T03:52:24.710Z
[2026-07-15T03:52:24.710Z] status=PASS
