[2026-07-13T02:04:15.067Z] file=public/textbook_syllabus/pastpaper/caie-igcse-0478/2020-Oct-Nov/0478_w20_ms_21.pdf
[2026-07-13T02:04:15.067Z] startTime=2026-07-13T02:04:15.067Z
[2026-07-13T02:04:15.067Z] expectedRole=mark_scheme
[2026-07-13T02:04:16.039Z] extract.exitCode=0
[2026-07-13T02:04:16.039Z] extract.stdout=
{
  "outputPath": "/Users/amelia/Desktop/Workspace/workspace/Project_01CAIE_CS_Paper_Checklist/output/ingestion-samples/0478_w20_ms_21.sample.json",
  "sourceFile": "public/textbook_syllabus/pastpaper/caie-igcse-0478/2020-Oct-Nov/0478_w20_ms_21.pdf",
  "pageCount": 6,
  "questionCount": 0,
  "questions": []
}
[2026-07-13T02:04:16.040Z] parserVersion=0.4.0
[2026-07-13T02:04:16.040Z] documentRole=mark_scheme
[2026-07-13T02:04:16.040Z] validationProfile=MARK_SCHEME
[2026-07-13T02:04:16.379Z] stage.exitCode=0
[2026-07-13T02:04:16.379Z] stage.stdout=
> paperlens-fullstack@1.0.0 pdf:stage-sample
> node scripts/stage-paper-sample.js --sample=/Users/amelia/Desktop/Workspace/workspace/Project_01CAIE_CS_Paper_Checklist/output/ingestion-samples/0478_w20_ms_21.sample.json --output=/Users/amelia/Desktop/Workspace/workspace/Project_01CAIE_CS_Paper_Checklist/output/phase2/staging/0478_w20_ms_21.staging.json --approve-golden --human-admin-review --human-reviewer=phase-batch-regression

{
  "outputPath": "/Users/amelia/Desktop/Workspace/workspace/Project_01CAIE_CS_Paper_Checklist/output/phase2/staging/0478_w20_ms_21.staging.json",
  "runId": "0478-2020-ON-21-MS-RUN-2df2b54cbc05",
  "status": "READY_TO_PUBLISH",
  "publishStatus": "READY_TO_PUBLISH",
  "canonicalCompleteness": {
    "status": "PASS",
    "publishable": true,
    "stagingPath": "/Users/amelia/Desktop/Workspace/workspace/Project_01CAIE_CS_Paper_Checklist/output/phase2/staging/0478_w20_ms_21.staging.json",
    "documentRole": "mark_scheme",
    "checks": {
      "questionCoverage": "PASS",
      "leafCoverage": "PASS",
      "markCoverage": "PASS",
      "responseAreaCoverage": "PASS",
      "sourceTraceCoverage": "PASS",
      "canonicalStructureCompleteness": "PASS"
    },
    "summary": {
      "questionCount": 0,
      "leafQuestionCount": 0,
      "markSchemeEntryCount": 14,
      "responseAreaCoverage": {
        "required": 0,
        "present": 0,
        "ratio": 1
      }
    },
    "issues": []
  },
  "p0": 0,
  "p1": 0,
  "p2": 0,
  "issues": []
}
[2026-07-13T02:04:16.380Z] stagingId=0478-2020-ON-21-MS-RUN-2df2b54cbc05
[2026-07-13T02:04:16.380Z] validationStatus=PASS
[2026-07-13T02:04:16.380Z] publishStatus=READY_TO_PUBLISH
[2026-07-13T02:04:16.380Z] canonicalCompletenessStatus=PASS
[2026-07-13T02:04:16.380Z] canonicalPublishable=true
[2026-07-13T02:04:16.380Z] issueCounts={"P0":0,"P1":0,"P2":0}
[2026-07-13T02:04:16.380Z] endTime=2026-07-13T02:04:16.380Z
[2026-07-13T02:04:16.380Z] status=PASS
