[2026-07-13T02:03:50.062Z] file=public/textbook_syllabus/pastpaper/caie-igcse-0478/2020-May-June /0478_s20_qp_21.pdf
[2026-07-13T02:03:50.062Z] startTime=2026-07-13T02:03:50.062Z
[2026-07-13T02:03:50.062Z] expectedRole=question_paper
[2026-07-13T02:03:51.970Z] extract.exitCode=0
[2026-07-13T02:03:51.970Z] extract.stdout=
{
  "outputPath": "/Users/amelia/Desktop/Workspace/workspace/Project_01CAIE_CS_Paper_Checklist/output/ingestion-samples/0478_s20_qp_21.sample.json",
  "sourceFile": "public/textbook_syllabus/pastpaper/caie-igcse-0478/2020-May-June /0478_s20_qp_21.pdf",
  "pageCount": 16,
  "questionCount": 6,
  "questions": [
    {
      "questionNumber": "1",
      "pageStart": 3,
      "pageEnd": 8,
      "marks": 20,
      "confidence": {
        "marker": 0.98,
        "boundary": 0.96,
        "text": 0.96,
        "marks": 0.99,
        "layout": 0.92,
        "structure": 0.96,
        "overall": 0.96
      },
      "textPreview": "1 Identify arrays you could have used for and, in each case, state its purpose. (a) (i) two Task 1 Array 1 Purpose Array 2 Purpose [4] Identify variables you could have used for and, in each case, state its (ii) two Task 1 purpose. Variable 1 Purpose Variable 2 Purpose [4] Explain why the item code data could be stored as a real data type and identify the mo"
    },
    {
      "questionNumber": "2",
      "pageStart": 8,
      "pageEnd": 8,
      "marks": 2,
      "confidence": {
        "marker": 0.98,
        "boundary": 0.96,
        "text": 0.96,
        "marks": 0.99,
        "layout": 0.92,
        "structure": 0.96,
        "overall": 0.96
      },
      "textPreview": "2 ✓ False True Statement ) ( ) ( ✓ ✓ A structure diagram is a piece of code that is available throughout the structure of a program. A structure diagram shows the hierarchy of a system. A structure diagram is another name for an array. A structure diagram shows the relationship between different components of a system. [2] Programs can perform validation and"
    },
    {
      "questionNumber": "3",
      "pageStart": 8,
      "pageEnd": 9,
      "marks": 7,
      "confidence": {
        "marker": 0.98,
        "boundary": 0.96,
        "text": 0.96,
        "marks": 0.99,
        "layout": 0.92,
        "structure": 0.96,
        "overall": 0.96
      },
      "textPreview": "3 Give the names of different validation checks and state the purpose of each one. (a) two Check 1 Purpose Check 2 Purpose [4] Give the name of verification check. (b) one [1] Describe the difference between validation and verification. (c) [2] The pseudocode algorithm shown should allow numbers to be entered and should allow"
    },
    {
      "questionNumber": "4",
      "pageStart": 9,
      "pageEnd": 10,
      "marks": 8,
      "confidence": {
        "marker": 0.98,
        "boundary": 0.96,
        "text": 0.96,
        "marks": 0.99,
        "layout": 0.92,
        "structure": 0.96,
        "overall": 0.96
      },
      "textPreview": "4 50 numbers to be stored in an array. 0 Count ← REPEAT INPUT Values[Count] Count + 1 Count ← UNTIL Count = 0 Explain why the algorithm will never end. (a) [2] Re-write the original pseudocode so that it terminates correctly also prevents numbers (b) and below 100 from being stored in the array Values[ ] [4] Describe how you could change your pseudocode in s"
    },
    {
      "questionNumber": "5",
      "pageStart": 10,
      "pageEnd": 12,
      "marks": 6,
      "confidence": {
        "marker": 0.98,
        "boundary": 0.96,
        "text": 0.96,
        "marks": 0.99,
        "layout": 0.92,
        "structure": 0.96,
        "overall": 0.96
      },
      "textPreview": "5 The predefined function gives the value of the result of integer division, DIV gives a value of for example, 9 DIV 4 y 2 y ← An input value of –1 ends the algorithm. START INPUT Value IS Yes Value = ? -1 No Calc1 Value DIV 2 Calc2 Value DIV 3 IS No Calc1 = ? Value / 2 Yes IS No Calc2 = ? Value / 3 Yes OUTPUT Value END Complete the trace table for the input"
    },
    {
      "questionNumber": "6",
      "pageStart": 12,
      "pageEnd": 13,
      "marks": 7,
      "confidence": {
        "marker": 0.98,
        "boundary": 0.88,
        "text": 0.96,
        "marks": 0.99,
        "layout": 0.92,
        "structure": 0.96,
        "overall": 0.95
      },
      "textPreview": "6 is the primary key in the TOOLS table. Code Code Description Price ($) Quantity_Stock Quantity_Ordered GFLG Garden Fork 50.00 1 50 GSLG Garden Spade 50.00 11 0 GHLG Garden Hoe 45.00 8 0 HFSM Hand Fork 9.99 42 0 HSSM Hand Spade 9.99 40 0 HWSM Hand Weeder 9.99 11 0 HS20 Hose (20 metres) 45.00 10 0 HS35 Hose (35 metres) 60.00 2 0 HS50 Hose (50 metres) 75.00 2"
    }
  ]
}
[2026-07-13T02:03:51.972Z] parserVersion=0.4.0
[2026-07-13T02:03:51.972Z] documentRole=question_paper
[2026-07-13T02:03:51.972Z] validationProfile=QUESTION_PAPER
[2026-07-13T02:03:52.291Z] stage.exitCode=0
[2026-07-13T02:03:52.291Z] stage.stdout=
> paperlens-fullstack@1.0.0 pdf:stage-sample
> node scripts/stage-paper-sample.js --sample=/Users/amelia/Desktop/Workspace/workspace/Project_01CAIE_CS_Paper_Checklist/output/ingestion-samples/0478_s20_qp_21.sample.json --output=/Users/amelia/Desktop/Workspace/workspace/Project_01CAIE_CS_Paper_Checklist/output/phase2/staging/0478_s20_qp_21.staging.json --approve-golden --human-admin-review --human-reviewer=phase-batch-regression

{
  "outputPath": "/Users/amelia/Desktop/Workspace/workspace/Project_01CAIE_CS_Paper_Checklist/output/phase2/staging/0478_s20_qp_21.staging.json",
  "runId": "0478-2020-MJ-21-QP-RUN-d19e28bdb336",
  "status": "READY_TO_PUBLISH",
  "publishStatus": "READY_TO_PUBLISH",
  "canonicalCompleteness": {
    "status": "PASS",
    "publishable": true,
    "stagingPath": "/Users/amelia/Desktop/Workspace/workspace/Project_01CAIE_CS_Paper_Checklist/output/phase2/staging/0478_s20_qp_21.staging.json",
    "documentRole": "question_paper",
    "checks": {
      "questionCoverage": "PASS",
      "leafCoverage": "PASS",
      "markCoverage": "PASS",
      "responseAreaCoverage": "PASS",
      "sourceTraceCoverage": "PASS",
      "canonicalStructureCompleteness": "PASS"
    },
    "summary": {
      "questionCount": 6,
      "leafQuestionCount": 17,
      "markSchemeEntryCount": 0,
      "responseAreaCoverage": {
        "required": 16,
        "present": 16,
        "ratio": 1
      }
    },
    "issues": [
      {
        "severity": "P3",
        "code": "CANONICAL_MARK_COVERAGE_INCOMPLETE",
        "check": "markCoverage",
        "message": "Leaf mark is absent under an existing staging rule that permits null marks.",
        "questionId": "0478-2020-MJ-21-Q4-C",
        "pageNumber": null
      }
    ]
  },
  "p0": 0,
  "p1": 0,
  "p2": 0,
  "issues": []
}
[2026-07-13T02:03:52.293Z] stagingId=0478-2020-MJ-21-QP-RUN-d19e28bdb336
[2026-07-13T02:03:52.293Z] validationStatus=PASS
[2026-07-13T02:03:52.293Z] publishStatus=READY_TO_PUBLISH
[2026-07-13T02:03:52.293Z] canonicalCompletenessStatus=PASS
[2026-07-13T02:03:52.293Z] canonicalPublishable=true
[2026-07-13T02:03:52.293Z] issueCounts={"P0":0,"P1":0,"P2":0}
[2026-07-13T02:03:52.293Z] endTime=2026-07-13T02:03:52.293Z
[2026-07-13T02:03:52.293Z] status=PASS
