[2026-07-13T02:03:48.637Z] file=public/textbook_syllabus/pastpaper/caie-igcse-0478/2020-May-June /0478_s20_ms_13.pdf
[2026-07-13T02:03:48.637Z] startTime=2026-07-13T02:03:48.637Z
[2026-07-13T02:03:48.637Z] expectedRole=mark_scheme
[2026-07-13T02:03:49.771Z] extract.exitCode=0
[2026-07-13T02:03:49.771Z] extract.stdout=
{
  "outputPath": "/Users/amelia/Desktop/Workspace/workspace/Project_01CAIE_CS_Paper_Checklist/output/ingestion-samples/0478_s20_ms_13.sample.json",
  "sourceFile": "public/textbook_syllabus/pastpaper/caie-igcse-0478/2020-May-June /0478_s20_ms_13.pdf",
  "pageCount": 10,
  "questionCount": 0,
  "questions": []
}
[2026-07-13T02:03:49.772Z] parserVersion=0.4.0
[2026-07-13T02:03:49.772Z] documentRole=mark_scheme
[2026-07-13T02:03:49.772Z] validationProfile=MARK_SCHEME
[2026-07-13T02:03:50.061Z] stage.exitCode=0
[2026-07-13T02:03:50.061Z] stage.stdout=
> paperlens-fullstack@1.0.0 pdf:stage-sample
> node scripts/stage-paper-sample.js --sample=/Users/amelia/Desktop/Workspace/workspace/Project_01CAIE_CS_Paper_Checklist/output/ingestion-samples/0478_s20_ms_13.sample.json --output=/Users/amelia/Desktop/Workspace/workspace/Project_01CAIE_CS_Paper_Checklist/output/phase2/staging/0478_s20_ms_13.staging.json --approve-golden --human-admin-review --human-reviewer=phase-batch-regression

{
  "outputPath": "/Users/amelia/Desktop/Workspace/workspace/Project_01CAIE_CS_Paper_Checklist/output/phase2/staging/0478_s20_ms_13.staging.json",
  "runId": "0478-2020-MJ-13-MS-RUN-fb1426e6b4a4",
  "status": "READY_TO_PUBLISH",
  "publishStatus": "READY_TO_PUBLISH",
  "canonicalCompleteness": {
    "status": "PASS",
    "publishable": true,
    "stagingPath": "/Users/amelia/Desktop/Workspace/workspace/Project_01CAIE_CS_Paper_Checklist/output/phase2/staging/0478_s20_ms_13.staging.json",
    "documentRole": "mark_scheme",
    "checks": {
      "questionCoverage": "PASS",
      "leafCoverage": "PASS",
      "markCoverage": "PASS",
      "responseAreaCoverage": "PASS",
      "sourceTraceCoverage": "PASS",
      "canonicalStructureCompleteness": "PASS"
    },
    "summary": {
      "questionCount": 0,
      "leafQuestionCount": 0,
      "markSchemeEntryCount": 7,
      "responseAreaCoverage": {
        "required": 0,
        "present": 0,
        "ratio": 1
      }
    },
    "issues": []
  },
  "p0": 0,
  "p1": 0,
  "p2": 0,
  "issues": []
}
[2026-07-13T02:03:50.062Z] stagingId=0478-2020-MJ-13-MS-RUN-fb1426e6b4a4
[2026-07-13T02:03:50.062Z] validationStatus=PASS
[2026-07-13T02:03:50.062Z] publishStatus=READY_TO_PUBLISH
[2026-07-13T02:03:50.062Z] canonicalCompletenessStatus=PASS
[2026-07-13T02:03:50.062Z] canonicalPublishable=true
[2026-07-13T02:03:50.062Z] issueCounts={"P0":0,"P1":0,"P2":0}
[2026-07-13T02:03:50.062Z] endTime=2026-07-13T02:03:50.062Z
[2026-07-13T02:03:50.062Z] status=PASS
