[2026-07-13T02:03:20.621Z] file=public/textbook_syllabus/pastpaper/caie-igcse-0478/2019-Oct-Nov/0478_w19_qp_11.pdf
[2026-07-13T02:03:20.621Z] startTime=2026-07-13T02:03:20.621Z
[2026-07-13T02:03:20.621Z] expectedRole=question_paper
[2026-07-13T02:03:21.954Z] extract.exitCode=0
[2026-07-13T02:03:21.954Z] extract.stdout=
{
  "outputPath": "/Users/amelia/Desktop/Workspace/workspace/Project_01CAIE_CS_Paper_Checklist/output/ingestion-samples/0478_w19_qp_11.sample.json",
  "sourceFile": "public/textbook_syllabus/pastpaper/caie-igcse-0478/2019-Oct-Nov/0478_w19_qp_11.pdf",
  "pageCount": 12,
  "questionCount": 9,
  "questions": [
    {
      "questionNumber": "1",
      "pageStart": 2,
      "pageEnd": 2,
      "marks": 5,
      "confidence": {
        "marker": 0.98,
        "boundary": 0.96,
        "text": 0.96,
        "marks": 0.99,
        "layout": 0.92,
        "structure": 0.96,
        "overall": 0.96
      },
      "textPreview": "1 Andrew wants to produce advertising material for his company. (a) Andrew can use an Inkjet printer or a Laser printer . Draw lines to connect each printer to a correct statement. More than one line may be used to connect to each printer or statement. Printer Statement Can print in colour Inkjet printer Uses a charged drum to create the printed item Uses po"
    },
    {
      "questionNumber": "2",
      "pageStart": 3,
      "pageEnd": 3,
      "marks": 8,
      "confidence": {
        "marker": 0.98,
        "boundary": 0.96,
        "text": 0.96,
        "marks": 0.99,
        "layout": 0.92,
        "structure": 0.96,
        "overall": 0.96
      },
      "textPreview": "2 An electronic guessing game compares denary integer values input by a user with pre-stored values. The pre-stored values are held in 10-bit binary format. (a) Convert the binary values in the table to denary. Binary Denary 0001001110 0110110111 1000000001 [3] (b) When planning the game, the designer decided to use hexadecimal notation to represent the bina"
    },
    {
      "questionNumber": "3",
      "pageStart": 3,
      "pageEnd": 4,
      "marks": 11,
      "confidence": {
        "marker": 0.98,
        "boundary": 0.96,
        "text": 0.96,
        "marks": 0.99,
        "layout": 0.92,
        "structure": 0.96,
        "overall": 0.96
      },
      "textPreview": "3 A company has several offices. It uses the Internet to transfer data between offices. The company also makes payments to staff and suppliers using online banking. The company are concerned about spyware and other security aspects of using the Internet. (a) Explain what is meant by spyware and how it is used to obtain data. [3] (b) The company uses a web pa"
    },
    {
      "questionNumber": "4",
      "pageStart": 5,
      "pageEnd": 5,
      "marks": 7,
      "confidence": {
        "marker": 0.98,
        "boundary": 0.96,
        "text": 0.96,
        "marks": 0.99,
        "layout": 0.92,
        "structure": 0.96,
        "overall": 0.96
      },
      "textPreview": "4 A zoo has an information point. • Visitors use a menu to select information about animals. • The menu includes 500 different animals. • The information is provided only using high definition video with an audio track. (a) State one input device that could be used for the information point. [1] (b) The output is shown on a monitor. State one other output de"
    },
    {
      "questionNumber": "5",
      "pageStart": 6,
      "pageEnd": 6,
      "marks": 8,
      "confidence": {
        "marker": 0.98,
        "boundary": 0.96,
        "text": 0.96,
        "marks": 0.99,
        "layout": 0.92,
        "structure": 0.96,
        "overall": 0.96
      },
      "textPreview": "5 Sonia shares files with her friends. The method of data transmission she uses is half-duplex serial transmission. (a) Describe how data is transmitted using half-duplex serial data transmission. [4] (b) The system uses parity bits to check for errors during data transmission. The outcome of four bytes after transmission is: Byte 1 Byte 2 Byte 3 Byte 4 0011"
    },
    {
      "questionNumber": "6",
      "pageStart": 7,
      "pageEnd": 8,
      "marks": 15,
      "confidence": {
        "marker": 0.98,
        "boundary": 0.96,
        "text": 0.96,
        "marks": 0.99,
        "layout": 0.92,
        "structure": 0.96,
        "overall": 0.96
      },
      "textPreview": "6 Ishan is a member of a software community that develops computer games. He has programmed a new feature for one of the community’s existing games. (a) Ishan compiles the program before he issues it to the community. (i) Explain one benefit of Ishan compiling the program. [1] (ii) Explain one drawback of Ishan compiling the program. [1] (b) Ishan shares the"
    },
    {
      "questionNumber": "7",
      "pageStart": 9,
      "pageEnd": 11,
      "marks": 9,
      "confidence": {
        "marker": 0.98,
        "boundary": 0.96,
        "text": 0.96,
        "marks": 0.99,
        "layout": 0.92,
        "structure": 0.96,
        "overall": 0.96
      },
      "textPreview": "7 A factory manufactures plastic pipes. It uses logic circuits to control the manufacturing process. (a) Consider the logic gate: Input A Output Input B Complete the truth table for this logic gate. Input A Input B Output 0 0 0 1 1 0 1 1 [1] (b) Consider the truth table: Input A Input B Output 0 0 0 0 1 1 1 0 1 1 1 0 State the single logic gate that produces"
    },
    {
      "questionNumber": "8",
      "pageStart": 11,
      "pageEnd": 11,
      "marks": 6,
      "confidence": {
        "marker": 0.98,
        "boundary": 0.96,
        "text": 0.35,
        "marks": 0.99,
        "layout": 0.92,
        "structure": 0.96,
        "overall": 0.84
      },
      "textPreview": "8 Explain how an instruction is fetched in a Von Neumann model computer. [6]"
    },
    {
      "questionNumber": "9",
      "pageStart": 11,
      "pageEnd": 12,
      "marks": 6,
      "confidence": {
        "marker": 0.98,
        "boundary": 0.88,
        "text": 0.96,
        "marks": 0.99,
        "layout": 0.92,
        "structure": 0.96,
        "overall": 0.95
      },
      "textPreview": "9 HTML can be used to create the structure and the presentation of web pages. (a) Describe what is meant by HTML structure. [2] (b) Gloria writes a paragraph as an answer to an examination question about accessing a website. Use the list given to complete Gloria’s answer by inserting the correct four missing terms. Not all terms will be used. • browser • coo"
    }
  ]
}
[2026-07-13T02:03:21.955Z] parserVersion=0.4.0
[2026-07-13T02:03:21.955Z] documentRole=question_paper
[2026-07-13T02:03:21.955Z] validationProfile=QUESTION_PAPER
[2026-07-13T02:03:22.205Z] stage.exitCode=0
[2026-07-13T02:03:22.206Z] stage.stdout=
> paperlens-fullstack@1.0.0 pdf:stage-sample
> node scripts/stage-paper-sample.js --sample=/Users/amelia/Desktop/Workspace/workspace/Project_01CAIE_CS_Paper_Checklist/output/ingestion-samples/0478_w19_qp_11.sample.json --output=/Users/amelia/Desktop/Workspace/workspace/Project_01CAIE_CS_Paper_Checklist/output/phase2/staging/0478_w19_qp_11.staging.json --approve-golden --human-admin-review --human-reviewer=phase-batch-regression

{
  "outputPath": "/Users/amelia/Desktop/Workspace/workspace/Project_01CAIE_CS_Paper_Checklist/output/phase2/staging/0478_w19_qp_11.staging.json",
  "runId": "0478-2019-ON-11-QP-RUN-179903ae676f",
  "status": "READY_TO_PUBLISH",
  "publishStatus": "READY_TO_PUBLISH",
  "canonicalCompleteness": {
    "status": "PASS",
    "publishable": true,
    "stagingPath": "/Users/amelia/Desktop/Workspace/workspace/Project_01CAIE_CS_Paper_Checklist/output/phase2/staging/0478_w19_qp_11.staging.json",
    "documentRole": "question_paper",
    "checks": {
      "questionCoverage": "PASS",
      "leafCoverage": "PASS",
      "markCoverage": "PASS",
      "responseAreaCoverage": "PASS",
      "sourceTraceCoverage": "PASS",
      "canonicalStructureCompleteness": "PASS"
    },
    "summary": {
      "questionCount": 9,
      "leafQuestionCount": 30,
      "markSchemeEntryCount": 0,
      "responseAreaCoverage": {
        "required": 30,
        "present": 30,
        "ratio": 1
      }
    },
    "issues": []
  },
  "p0": 0,
  "p1": 0,
  "p2": 0,
  "issues": []
}
[2026-07-13T02:03:22.208Z] stagingId=0478-2019-ON-11-QP-RUN-179903ae676f
[2026-07-13T02:03:22.208Z] validationStatus=PASS
[2026-07-13T02:03:22.208Z] publishStatus=READY_TO_PUBLISH
[2026-07-13T02:03:22.208Z] canonicalCompletenessStatus=PASS
[2026-07-13T02:03:22.208Z] canonicalPublishable=true
[2026-07-13T02:03:22.208Z] issueCounts={"P0":0,"P1":0,"P2":0}
[2026-07-13T02:03:22.208Z] endTime=2026-07-13T02:03:22.208Z
[2026-07-13T02:03:22.208Z] status=PASS
