[2026-07-13T02:03:12.880Z] file=public/textbook_syllabus/pastpaper/caie-igcse-0478/2019-May-June/0478_s19_ms_21.pdf
[2026-07-13T02:03:12.880Z] startTime=2026-07-13T02:03:12.880Z
[2026-07-13T02:03:12.880Z] expectedRole=mark_scheme
[2026-07-13T02:03:13.889Z] extract.exitCode=0
[2026-07-13T02:03:13.889Z] extract.stdout=
{
  "outputPath": "/Users/amelia/Desktop/Workspace/workspace/Project_01CAIE_CS_Paper_Checklist/output/ingestion-samples/0478_s19_ms_21.sample.json",
  "sourceFile": "public/textbook_syllabus/pastpaper/caie-igcse-0478/2019-May-June/0478_s19_ms_21.pdf",
  "pageCount": 9,
  "questionCount": 0,
  "questions": []
}
[2026-07-13T02:03:13.890Z] parserVersion=0.4.0
[2026-07-13T02:03:13.890Z] documentRole=mark_scheme
[2026-07-13T02:03:13.890Z] validationProfile=MARK_SCHEME
[2026-07-13T02:03:14.158Z] stage.exitCode=0
[2026-07-13T02:03:14.158Z] stage.stdout=
> paperlens-fullstack@1.0.0 pdf:stage-sample
> node scripts/stage-paper-sample.js --sample=/Users/amelia/Desktop/Workspace/workspace/Project_01CAIE_CS_Paper_Checklist/output/ingestion-samples/0478_s19_ms_21.sample.json --output=/Users/amelia/Desktop/Workspace/workspace/Project_01CAIE_CS_Paper_Checklist/output/phase2/staging/0478_s19_ms_21.staging.json --approve-golden --human-admin-review --human-reviewer=phase-batch-regression

{
  "outputPath": "/Users/amelia/Desktop/Workspace/workspace/Project_01CAIE_CS_Paper_Checklist/output/phase2/staging/0478_s19_ms_21.staging.json",
  "runId": "0478-2019-MJ-21-MS-RUN-c9d3daa76cdc",
  "status": "READY_TO_PUBLISH",
  "publishStatus": "READY_TO_PUBLISH",
  "canonicalCompleteness": {
    "status": "PASS",
    "publishable": true,
    "stagingPath": "/Users/amelia/Desktop/Workspace/workspace/Project_01CAIE_CS_Paper_Checklist/output/phase2/staging/0478_s19_ms_21.staging.json",
    "documentRole": "mark_scheme",
    "checks": {
      "questionCoverage": "PASS",
      "leafCoverage": "PASS",
      "markCoverage": "PASS",
      "responseAreaCoverage": "PASS",
      "sourceTraceCoverage": "PASS",
      "canonicalStructureCompleteness": "PASS"
    },
    "summary": {
      "questionCount": 0,
      "leafQuestionCount": 0,
      "markSchemeEntryCount": 16,
      "responseAreaCoverage": {
        "required": 0,
        "present": 0,
        "ratio": 1
      }
    },
    "issues": []
  },
  "p0": 0,
  "p1": 0,
  "p2": 0,
  "issues": []
}
[2026-07-13T02:03:14.159Z] stagingId=0478-2019-MJ-21-MS-RUN-c9d3daa76cdc
[2026-07-13T02:03:14.159Z] validationStatus=PASS
[2026-07-13T02:03:14.159Z] publishStatus=READY_TO_PUBLISH
[2026-07-13T02:03:14.159Z] canonicalCompletenessStatus=PASS
[2026-07-13T02:03:14.159Z] canonicalPublishable=true
[2026-07-13T02:03:14.159Z] issueCounts={"P0":0,"P1":0,"P2":0}
[2026-07-13T02:03:14.159Z] endTime=2026-07-13T02:03:14.159Z
[2026-07-13T02:03:14.159Z] status=PASS
