[2026-07-13T02:03:39.409Z] file=public/textbook_syllabus/pastpaper/caie-igcse-0478/2020-March/0478_m20_ms_22.pdf
[2026-07-13T02:03:39.409Z] startTime=2026-07-13T02:03:39.409Z
[2026-07-13T02:03:39.409Z] expectedRole=mark_scheme
[2026-07-13T02:03:40.532Z] extract.exitCode=0
[2026-07-13T02:03:40.532Z] extract.stdout=
{
  "outputPath": "/Users/amelia/Desktop/Workspace/workspace/Project_01CAIE_CS_Paper_Checklist/output/ingestion-samples/0478_m20_ms_22.sample.json",
  "sourceFile": "public/textbook_syllabus/pastpaper/caie-igcse-0478/2020-March/0478_m20_ms_22.pdf",
  "pageCount": 9,
  "questionCount": 0,
  "questions": []
}
[2026-07-13T02:03:40.532Z] parserVersion=0.4.0
[2026-07-13T02:03:40.532Z] documentRole=mark_scheme
[2026-07-13T02:03:40.532Z] validationProfile=MARK_SCHEME
[2026-07-13T02:03:40.836Z] stage.exitCode=0
[2026-07-13T02:03:40.836Z] stage.stdout=
> paperlens-fullstack@1.0.0 pdf:stage-sample
> node scripts/stage-paper-sample.js --sample=/Users/amelia/Desktop/Workspace/workspace/Project_01CAIE_CS_Paper_Checklist/output/ingestion-samples/0478_m20_ms_22.sample.json --output=/Users/amelia/Desktop/Workspace/workspace/Project_01CAIE_CS_Paper_Checklist/output/phase2/staging/0478_m20_ms_22.staging.json --approve-golden --human-admin-review --human-reviewer=phase-batch-regression

{
  "outputPath": "/Users/amelia/Desktop/Workspace/workspace/Project_01CAIE_CS_Paper_Checklist/output/phase2/staging/0478_m20_ms_22.staging.json",
  "runId": "0478-2020-FM-22-MS-RUN-1a66a30accd0",
  "status": "READY_TO_PUBLISH",
  "publishStatus": "READY_TO_PUBLISH",
  "canonicalCompleteness": {
    "status": "PASS",
    "publishable": true,
    "stagingPath": "/Users/amelia/Desktop/Workspace/workspace/Project_01CAIE_CS_Paper_Checklist/output/phase2/staging/0478_m20_ms_22.staging.json",
    "documentRole": "mark_scheme",
    "checks": {
      "questionCoverage": "PASS",
      "leafCoverage": "PASS",
      "markCoverage": "PASS",
      "responseAreaCoverage": "PASS",
      "sourceTraceCoverage": "PASS",
      "canonicalStructureCompleteness": "PASS"
    },
    "summary": {
      "questionCount": 0,
      "leafQuestionCount": 0,
      "markSchemeEntryCount": 10,
      "responseAreaCoverage": {
        "required": 0,
        "present": 0,
        "ratio": 1
      }
    },
    "issues": []
  },
  "p0": 0,
  "p1": 0,
  "p2": 0,
  "issues": []
}
[2026-07-13T02:03:40.836Z] stagingId=0478-2020-FM-22-MS-RUN-1a66a30accd0
[2026-07-13T02:03:40.836Z] validationStatus=PASS
[2026-07-13T02:03:40.836Z] publishStatus=READY_TO_PUBLISH
[2026-07-13T02:03:40.836Z] canonicalCompletenessStatus=PASS
[2026-07-13T02:03:40.836Z] canonicalPublishable=true
[2026-07-13T02:03:40.836Z] issueCounts={"P0":0,"P1":0,"P2":0}
[2026-07-13T02:03:40.836Z] endTime=2026-07-13T02:03:40.836Z
[2026-07-13T02:03:40.836Z] status=PASS
