[2026-07-13T02:03:25.458Z] file=public/textbook_syllabus/pastpaper/caie-igcse-0478/2019-Oct-Nov/0478_w19_ms_12.pdf
[2026-07-13T02:03:25.458Z] startTime=2026-07-13T02:03:25.458Z
[2026-07-13T02:03:25.458Z] expectedRole=mark_scheme
[2026-07-13T02:03:26.948Z] extract.exitCode=0
[2026-07-13T02:03:26.948Z] extract.stdout=
{
  "outputPath": "/Users/amelia/Desktop/Workspace/workspace/Project_01CAIE_CS_Paper_Checklist/output/ingestion-samples/0478_w19_ms_12.sample.json",
  "sourceFile": "public/textbook_syllabus/pastpaper/caie-igcse-0478/2019-Oct-Nov/0478_w19_ms_12.pdf",
  "pageCount": 15,
  "questionCount": 0,
  "questions": []
}
[2026-07-13T02:03:26.950Z] parserVersion=0.4.0
[2026-07-13T02:03:26.950Z] documentRole=mark_scheme
[2026-07-13T02:03:26.950Z] validationProfile=MARK_SCHEME
[2026-07-13T02:03:27.215Z] stage.exitCode=0
[2026-07-13T02:03:27.215Z] stage.stdout=
> paperlens-fullstack@1.0.0 pdf:stage-sample
> node scripts/stage-paper-sample.js --sample=/Users/amelia/Desktop/Workspace/workspace/Project_01CAIE_CS_Paper_Checklist/output/ingestion-samples/0478_w19_ms_12.sample.json --output=/Users/amelia/Desktop/Workspace/workspace/Project_01CAIE_CS_Paper_Checklist/output/phase2/staging/0478_w19_ms_12.staging.json --approve-golden --human-admin-review --human-reviewer=phase-batch-regression

{
  "outputPath": "/Users/amelia/Desktop/Workspace/workspace/Project_01CAIE_CS_Paper_Checklist/output/phase2/staging/0478_w19_ms_12.staging.json",
  "runId": "0478-2019-ON-12-MS-RUN-6d2769283b18",
  "status": "READY_TO_PUBLISH",
  "publishStatus": "READY_TO_PUBLISH",
  "canonicalCompleteness": {
    "status": "PASS",
    "publishable": true,
    "stagingPath": "/Users/amelia/Desktop/Workspace/workspace/Project_01CAIE_CS_Paper_Checklist/output/phase2/staging/0478_w19_ms_12.staging.json",
    "documentRole": "mark_scheme",
    "checks": {
      "questionCoverage": "PASS",
      "leafCoverage": "PASS",
      "markCoverage": "PASS",
      "responseAreaCoverage": "PASS",
      "sourceTraceCoverage": "PASS",
      "canonicalStructureCompleteness": "PASS"
    },
    "summary": {
      "questionCount": 0,
      "leafQuestionCount": 0,
      "markSchemeEntryCount": 11,
      "responseAreaCoverage": {
        "required": 0,
        "present": 0,
        "ratio": 1
      }
    },
    "issues": []
  },
  "p0": 0,
  "p1": 0,
  "p2": 0,
  "issues": []
}
[2026-07-13T02:03:27.216Z] stagingId=0478-2019-ON-12-MS-RUN-6d2769283b18
[2026-07-13T02:03:27.216Z] validationStatus=PASS
[2026-07-13T02:03:27.216Z] publishStatus=READY_TO_PUBLISH
[2026-07-13T02:03:27.216Z] canonicalCompletenessStatus=PASS
[2026-07-13T02:03:27.216Z] canonicalPublishable=true
[2026-07-13T02:03:27.216Z] issueCounts={"P0":0,"P1":0,"P2":0}
[2026-07-13T02:03:27.216Z] endTime=2026-07-13T02:03:27.216Z
[2026-07-13T02:03:27.216Z] status=PASS
