[2026-07-13T02:04:38.269Z] file=public/textbook_syllabus/pastpaper/caie-igcse-0478/2021-May-June/0478_s21_ms_12.pdf
[2026-07-13T02:04:38.269Z] startTime=2026-07-13T02:04:38.269Z
[2026-07-13T02:04:38.269Z] expectedRole=mark_scheme
[2026-07-13T02:04:39.481Z] extract.exitCode=0
[2026-07-13T02:04:39.481Z] extract.stdout=
{
  "outputPath": "/Users/amelia/Desktop/Workspace/workspace/Project_01CAIE_CS_Paper_Checklist/output/ingestion-samples/0478_s21_ms_12.sample.json",
  "sourceFile": "public/textbook_syllabus/pastpaper/caie-igcse-0478/2021-May-June/0478_s21_ms_12.pdf",
  "pageCount": 8,
  "questionCount": 0,
  "questions": []
}
[2026-07-13T02:04:39.482Z] parserVersion=0.4.0
[2026-07-13T02:04:39.482Z] documentRole=mark_scheme
[2026-07-13T02:04:39.482Z] validationProfile=MARK_SCHEME
[2026-07-13T02:04:39.797Z] stage.exitCode=0
[2026-07-13T02:04:39.797Z] stage.stdout=
> paperlens-fullstack@1.0.0 pdf:stage-sample
> node scripts/stage-paper-sample.js --sample=/Users/amelia/Desktop/Workspace/workspace/Project_01CAIE_CS_Paper_Checklist/output/ingestion-samples/0478_s21_ms_12.sample.json --output=/Users/amelia/Desktop/Workspace/workspace/Project_01CAIE_CS_Paper_Checklist/output/phase2/staging/0478_s21_ms_12.staging.json --approve-golden --human-admin-review --human-reviewer=phase-batch-regression

{
  "outputPath": "/Users/amelia/Desktop/Workspace/workspace/Project_01CAIE_CS_Paper_Checklist/output/phase2/staging/0478_s21_ms_12.staging.json",
  "runId": "0478-2021-MJ-12-MS-RUN-dfaf78250342",
  "status": "READY_TO_PUBLISH",
  "publishStatus": "READY_TO_PUBLISH",
  "canonicalCompleteness": {
    "status": "PASS",
    "publishable": true,
    "stagingPath": "/Users/amelia/Desktop/Workspace/workspace/Project_01CAIE_CS_Paper_Checklist/output/phase2/staging/0478_s21_ms_12.staging.json",
    "documentRole": "mark_scheme",
    "checks": {
      "questionCoverage": "PASS",
      "leafCoverage": "PASS",
      "markCoverage": "PASS",
      "responseAreaCoverage": "PASS",
      "sourceTraceCoverage": "PASS",
      "canonicalStructureCompleteness": "PASS"
    },
    "summary": {
      "questionCount": 0,
      "leafQuestionCount": 0,
      "markSchemeEntryCount": 21,
      "responseAreaCoverage": {
        "required": 0,
        "present": 0,
        "ratio": 1
      }
    },
    "issues": []
  },
  "p0": 0,
  "p1": 0,
  "p2": 0,
  "issues": []
}
[2026-07-13T02:04:39.798Z] stagingId=0478-2021-MJ-12-MS-RUN-dfaf78250342
[2026-07-13T02:04:39.798Z] validationStatus=PASS
[2026-07-13T02:04:39.798Z] publishStatus=READY_TO_PUBLISH
[2026-07-13T02:04:39.798Z] canonicalCompletenessStatus=PASS
[2026-07-13T02:04:39.798Z] canonicalPublishable=true
[2026-07-13T02:04:39.798Z] issueCounts={"P0":0,"P1":0,"P2":0}
[2026-07-13T02:04:39.798Z] endTime=2026-07-13T02:04:39.798Z
[2026-07-13T02:04:39.798Z] status=PASS
