[2026-07-13T02:02:28.949Z] file=public/textbook_syllabus/pastpaper/caie-igcse-0478/2023-Oct-Nov/0478_w23_ms_23.pdf
[2026-07-13T02:02:28.949Z] startTime=2026-07-13T02:02:28.949Z
[2026-07-13T02:02:28.949Z] expectedRole=mark_scheme
[2026-07-13T02:02:30.566Z] extract.exitCode=0
[2026-07-13T02:02:30.566Z] extract.stdout=
{
  "outputPath": "/Users/amelia/Desktop/Workspace/workspace/Project_01CAIE_CS_Paper_Checklist/output/ingestion-samples/0478_w23_ms_23.sample.json",
  "sourceFile": "public/textbook_syllabus/pastpaper/caie-igcse-0478/2023-Oct-Nov/0478_w23_ms_23.pdf",
  "pageCount": 16,
  "questionCount": 0,
  "questions": []
}
[2026-07-13T02:02:30.567Z] parserVersion=0.4.0
[2026-07-13T02:02:30.567Z] documentRole=mark_scheme
[2026-07-13T02:02:30.567Z] validationProfile=MARK_SCHEME
[2026-07-13T02:02:30.831Z] stage.exitCode=0
[2026-07-13T02:02:30.831Z] stage.stdout=
> paperlens-fullstack@1.0.0 pdf:stage-sample
> node scripts/stage-paper-sample.js --sample=/Users/amelia/Desktop/Workspace/workspace/Project_01CAIE_CS_Paper_Checklist/output/ingestion-samples/0478_w23_ms_23.sample.json --output=/Users/amelia/Desktop/Workspace/workspace/Project_01CAIE_CS_Paper_Checklist/output/phase2/staging/0478_w23_ms_23.staging.json --approve-golden --human-admin-review --human-reviewer=phase-batch-regression

{
  "outputPath": "/Users/amelia/Desktop/Workspace/workspace/Project_01CAIE_CS_Paper_Checklist/output/phase2/staging/0478_w23_ms_23.staging.json",
  "runId": "0478-2023-ON-23-MS-RUN-afb1c7e53202",
  "status": "READY_TO_PUBLISH",
  "publishStatus": "READY_TO_PUBLISH",
  "canonicalCompleteness": {
    "status": "PASS",
    "publishable": true,
    "stagingPath": "/Users/amelia/Desktop/Workspace/workspace/Project_01CAIE_CS_Paper_Checklist/output/phase2/staging/0478_w23_ms_23.staging.json",
    "documentRole": "mark_scheme",
    "checks": {
      "questionCoverage": "PASS",
      "leafCoverage": "PASS",
      "markCoverage": "PASS",
      "responseAreaCoverage": "PASS",
      "sourceTraceCoverage": "PASS",
      "canonicalStructureCompleteness": "PASS"
    },
    "summary": {
      "questionCount": 0,
      "leafQuestionCount": 0,
      "markSchemeEntryCount": 30,
      "responseAreaCoverage": {
        "required": 0,
        "present": 0,
        "ratio": 1
      }
    },
    "issues": []
  },
  "p0": 0,
  "p1": 0,
  "p2": 0,
  "issues": []
}
[2026-07-13T02:02:30.832Z] stagingId=0478-2023-ON-23-MS-RUN-afb1c7e53202
[2026-07-13T02:02:30.832Z] validationStatus=PASS
[2026-07-13T02:02:30.832Z] publishStatus=READY_TO_PUBLISH
[2026-07-13T02:02:30.832Z] canonicalCompletenessStatus=PASS
[2026-07-13T02:02:30.832Z] canonicalPublishable=true
[2026-07-13T02:02:30.832Z] issueCounts={"P0":0,"P1":0,"P2":0}
[2026-07-13T02:02:30.832Z] endTime=2026-07-13T02:02:30.832Z
[2026-07-13T02:02:30.832Z] status=PASS
