[2026-07-13T02:03:45.628Z] file=public/textbook_syllabus/pastpaper/caie-igcse-0478/2020-May-June /0478_s20_ms_12.pdf
[2026-07-13T02:03:45.628Z] startTime=2026-07-13T02:03:45.628Z
[2026-07-13T02:03:45.628Z] expectedRole=mark_scheme
[2026-07-13T02:03:46.774Z] extract.exitCode=0
[2026-07-13T02:03:46.774Z] extract.stdout=
{
  "outputPath": "/Users/amelia/Desktop/Workspace/workspace/Project_01CAIE_CS_Paper_Checklist/output/ingestion-samples/0478_s20_ms_12.sample.json",
  "sourceFile": "public/textbook_syllabus/pastpaper/caie-igcse-0478/2020-May-June /0478_s20_ms_12.pdf",
  "pageCount": 10,
  "questionCount": 0,
  "questions": []
}
[2026-07-13T02:03:46.775Z] parserVersion=0.4.0
[2026-07-13T02:03:46.775Z] documentRole=mark_scheme
[2026-07-13T02:03:46.775Z] validationProfile=MARK_SCHEME
[2026-07-13T02:03:47.037Z] stage.exitCode=0
[2026-07-13T02:03:47.037Z] stage.stdout=
> paperlens-fullstack@1.0.0 pdf:stage-sample
> node scripts/stage-paper-sample.js --sample=/Users/amelia/Desktop/Workspace/workspace/Project_01CAIE_CS_Paper_Checklist/output/ingestion-samples/0478_s20_ms_12.sample.json --output=/Users/amelia/Desktop/Workspace/workspace/Project_01CAIE_CS_Paper_Checklist/output/phase2/staging/0478_s20_ms_12.staging.json --approve-golden --human-admin-review --human-reviewer=phase-batch-regression

{
  "outputPath": "/Users/amelia/Desktop/Workspace/workspace/Project_01CAIE_CS_Paper_Checklist/output/phase2/staging/0478_s20_ms_12.staging.json",
  "runId": "0478-2020-MJ-12-MS-RUN-1ee1113db421",
  "status": "READY_TO_PUBLISH",
  "publishStatus": "READY_TO_PUBLISH",
  "canonicalCompleteness": {
    "status": "PASS",
    "publishable": true,
    "stagingPath": "/Users/amelia/Desktop/Workspace/workspace/Project_01CAIE_CS_Paper_Checklist/output/phase2/staging/0478_s20_ms_12.staging.json",
    "documentRole": "mark_scheme",
    "checks": {
      "questionCoverage": "PASS",
      "leafCoverage": "PASS",
      "markCoverage": "PASS",
      "responseAreaCoverage": "PASS",
      "sourceTraceCoverage": "PASS",
      "canonicalStructureCompleteness": "PASS"
    },
    "summary": {
      "questionCount": 0,
      "leafQuestionCount": 0,
      "markSchemeEntryCount": 5,
      "responseAreaCoverage": {
        "required": 0,
        "present": 0,
        "ratio": 1
      }
    },
    "issues": []
  },
  "p0": 0,
  "p1": 0,
  "p2": 0,
  "issues": []
}
[2026-07-13T02:03:47.037Z] stagingId=0478-2020-MJ-12-MS-RUN-1ee1113db421
[2026-07-13T02:03:47.037Z] validationStatus=PASS
[2026-07-13T02:03:47.037Z] publishStatus=READY_TO_PUBLISH
[2026-07-13T02:03:47.037Z] canonicalCompletenessStatus=PASS
[2026-07-13T02:03:47.037Z] canonicalPublishable=true
[2026-07-13T02:03:47.037Z] issueCounts={"P0":0,"P1":0,"P2":0}
[2026-07-13T02:03:47.037Z] endTime=2026-07-13T02:03:47.037Z
[2026-07-13T02:03:47.037Z] status=PASS
