[2026-07-13T02:05:02.071Z] file=public/textbook_syllabus/pastpaper/caie-as-a-level-9618/2021 May June/9618_s21_ms_22.pdf
[2026-07-13T02:05:02.071Z] startTime=2026-07-13T02:05:02.071Z
[2026-07-13T02:05:02.071Z] expectedRole=mark_scheme
[2026-07-13T02:05:03.594Z] extract.exitCode=0
[2026-07-13T02:05:03.594Z] extract.stdout=
{
  "outputPath": "/Users/amelia/Desktop/Workspace/workspace/Project_01CAIE_CS_Paper_Checklist/output/ingestion-samples/9618_s21_ms_22.sample.json",
  "sourceFile": "public/textbook_syllabus/pastpaper/caie-as-a-level-9618/2021 May June/9618_s21_ms_22.pdf",
  "pageCount": 10,
  "questionCount": 0,
  "questions": []
}
[2026-07-13T02:05:03.596Z] parserVersion=0.4.0
[2026-07-13T02:05:03.596Z] documentRole=mark_scheme
[2026-07-13T02:05:03.596Z] validationProfile=MARK_SCHEME
[2026-07-13T02:05:04.053Z] stage.exitCode=0
[2026-07-13T02:05:04.053Z] stage.stdout=
> paperlens-fullstack@1.0.0 pdf:stage-sample
> node scripts/stage-paper-sample.js --sample=/Users/amelia/Desktop/Workspace/workspace/Project_01CAIE_CS_Paper_Checklist/output/ingestion-samples/9618_s21_ms_22.sample.json --output=/Users/amelia/Desktop/Workspace/workspace/Project_01CAIE_CS_Paper_Checklist/output/phase2/staging/9618_s21_ms_22.staging.json --approve-golden --human-admin-review --human-reviewer=phase-batch-regression

{
  "outputPath": "/Users/amelia/Desktop/Workspace/workspace/Project_01CAIE_CS_Paper_Checklist/output/phase2/staging/9618_s21_ms_22.staging.json",
  "runId": "9618-2021-MJ-22-MS-RUN-bc9a3c2790d5",
  "status": "READY_TO_PUBLISH",
  "publishStatus": "READY_TO_PUBLISH",
  "canonicalCompleteness": {
    "status": "PASS",
    "publishable": true,
    "stagingPath": "/Users/amelia/Desktop/Workspace/workspace/Project_01CAIE_CS_Paper_Checklist/output/phase2/staging/9618_s21_ms_22.staging.json",
    "documentRole": "mark_scheme",
    "checks": {
      "questionCoverage": "PASS",
      "leafCoverage": "PASS",
      "markCoverage": "PASS",
      "responseAreaCoverage": "PASS",
      "sourceTraceCoverage": "PASS",
      "canonicalStructureCompleteness": "PASS"
    },
    "summary": {
      "questionCount": 0,
      "leafQuestionCount": 0,
      "markSchemeEntryCount": 22,
      "responseAreaCoverage": {
        "required": 0,
        "present": 0,
        "ratio": 1
      }
    },
    "issues": []
  },
  "p0": 0,
  "p1": 0,
  "p2": 0,
  "issues": []
}
[2026-07-13T02:05:04.055Z] stagingId=9618-2021-MJ-22-MS-RUN-bc9a3c2790d5
[2026-07-13T02:05:04.055Z] validationStatus=PASS
[2026-07-13T02:05:04.055Z] publishStatus=READY_TO_PUBLISH
[2026-07-13T02:05:04.055Z] canonicalCompletenessStatus=PASS
[2026-07-13T02:05:04.055Z] canonicalPublishable=true
[2026-07-13T02:05:04.055Z] issueCounts={"P0":0,"P1":0,"P2":0}
[2026-07-13T02:05:04.055Z] endTime=2026-07-13T02:05:04.055Z
[2026-07-13T02:05:04.055Z] status=PASS
