[2026-07-13T02:06:28.717Z] file=public/textbook_syllabus/pastpaper/caie-as-a-level-9618/2021 Oct Nov/9618_w21_ms_41.pdf
[2026-07-13T02:06:28.717Z] startTime=2026-07-13T02:06:28.717Z
[2026-07-13T02:06:28.717Z] expectedRole=mark_scheme
[2026-07-13T02:06:32.161Z] extract.exitCode=0
[2026-07-13T02:06:32.161Z] extract.stdout=
{
  "outputPath": "/Users/amelia/Desktop/Workspace/workspace/Project_01CAIE_CS_Paper_Checklist/output/ingestion-samples/9618_w21_ms_41.sample.json",
  "sourceFile": "public/textbook_syllabus/pastpaper/caie-as-a-level-9618/2021 Oct Nov/9618_w21_ms_41.pdf",
  "pageCount": 23,
  "questionCount": 0,
  "questions": []
}
[2026-07-13T02:06:32.166Z] parserVersion=0.4.0
[2026-07-13T02:06:32.166Z] documentRole=mark_scheme
[2026-07-13T02:06:32.166Z] validationProfile=MARK_SCHEME
[2026-07-13T02:06:32.636Z] stage.exitCode=0
[2026-07-13T02:06:32.636Z] stage.stdout=
> paperlens-fullstack@1.0.0 pdf:stage-sample
> node scripts/stage-paper-sample.js --sample=/Users/amelia/Desktop/Workspace/workspace/Project_01CAIE_CS_Paper_Checklist/output/ingestion-samples/9618_w21_ms_41.sample.json --output=/Users/amelia/Desktop/Workspace/workspace/Project_01CAIE_CS_Paper_Checklist/output/phase2/staging/9618_w21_ms_41.staging.json --approve-golden --human-admin-review --human-reviewer=phase-batch-regression

{
  "outputPath": "/Users/amelia/Desktop/Workspace/workspace/Project_01CAIE_CS_Paper_Checklist/output/phase2/staging/9618_w21_ms_41.staging.json",
  "runId": "9618-2021-ON-41-MS-RUN-f95f8e857df8",
  "status": "READY_TO_PUBLISH",
  "publishStatus": "READY_TO_PUBLISH",
  "canonicalCompleteness": {
    "status": "PASS",
    "publishable": true,
    "stagingPath": "/Users/amelia/Desktop/Workspace/workspace/Project_01CAIE_CS_Paper_Checklist/output/phase2/staging/9618_w21_ms_41.staging.json",
    "documentRole": "mark_scheme",
    "checks": {
      "questionCoverage": "PASS",
      "leafCoverage": "PASS",
      "markCoverage": "PASS",
      "responseAreaCoverage": "PASS",
      "sourceTraceCoverage": "PASS",
      "canonicalStructureCompleteness": "PASS"
    },
    "summary": {
      "questionCount": 0,
      "leafQuestionCount": 0,
      "markSchemeEntryCount": 33,
      "responseAreaCoverage": {
        "required": 0,
        "present": 0,
        "ratio": 1
      }
    },
    "issues": []
  },
  "p0": 0,
  "p1": 0,
  "p2": 0,
  "issues": []
}
[2026-07-13T02:06:32.643Z] stagingId=9618-2021-ON-41-MS-RUN-f95f8e857df8
[2026-07-13T02:06:32.643Z] validationStatus=PASS
[2026-07-13T02:06:32.643Z] publishStatus=READY_TO_PUBLISH
[2026-07-13T02:06:32.643Z] canonicalCompletenessStatus=PASS
[2026-07-13T02:06:32.643Z] canonicalPublishable=true
[2026-07-13T02:06:32.643Z] issueCounts={"P0":0,"P1":0,"P2":0}
[2026-07-13T02:06:32.643Z] endTime=2026-07-13T02:06:32.643Z
[2026-07-13T02:06:32.643Z] status=PASS
