[2026-07-13T02:04:51.187Z] file=public/textbook_syllabus/pastpaper/caie-as-a-level-9618/2021 May June/9618_s21_ms_13.pdf
[2026-07-13T02:04:51.187Z] startTime=2026-07-13T02:04:51.187Z
[2026-07-13T02:04:51.187Z] expectedRole=mark_scheme
[2026-07-13T02:04:52.723Z] extract.exitCode=0
[2026-07-13T02:04:52.723Z] extract.stdout=
{
  "outputPath": "/Users/amelia/Desktop/Workspace/workspace/Project_01CAIE_CS_Paper_Checklist/output/ingestion-samples/9618_s21_ms_13.sample.json",
  "sourceFile": "public/textbook_syllabus/pastpaper/caie-as-a-level-9618/2021 May June/9618_s21_ms_13.pdf",
  "pageCount": 10,
  "questionCount": 0,
  "questions": []
}
[2026-07-13T02:04:52.725Z] parserVersion=0.4.0
[2026-07-13T02:04:52.725Z] documentRole=mark_scheme
[2026-07-13T02:04:52.725Z] validationProfile=MARK_SCHEME
[2026-07-13T02:04:53.127Z] stage.exitCode=0
[2026-07-13T02:04:53.127Z] stage.stdout=
> paperlens-fullstack@1.0.0 pdf:stage-sample
> node scripts/stage-paper-sample.js --sample=/Users/amelia/Desktop/Workspace/workspace/Project_01CAIE_CS_Paper_Checklist/output/ingestion-samples/9618_s21_ms_13.sample.json --output=/Users/amelia/Desktop/Workspace/workspace/Project_01CAIE_CS_Paper_Checklist/output/phase2/staging/9618_s21_ms_13.staging.json --approve-golden --human-admin-review --human-reviewer=phase-batch-regression

{
  "outputPath": "/Users/amelia/Desktop/Workspace/workspace/Project_01CAIE_CS_Paper_Checklist/output/phase2/staging/9618_s21_ms_13.staging.json",
  "runId": "9618-2021-MJ-13-MS-RUN-0c6950bf86ea",
  "status": "NEEDS_REVIEW",
  "publishStatus": "BLOCKED",
  "canonicalCompleteness": {
    "status": "PASS",
    "publishable": true,
    "stagingPath": "/Users/amelia/Desktop/Workspace/workspace/Project_01CAIE_CS_Paper_Checklist/output/phase2/staging/9618_s21_ms_13.staging.json",
    "documentRole": "mark_scheme",
    "checks": {
      "questionCoverage": "PASS",
      "leafCoverage": "PASS",
      "markCoverage": "PASS",
      "responseAreaCoverage": "PASS",
      "sourceTraceCoverage": "PASS",
      "canonicalStructureCompleteness": "PASS"
    },
    "summary": {
      "questionCount": 0,
      "leafQuestionCount": 0,
      "markSchemeEntryCount": 30,
      "responseAreaCoverage": {
        "required": 0,
        "present": 0,
        "ratio": 1
      }
    },
    "issues": []
  },
  "p0": 0,
  "p1": 1,
  "p2": 0,
  "issues": [
    [
      "P1",
      "SUSPICIOUS_GLYPHS_REMAIN",
      null
    ]
  ]
}
[2026-07-13T02:04:53.129Z] stagingId=9618-2021-MJ-13-MS-RUN-0c6950bf86ea
[2026-07-13T02:04:53.129Z] validationStatus=WARN
[2026-07-13T02:04:53.129Z] publishStatus=BLOCKED
[2026-07-13T02:04:53.129Z] canonicalCompletenessStatus=PASS
[2026-07-13T02:04:53.129Z] canonicalPublishable=true
[2026-07-13T02:04:53.129Z] issueCounts={"P0":0,"P1":1,"P2":0}
[2026-07-13T02:04:53.129Z] endTime=2026-07-13T02:04:53.129Z
[2026-07-13T02:04:53.129Z] status=PASS
