[2026-07-13T02:02:53.686Z] file=public/textbook_syllabus/pastpaper/caie-as-a-level-9618/2025 May June/9618_s25_ms_11.pdf
[2026-07-13T02:02:53.686Z] startTime=2026-07-13T02:02:53.686Z
[2026-07-13T02:02:53.686Z] expectedRole=mark_scheme
[2026-07-13T02:02:54.948Z] extract.exitCode=0
[2026-07-13T02:02:54.948Z] extract.stdout=
{
  "outputPath": "/Users/amelia/Desktop/Workspace/workspace/Project_01CAIE_CS_Paper_Checklist/output/ingestion-samples/9618_s25_ms_11.sample.json",
  "sourceFile": "public/textbook_syllabus/pastpaper/caie-as-a-level-9618/2025 May June/9618_s25_ms_11.pdf",
  "pageCount": 12,
  "questionCount": 0,
  "questions": []
}
[2026-07-13T02:02:54.950Z] parserVersion=0.4.0
[2026-07-13T02:02:54.950Z] documentRole=mark_scheme
[2026-07-13T02:02:54.950Z] validationProfile=MARK_SCHEME
[2026-07-13T02:02:55.212Z] stage.exitCode=0
[2026-07-13T02:02:55.212Z] stage.stdout=
> paperlens-fullstack@1.0.0 pdf:stage-sample
> node scripts/stage-paper-sample.js --sample=/Users/amelia/Desktop/Workspace/workspace/Project_01CAIE_CS_Paper_Checklist/output/ingestion-samples/9618_s25_ms_11.sample.json --output=/Users/amelia/Desktop/Workspace/workspace/Project_01CAIE_CS_Paper_Checklist/output/phase2/staging/9618_s25_ms_11.staging.json --approve-golden --human-admin-review --human-reviewer=phase-batch-regression

{
  "outputPath": "/Users/amelia/Desktop/Workspace/workspace/Project_01CAIE_CS_Paper_Checklist/output/phase2/staging/9618_s25_ms_11.staging.json",
  "runId": "9618-2025-MJ-11-MS-RUN-8bf543ddd26e",
  "status": "READY_TO_PUBLISH",
  "publishStatus": "READY_TO_PUBLISH",
  "canonicalCompleteness": {
    "status": "PASS",
    "publishable": true,
    "stagingPath": "/Users/amelia/Desktop/Workspace/workspace/Project_01CAIE_CS_Paper_Checklist/output/phase2/staging/9618_s25_ms_11.staging.json",
    "documentRole": "mark_scheme",
    "checks": {
      "questionCoverage": "PASS",
      "leafCoverage": "PASS",
      "markCoverage": "PASS",
      "responseAreaCoverage": "PASS",
      "sourceTraceCoverage": "PASS",
      "canonicalStructureCompleteness": "PASS"
    },
    "summary": {
      "questionCount": 0,
      "leafQuestionCount": 0,
      "markSchemeEntryCount": 28,
      "responseAreaCoverage": {
        "required": 0,
        "present": 0,
        "ratio": 1
      }
    },
    "issues": []
  },
  "p0": 0,
  "p1": 0,
  "p2": 0,
  "issues": []
}
[2026-07-13T02:02:55.213Z] stagingId=9618-2025-MJ-11-MS-RUN-8bf543ddd26e
[2026-07-13T02:02:55.213Z] validationStatus=PASS
[2026-07-13T02:02:55.213Z] publishStatus=READY_TO_PUBLISH
[2026-07-13T02:02:55.213Z] canonicalCompletenessStatus=PASS
[2026-07-13T02:02:55.213Z] canonicalPublishable=true
[2026-07-13T02:02:55.213Z] issueCounts={"P0":0,"P1":0,"P2":0}
[2026-07-13T02:02:55.213Z] endTime=2026-07-13T02:02:55.213Z
[2026-07-13T02:02:55.213Z] status=PASS
