[2026-07-13T02:06:08.489Z] file=public/textbook_syllabus/pastpaper/caie-as-a-level-9618/2021 Oct Nov/9618_w21_ms_22.pdf
[2026-07-13T02:06:08.489Z] startTime=2026-07-13T02:06:08.489Z
[2026-07-13T02:06:08.489Z] expectedRole=mark_scheme
[2026-07-13T02:06:10.138Z] extract.exitCode=0
[2026-07-13T02:06:10.138Z] extract.stdout=
{
  "outputPath": "/Users/amelia/Desktop/Workspace/workspace/Project_01CAIE_CS_Paper_Checklist/output/ingestion-samples/9618_w21_ms_22.sample.json",
  "sourceFile": "public/textbook_syllabus/pastpaper/caie-as-a-level-9618/2021 Oct Nov/9618_w21_ms_22.pdf",
  "pageCount": 10,
  "questionCount": 0,
  "questions": []
}
[2026-07-13T02:06:10.140Z] parserVersion=0.4.0
[2026-07-13T02:06:10.140Z] documentRole=mark_scheme
[2026-07-13T02:06:10.140Z] validationProfile=MARK_SCHEME
[2026-07-13T02:06:10.497Z] stage.exitCode=0
[2026-07-13T02:06:10.497Z] stage.stdout=
> paperlens-fullstack@1.0.0 pdf:stage-sample
> node scripts/stage-paper-sample.js --sample=/Users/amelia/Desktop/Workspace/workspace/Project_01CAIE_CS_Paper_Checklist/output/ingestion-samples/9618_w21_ms_22.sample.json --output=/Users/amelia/Desktop/Workspace/workspace/Project_01CAIE_CS_Paper_Checklist/output/phase2/staging/9618_w21_ms_22.staging.json --approve-golden --human-admin-review --human-reviewer=phase-batch-regression

{
  "outputPath": "/Users/amelia/Desktop/Workspace/workspace/Project_01CAIE_CS_Paper_Checklist/output/phase2/staging/9618_w21_ms_22.staging.json",
  "runId": "9618-2021-ON-22-MS-RUN-44c38930bd6a",
  "status": "NEEDS_REVIEW",
  "publishStatus": "BLOCKED",
  "canonicalCompleteness": {
    "status": "PASS",
    "publishable": true,
    "stagingPath": "/Users/amelia/Desktop/Workspace/workspace/Project_01CAIE_CS_Paper_Checklist/output/phase2/staging/9618_w21_ms_22.staging.json",
    "documentRole": "mark_scheme",
    "checks": {
      "questionCoverage": "PASS",
      "leafCoverage": "PASS",
      "markCoverage": "PASS",
      "responseAreaCoverage": "PASS",
      "sourceTraceCoverage": "PASS",
      "canonicalStructureCompleteness": "PASS"
    },
    "summary": {
      "questionCount": 0,
      "leafQuestionCount": 0,
      "markSchemeEntryCount": 24,
      "responseAreaCoverage": {
        "required": 0,
        "present": 0,
        "ratio": 1
      }
    },
    "issues": []
  },
  "p0": 0,
  "p1": 1,
  "p2": 0,
  "issues": [
    [
      "P1",
      "SUSPICIOUS_GLYPHS_REMAIN",
      null
    ]
  ]
}
[2026-07-13T02:06:10.499Z] stagingId=9618-2021-ON-22-MS-RUN-44c38930bd6a
[2026-07-13T02:06:10.499Z] validationStatus=WARN
[2026-07-13T02:06:10.499Z] publishStatus=BLOCKED
[2026-07-13T02:06:10.499Z] canonicalCompletenessStatus=PASS
[2026-07-13T02:06:10.499Z] canonicalPublishable=true
[2026-07-13T02:06:10.499Z] issueCounts={"P0":0,"P1":1,"P2":0}
[2026-07-13T02:06:10.499Z] endTime=2026-07-13T02:06:10.499Z
[2026-07-13T02:06:10.499Z] status=PASS
