[2026-07-13T02:06:23.964Z] file=public/textbook_syllabus/pastpaper/caie-as-a-level-9618/2021 Oct Nov/9618_w21_ms_32.pdf
[2026-07-13T02:06:23.964Z] startTime=2026-07-13T02:06:23.964Z
[2026-07-13T02:06:23.964Z] expectedRole=mark_scheme
[2026-07-13T02:06:25.732Z] extract.exitCode=0
[2026-07-13T02:06:25.732Z] extract.stdout=
{
  "outputPath": "/Users/amelia/Desktop/Workspace/workspace/Project_01CAIE_CS_Paper_Checklist/output/ingestion-samples/9618_w21_ms_32.sample.json",
  "sourceFile": "public/textbook_syllabus/pastpaper/caie-as-a-level-9618/2021 Oct Nov/9618_w21_ms_32.pdf",
  "pageCount": 10,
  "questionCount": 0,
  "questions": []
}
[2026-07-13T02:06:25.734Z] parserVersion=0.4.0
[2026-07-13T02:06:25.734Z] documentRole=mark_scheme
[2026-07-13T02:06:25.734Z] validationProfile=MARK_SCHEME
[2026-07-13T02:06:26.148Z] stage.exitCode=0
[2026-07-13T02:06:26.148Z] stage.stdout=
> paperlens-fullstack@1.0.0 pdf:stage-sample
> node scripts/stage-paper-sample.js --sample=/Users/amelia/Desktop/Workspace/workspace/Project_01CAIE_CS_Paper_Checklist/output/ingestion-samples/9618_w21_ms_32.sample.json --output=/Users/amelia/Desktop/Workspace/workspace/Project_01CAIE_CS_Paper_Checklist/output/phase2/staging/9618_w21_ms_32.staging.json --approve-golden --human-admin-review --human-reviewer=phase-batch-regression

{
  "outputPath": "/Users/amelia/Desktop/Workspace/workspace/Project_01CAIE_CS_Paper_Checklist/output/phase2/staging/9618_w21_ms_32.staging.json",
  "runId": "9618-2021-ON-32-MS-RUN-9693adc317c3",
  "status": "READY_TO_PUBLISH",
  "publishStatus": "READY_TO_PUBLISH",
  "canonicalCompleteness": {
    "status": "PASS",
    "publishable": true,
    "stagingPath": "/Users/amelia/Desktop/Workspace/workspace/Project_01CAIE_CS_Paper_Checklist/output/phase2/staging/9618_w21_ms_32.staging.json",
    "documentRole": "mark_scheme",
    "checks": {
      "questionCoverage": "PASS",
      "leafCoverage": "PASS",
      "markCoverage": "PASS",
      "responseAreaCoverage": "PASS",
      "sourceTraceCoverage": "PASS",
      "canonicalStructureCompleteness": "PASS"
    },
    "summary": {
      "questionCount": 0,
      "leafQuestionCount": 0,
      "markSchemeEntryCount": 28,
      "responseAreaCoverage": {
        "required": 0,
        "present": 0,
        "ratio": 1
      }
    },
    "issues": []
  },
  "p0": 0,
  "p1": 0,
  "p2": 0,
  "issues": []
}
[2026-07-13T02:06:26.150Z] stagingId=9618-2021-ON-32-MS-RUN-9693adc317c3
[2026-07-13T02:06:26.150Z] validationStatus=PASS
[2026-07-13T02:06:26.150Z] publishStatus=READY_TO_PUBLISH
[2026-07-13T02:06:26.150Z] canonicalCompletenessStatus=PASS
[2026-07-13T02:06:26.150Z] canonicalPublishable=true
[2026-07-13T02:06:26.150Z] issueCounts={"P0":0,"P1":0,"P2":0}
[2026-07-13T02:06:26.150Z] endTime=2026-07-13T02:06:26.150Z
[2026-07-13T02:06:26.150Z] status=PASS
