[2026-07-13T02:05:37.722Z] file=public/textbook_syllabus/pastpaper/caie-as-a-level-9618/2021 May June/9618_s21_qp_43.pdf
[2026-07-13T02:05:37.722Z] startTime=2026-07-13T02:05:37.722Z
[2026-07-13T02:05:37.722Z] expectedRole=question_paper
[2026-07-13T02:05:39.782Z] extract.exitCode=0
[2026-07-13T02:05:39.782Z] extract.stdout=
{
  "outputPath": "/Users/amelia/Desktop/Workspace/workspace/Project_01CAIE_CS_Paper_Checklist/output/ingestion-samples/9618_s21_qp_43.sample.json",
  "sourceFile": "public/textbook_syllabus/pastpaper/caie-as-a-level-9618/2021 May June/9618_s21_qp_43.pdf",
  "pageCount": 12,
  "questionCount": 3,
  "questions": [
    {
      "questionNumber": "1",
      "pageStart": 2,
      "pageEnd": 6,
      "marks": 24,
      "confidence": {
        "marker": 0.98,
        "boundary": 0.96,
        "text": 0.96,
        "marks": 0.99,
        "layout": 0.92,
        "structure": 0.96,
        "overall": 0.96
      },
      "textPreview": "1 Each item in the linked list is of a record type, with a field and a field . node data nextNode The current contents of the linked list are: Index 0 startPointer data nextNode 0 1 1 5 1 5 4 emptyList 2 6 7 3 7 -1 4 2 2 5 0 6 6 0 8 7 56 3 8 0 9 9 0 -1 The following is pseudocode for the record type . (a) node TYPE node DECLARE data : INTEGER DECLARE nextNod"
    },
    {
      "questionNumber": "2",
      "pageStart": 6,
      "pageEnd": 8,
      "marks": 20,
      "confidence": {
        "marker": 0.98,
        "boundary": 0.96,
        "text": 0.96,
        "marks": 0.99,
        "layout": 0.92,
        "structure": 0.96,
        "overall": 0.96
      },
      "textPreview": "2 arrayData 10 5 6 7 1 12 13 15 21 8 Write program code for a to: (a) new program declare the global 1D array, with ten elements • arrayData initialise in the main program using the data values shown. • arrayData Save your program as . question2 Copy and paste the program code into in the evidence document. part 2(a) [2] A function, takes an integer as a par"
    },
    {
      "questionNumber": "3",
      "pageStart": 8,
      "pageEnd": 11,
      "marks": 31,
      "confidence": {
        "marker": 0.98,
        "boundary": 0.88,
        "text": 0.96,
        "marks": 0.99,
        "layout": 0.92,
        "structure": 0.96,
        "overall": 0.95
      },
      "textPreview": "3 treasure chest has a mathematics question inside. The user enters the answer. The number of points awarded depends on the number of attempts before the user gives the correct answer. The program will be created using object-oriented programming (OOP). The following class diagram describes the class . TreasureChest TreasureChest question : STRING // stores "
    }
  ]
}
[2026-07-13T02:05:39.784Z] parserVersion=0.4.0
[2026-07-13T02:05:39.784Z] documentRole=question_paper
[2026-07-13T02:05:39.784Z] validationProfile=QUESTION_PAPER
[2026-07-13T02:05:40.159Z] stage.exitCode=0
[2026-07-13T02:05:40.159Z] stage.stdout=
> paperlens-fullstack@1.0.0 pdf:stage-sample
> node scripts/stage-paper-sample.js --sample=/Users/amelia/Desktop/Workspace/workspace/Project_01CAIE_CS_Paper_Checklist/output/ingestion-samples/9618_s21_qp_43.sample.json --output=/Users/amelia/Desktop/Workspace/workspace/Project_01CAIE_CS_Paper_Checklist/output/phase2/staging/9618_s21_qp_43.staging.json --approve-golden --human-admin-review --human-reviewer=phase-batch-regression

{
  "outputPath": "/Users/amelia/Desktop/Workspace/workspace/Project_01CAIE_CS_Paper_Checklist/output/phase2/staging/9618_s21_qp_43.staging.json",
  "runId": "9618-2021-MJ-43-QP-RUN-3b6d4cba62ae",
  "status": "READY_TO_PUBLISH",
  "publishStatus": "READY_TO_PUBLISH",
  "canonicalCompleteness": {
    "status": "PASS",
    "publishable": true,
    "stagingPath": "/Users/amelia/Desktop/Workspace/workspace/Project_01CAIE_CS_Paper_Checklist/output/phase2/staging/9618_s21_qp_43.staging.json",
    "documentRole": "question_paper",
    "checks": {
      "questionCoverage": "PASS",
      "leafCoverage": "PASS",
      "markCoverage": "PASS",
      "responseAreaCoverage": "PASS",
      "sourceTraceCoverage": "PASS",
      "canonicalStructureCompleteness": "PASS"
    },
    "summary": {
      "questionCount": 3,
      "leafQuestionCount": 19,
      "markSchemeEntryCount": 0,
      "responseAreaCoverage": {
        "required": 19,
        "present": 19,
        "ratio": 1
      }
    },
    "issues": []
  },
  "p0": 0,
  "p1": 0,
  "p2": 0,
  "issues": []
}
[2026-07-13T02:05:40.162Z] stagingId=9618-2021-MJ-43-QP-RUN-3b6d4cba62ae
[2026-07-13T02:05:40.162Z] validationStatus=PASS
[2026-07-13T02:05:40.162Z] publishStatus=READY_TO_PUBLISH
[2026-07-13T02:05:40.162Z] canonicalCompletenessStatus=PASS
[2026-07-13T02:05:40.162Z] canonicalPublishable=true
[2026-07-13T02:05:40.162Z] issueCounts={"P0":0,"P1":0,"P2":0}
[2026-07-13T02:05:40.162Z] endTime=2026-07-13T02:05:40.162Z
[2026-07-13T02:05:40.162Z] status=PASS
