[2026-07-13T02:05:26.339Z] file=public/textbook_syllabus/pastpaper/caie-as-a-level-9618/2021 May June/9618_s21_ms_41.pdf
[2026-07-13T02:05:26.339Z] startTime=2026-07-13T02:05:26.339Z
[2026-07-13T02:05:26.339Z] expectedRole=mark_scheme
[2026-07-13T02:05:30.066Z] extract.exitCode=0
[2026-07-13T02:05:30.067Z] extract.stdout=
{
  "outputPath": "/Users/amelia/Desktop/Workspace/workspace/Project_01CAIE_CS_Paper_Checklist/output/ingestion-samples/9618_s21_ms_41.sample.json",
  "sourceFile": "public/textbook_syllabus/pastpaper/caie-as-a-level-9618/2021 May June/9618_s21_ms_41.pdf",
  "pageCount": 30,
  "questionCount": 0,
  "questions": []
}
[2026-07-13T02:05:30.070Z] parserVersion=0.4.0
[2026-07-13T02:05:30.070Z] documentRole=mark_scheme
[2026-07-13T02:05:30.070Z] validationProfile=MARK_SCHEME
[2026-07-13T02:05:30.527Z] stage.exitCode=0
[2026-07-13T02:05:30.527Z] stage.stdout=
> paperlens-fullstack@1.0.0 pdf:stage-sample
> node scripts/stage-paper-sample.js --sample=/Users/amelia/Desktop/Workspace/workspace/Project_01CAIE_CS_Paper_Checklist/output/ingestion-samples/9618_s21_ms_41.sample.json --output=/Users/amelia/Desktop/Workspace/workspace/Project_01CAIE_CS_Paper_Checklist/output/phase2/staging/9618_s21_ms_41.staging.json --approve-golden --human-admin-review --human-reviewer=phase-batch-regression

{
  "outputPath": "/Users/amelia/Desktop/Workspace/workspace/Project_01CAIE_CS_Paper_Checklist/output/phase2/staging/9618_s21_ms_41.staging.json",
  "runId": "9618-2021-MJ-41-MS-RUN-a17356cf7b84",
  "status": "READY_TO_PUBLISH",
  "publishStatus": "READY_TO_PUBLISH",
  "canonicalCompleteness": {
    "status": "PASS",
    "publishable": true,
    "stagingPath": "/Users/amelia/Desktop/Workspace/workspace/Project_01CAIE_CS_Paper_Checklist/output/phase2/staging/9618_s21_ms_41.staging.json",
    "documentRole": "mark_scheme",
    "checks": {
      "questionCoverage": "PASS",
      "leafCoverage": "PASS",
      "markCoverage": "PASS",
      "responseAreaCoverage": "PASS",
      "sourceTraceCoverage": "PASS",
      "canonicalStructureCompleteness": "PASS"
    },
    "summary": {
      "questionCount": 0,
      "leafQuestionCount": 0,
      "markSchemeEntryCount": 10,
      "responseAreaCoverage": {
        "required": 0,
        "present": 0,
        "ratio": 1
      }
    },
    "issues": []
  },
  "p0": 0,
  "p1": 0,
  "p2": 0,
  "issues": []
}
[2026-07-13T02:05:30.532Z] stagingId=9618-2021-MJ-41-MS-RUN-a17356cf7b84
[2026-07-13T02:05:30.532Z] validationStatus=PASS
[2026-07-13T02:05:30.532Z] publishStatus=READY_TO_PUBLISH
[2026-07-13T02:05:30.532Z] canonicalCompletenessStatus=PASS
[2026-07-13T02:05:30.532Z] canonicalPublishable=true
[2026-07-13T02:05:30.532Z] issueCounts={"P0":0,"P1":0,"P2":0}
[2026-07-13T02:05:30.532Z] endTime=2026-07-13T02:05:30.532Z
[2026-07-13T02:05:30.532Z] status=PASS
