[2026-07-13T02:06:26.150Z] file=public/textbook_syllabus/pastpaper/caie-as-a-level-9618/2021 Oct Nov/9618_w21_qp_41.pdf
[2026-07-13T02:06:26.150Z] startTime=2026-07-13T02:06:26.150Z
[2026-07-13T02:06:26.150Z] expectedRole=question_paper
[2026-07-13T02:06:28.285Z] extract.exitCode=0
[2026-07-13T02:06:28.285Z] extract.stdout=
{
  "outputPath": "/Users/amelia/Desktop/Workspace/workspace/Project_01CAIE_CS_Paper_Checklist/output/ingestion-samples/9618_w21_qp_41.sample.json",
  "sourceFile": "public/textbook_syllabus/pastpaper/caie-as-a-level-9618/2021 Oct Nov/9618_w21_qp_41.pdf",
  "pageCount": 12,
  "questionCount": 3,
  "questions": [
    {
      "questionNumber": "1",
      "pageStart": 2,
      "pageEnd": 4,
      "marks": 17,
      "confidence": {
        "marker": 0.98,
        "boundary": 0.96,
        "text": 0.96,
        "marks": 0.99,
        "layout": 0.92,
        "structure": 0.96,
        "overall": 0.96
      },
      "textPreview": "1 FUNCTION Unknown(BYVAL X, BYVAL Y : INTEGER) RETURNS INTEGER IF X < Y THEN OUTPUT X + Y RETURN (Unknown(X + 1, Y) * 2) ELSE IF X = Y THEN RETURN 1 ELSE OUTPUT X + Y RETURN (Unknown(X - 1, Y) DIV 2) ENDIF ENDIF ENDFUNCTION The operator returns the integer value after division e.g. would give DIV 13 DIV 2 6 Write program code to declare the function . (a) Un"
    },
    {
      "questionNumber": "2",
      "pageStart": 4,
      "pageEnd": 8,
      "marks": 30,
      "confidence": {
        "marker": 0.98,
        "boundary": 0.96,
        "text": 0.96,
        "marks": 0.99,
        "layout": 0.92,
        "structure": 0.96,
        "overall": 0.96
      },
      "textPreview": "2 The program stores the dimensions of the picture (width and height), the colour of the frame (e.g. black), and a description of the picture (e.g. flowers). The class has the following attributes and methods. Picture Description : STRING // stores a description of the picture Width : INTEGER // stores the width e.g. 30 Height : INTEGER // stores the height "
    },
    {
      "questionNumber": "3",
      "pageStart": 8,
      "pageEnd": 11,
      "marks": 28,
      "confidence": {
        "marker": 0.98,
        "boundary": 0.88,
        "text": 0.96,
        "marks": 0.99,
        "layout": 0.92,
        "structure": 0.96,
        "overall": 0.95
      },
      "textPreview": "3 The data for the binary tree is stored in a 2D array with the following structure: LeftPointer Data RightPointer Index [0] [1] [2] 1 10 2 [0] -1 5 -1 [1] -1 16 -1 [2] Each row in the table represents one node on the tree. The number represents a null pointer. -1 The 2D array, is declared with space for 20 nodes. (a) ArrayNodes Each node has a left pointer,"
    }
  ]
}
[2026-07-13T02:06:28.288Z] parserVersion=0.4.0
[2026-07-13T02:06:28.288Z] documentRole=question_paper
[2026-07-13T02:06:28.288Z] validationProfile=QUESTION_PAPER
[2026-07-13T02:06:28.711Z] stage.exitCode=0
[2026-07-13T02:06:28.711Z] stage.stdout=
> paperlens-fullstack@1.0.0 pdf:stage-sample
> node scripts/stage-paper-sample.js --sample=/Users/amelia/Desktop/Workspace/workspace/Project_01CAIE_CS_Paper_Checklist/output/ingestion-samples/9618_w21_qp_41.sample.json --output=/Users/amelia/Desktop/Workspace/workspace/Project_01CAIE_CS_Paper_Checklist/output/phase2/staging/9618_w21_qp_41.staging.json --approve-golden --human-admin-review --human-reviewer=phase-batch-regression

{
  "outputPath": "/Users/amelia/Desktop/Workspace/workspace/Project_01CAIE_CS_Paper_Checklist/output/phase2/staging/9618_w21_qp_41.staging.json",
  "runId": "9618-2021-ON-41-QP-RUN-cdcc1cc5e36b",
  "status": "READY_TO_PUBLISH",
  "publishStatus": "READY_TO_PUBLISH",
  "canonicalCompleteness": {
    "status": "PASS",
    "publishable": true,
    "stagingPath": "/Users/amelia/Desktop/Workspace/workspace/Project_01CAIE_CS_Paper_Checklist/output/phase2/staging/9618_w21_qp_41.staging.json",
    "documentRole": "question_paper",
    "checks": {
      "questionCoverage": "PASS",
      "leafCoverage": "PASS",
      "markCoverage": "PASS",
      "responseAreaCoverage": "PASS",
      "sourceTraceCoverage": "PASS",
      "canonicalStructureCompleteness": "PASS"
    },
    "summary": {
      "questionCount": 3,
      "leafQuestionCount": 20,
      "markSchemeEntryCount": 0,
      "responseAreaCoverage": {
        "required": 18,
        "present": 18,
        "ratio": 1
      }
    },
    "issues": [
      {
        "severity": "P3",
        "code": "CANONICAL_MARK_COVERAGE_INCOMPLETE",
        "check": "markCoverage",
        "message": "Leaf mark is absent under an existing staging rule that permits null marks.",
        "questionId": "9618-2021-ON-41-Q1-D",
        "pageNumber": null
      },
      {
        "severity": "P3",
        "code": "CANONICAL_MARK_COVERAGE_INCOMPLETE",
        "check": "markCoverage",
        "message": "Leaf mark is absent under an existing staging rule that permits null marks.",
        "questionId": "9618-2021-ON-41-Q3-E-II",
        "pageNumber": null
      }
    ]
  },
  "p0": 0,
  "p1": 0,
  "p2": 0,
  "issues": []
}
[2026-07-13T02:06:28.714Z] stagingId=9618-2021-ON-41-QP-RUN-cdcc1cc5e36b
[2026-07-13T02:06:28.714Z] validationStatus=PASS
[2026-07-13T02:06:28.714Z] publishStatus=READY_TO_PUBLISH
[2026-07-13T02:06:28.714Z] canonicalCompletenessStatus=PASS
[2026-07-13T02:06:28.714Z] canonicalPublishable=true
[2026-07-13T02:06:28.714Z] issueCounts={"P0":0,"P1":0,"P2":0}
[2026-07-13T02:06:28.714Z] endTime=2026-07-13T02:06:28.714Z
[2026-07-13T02:06:28.714Z] status=PASS
