[2026-07-13T02:06:02.610Z] file=public/textbook_syllabus/pastpaper/caie-as-a-level-9618/2021 Oct Nov/9618_w21_ms_21.pdf
[2026-07-13T02:06:02.610Z] startTime=2026-07-13T02:06:02.610Z
[2026-07-13T02:06:02.610Z] expectedRole=mark_scheme
[2026-07-13T02:06:04.497Z] extract.exitCode=0
[2026-07-13T02:06:04.497Z] extract.stdout=
{
  "outputPath": "/Users/amelia/Desktop/Workspace/workspace/Project_01CAIE_CS_Paper_Checklist/output/ingestion-samples/9618_w21_ms_21.sample.json",
  "sourceFile": "public/textbook_syllabus/pastpaper/caie-as-a-level-9618/2021 Oct Nov/9618_w21_ms_21.pdf",
  "pageCount": 11,
  "questionCount": 0,
  "questions": []
}
[2026-07-13T02:06:04.499Z] parserVersion=0.4.0
[2026-07-13T02:06:04.499Z] documentRole=mark_scheme
[2026-07-13T02:06:04.499Z] validationProfile=MARK_SCHEME
[2026-07-13T02:06:04.930Z] stage.exitCode=0
[2026-07-13T02:06:04.930Z] stage.stdout=
> paperlens-fullstack@1.0.0 pdf:stage-sample
> node scripts/stage-paper-sample.js --sample=/Users/amelia/Desktop/Workspace/workspace/Project_01CAIE_CS_Paper_Checklist/output/ingestion-samples/9618_w21_ms_21.sample.json --output=/Users/amelia/Desktop/Workspace/workspace/Project_01CAIE_CS_Paper_Checklist/output/phase2/staging/9618_w21_ms_21.staging.json --approve-golden --human-admin-review --human-reviewer=phase-batch-regression

{
  "outputPath": "/Users/amelia/Desktop/Workspace/workspace/Project_01CAIE_CS_Paper_Checklist/output/phase2/staging/9618_w21_ms_21.staging.json",
  "runId": "9618-2021-ON-21-MS-RUN-318d94b1c65e",
  "status": "READY_TO_PUBLISH",
  "publishStatus": "READY_TO_PUBLISH",
  "canonicalCompleteness": {
    "status": "PASS",
    "publishable": true,
    "stagingPath": "/Users/amelia/Desktop/Workspace/workspace/Project_01CAIE_CS_Paper_Checklist/output/phase2/staging/9618_w21_ms_21.staging.json",
    "documentRole": "mark_scheme",
    "checks": {
      "questionCoverage": "PASS",
      "leafCoverage": "PASS",
      "markCoverage": "PASS",
      "responseAreaCoverage": "PASS",
      "sourceTraceCoverage": "PASS",
      "canonicalStructureCompleteness": "PASS"
    },
    "summary": {
      "questionCount": 0,
      "leafQuestionCount": 0,
      "markSchemeEntryCount": 22,
      "responseAreaCoverage": {
        "required": 0,
        "present": 0,
        "ratio": 1
      }
    },
    "issues": []
  },
  "p0": 0,
  "p1": 0,
  "p2": 0,
  "issues": []
}
[2026-07-13T02:06:04.933Z] stagingId=9618-2021-ON-21-MS-RUN-318d94b1c65e
[2026-07-13T02:06:04.933Z] validationStatus=PASS
[2026-07-13T02:06:04.933Z] publishStatus=READY_TO_PUBLISH
[2026-07-13T02:06:04.933Z] canonicalCompletenessStatus=PASS
[2026-07-13T02:06:04.933Z] canonicalPublishable=true
[2026-07-13T02:06:04.933Z] issueCounts={"P0":0,"P1":0,"P2":0}
[2026-07-13T02:06:04.933Z] endTime=2026-07-13T02:06:04.933Z
[2026-07-13T02:06:04.933Z] status=PASS
