[2026-07-13T02:05:17.213Z] file=public/textbook_syllabus/pastpaper/caie-as-a-level-9618/2021 May June/9618_s21_ms_32.pdf
[2026-07-13T02:05:17.213Z] startTime=2026-07-13T02:05:17.213Z
[2026-07-13T02:05:17.213Z] expectedRole=mark_scheme
[2026-07-13T02:05:18.965Z] extract.exitCode=0
[2026-07-13T02:05:18.965Z] extract.stdout=
{
  "outputPath": "/Users/amelia/Desktop/Workspace/workspace/Project_01CAIE_CS_Paper_Checklist/output/ingestion-samples/9618_s21_ms_32.sample.json",
  "sourceFile": "public/textbook_syllabus/pastpaper/caie-as-a-level-9618/2021 May June/9618_s21_ms_32.pdf",
  "pageCount": 10,
  "questionCount": 0,
  "questions": []
}
[2026-07-13T02:05:18.967Z] parserVersion=0.4.0
[2026-07-13T02:05:18.967Z] documentRole=mark_scheme
[2026-07-13T02:05:18.967Z] validationProfile=MARK_SCHEME
[2026-07-13T02:05:19.366Z] stage.exitCode=0
[2026-07-13T02:05:19.366Z] stage.stdout=
> paperlens-fullstack@1.0.0 pdf:stage-sample
> node scripts/stage-paper-sample.js --sample=/Users/amelia/Desktop/Workspace/workspace/Project_01CAIE_CS_Paper_Checklist/output/ingestion-samples/9618_s21_ms_32.sample.json --output=/Users/amelia/Desktop/Workspace/workspace/Project_01CAIE_CS_Paper_Checklist/output/phase2/staging/9618_s21_ms_32.staging.json --approve-golden --human-admin-review --human-reviewer=phase-batch-regression

{
  "outputPath": "/Users/amelia/Desktop/Workspace/workspace/Project_01CAIE_CS_Paper_Checklist/output/phase2/staging/9618_s21_ms_32.staging.json",
  "runId": "9618-2021-MJ-32-MS-RUN-7bbc2b641576",
  "status": "NEEDS_REVIEW",
  "publishStatus": "BLOCKED",
  "canonicalCompleteness": {
    "status": "PASS",
    "publishable": true,
    "stagingPath": "/Users/amelia/Desktop/Workspace/workspace/Project_01CAIE_CS_Paper_Checklist/output/phase2/staging/9618_s21_ms_32.staging.json",
    "documentRole": "mark_scheme",
    "checks": {
      "questionCoverage": "PASS",
      "leafCoverage": "PASS",
      "markCoverage": "PASS",
      "responseAreaCoverage": "PASS",
      "sourceTraceCoverage": "PASS",
      "canonicalStructureCompleteness": "PASS"
    },
    "summary": {
      "questionCount": 0,
      "leafQuestionCount": 0,
      "markSchemeEntryCount": 27,
      "responseAreaCoverage": {
        "required": 0,
        "present": 0,
        "ratio": 1
      }
    },
    "issues": []
  },
  "p0": 0,
  "p1": 1,
  "p2": 0,
  "issues": [
    [
      "P1",
      "SUSPICIOUS_GLYPHS_REMAIN",
      null
    ]
  ]
}
[2026-07-13T02:05:19.368Z] stagingId=9618-2021-MJ-32-MS-RUN-7bbc2b641576
[2026-07-13T02:05:19.368Z] validationStatus=WARN
[2026-07-13T02:05:19.368Z] publishStatus=BLOCKED
[2026-07-13T02:05:19.368Z] canonicalCompletenessStatus=PASS
[2026-07-13T02:05:19.368Z] canonicalPublishable=true
[2026-07-13T02:05:19.368Z] issueCounts={"P0":0,"P1":1,"P2":0}
[2026-07-13T02:05:19.368Z] endTime=2026-07-13T02:05:19.368Z
[2026-07-13T02:05:19.368Z] status=PASS
