[2026-07-13T02:04:46.664Z] file=public/textbook_syllabus/pastpaper/caie-as-a-level-9618/2021 May June/9618_s21_ms_12.pdf
[2026-07-13T02:04:46.664Z] startTime=2026-07-13T02:04:46.664Z
[2026-07-13T02:04:46.664Z] expectedRole=mark_scheme
[2026-07-13T02:04:48.228Z] extract.exitCode=0
[2026-07-13T02:04:48.228Z] extract.stdout=
{
  "outputPath": "/Users/amelia/Desktop/Workspace/workspace/Project_01CAIE_CS_Paper_Checklist/output/ingestion-samples/9618_s21_ms_12.sample.json",
  "sourceFile": "public/textbook_syllabus/pastpaper/caie-as-a-level-9618/2021 May June/9618_s21_ms_12.pdf",
  "pageCount": 10,
  "questionCount": 0,
  "questions": []
}
[2026-07-13T02:04:48.230Z] parserVersion=0.4.0
[2026-07-13T02:04:48.230Z] documentRole=mark_scheme
[2026-07-13T02:04:48.230Z] validationProfile=MARK_SCHEME
[2026-07-13T02:04:48.583Z] stage.exitCode=0
[2026-07-13T02:04:48.583Z] stage.stdout=
> paperlens-fullstack@1.0.0 pdf:stage-sample
> node scripts/stage-paper-sample.js --sample=/Users/amelia/Desktop/Workspace/workspace/Project_01CAIE_CS_Paper_Checklist/output/ingestion-samples/9618_s21_ms_12.sample.json --output=/Users/amelia/Desktop/Workspace/workspace/Project_01CAIE_CS_Paper_Checklist/output/phase2/staging/9618_s21_ms_12.staging.json --approve-golden --human-admin-review --human-reviewer=phase-batch-regression

{
  "outputPath": "/Users/amelia/Desktop/Workspace/workspace/Project_01CAIE_CS_Paper_Checklist/output/phase2/staging/9618_s21_ms_12.staging.json",
  "runId": "9618-2021-MJ-12-MS-RUN-faab5e3e4410",
  "status": "READY_TO_PUBLISH",
  "publishStatus": "READY_TO_PUBLISH",
  "canonicalCompleteness": {
    "status": "PASS",
    "publishable": true,
    "stagingPath": "/Users/amelia/Desktop/Workspace/workspace/Project_01CAIE_CS_Paper_Checklist/output/phase2/staging/9618_s21_ms_12.staging.json",
    "documentRole": "mark_scheme",
    "checks": {
      "questionCoverage": "PASS",
      "leafCoverage": "PASS",
      "markCoverage": "PASS",
      "responseAreaCoverage": "PASS",
      "sourceTraceCoverage": "PASS",
      "canonicalStructureCompleteness": "PASS"
    },
    "summary": {
      "questionCount": 0,
      "leafQuestionCount": 0,
      "markSchemeEntryCount": 26,
      "responseAreaCoverage": {
        "required": 0,
        "present": 0,
        "ratio": 1
      }
    },
    "issues": []
  },
  "p0": 0,
  "p1": 0,
  "p2": 0,
  "issues": []
}
[2026-07-13T02:04:48.585Z] stagingId=9618-2021-MJ-12-MS-RUN-faab5e3e4410
[2026-07-13T02:04:48.585Z] validationStatus=PASS
[2026-07-13T02:04:48.585Z] publishStatus=READY_TO_PUBLISH
[2026-07-13T02:04:48.585Z] canonicalCompletenessStatus=PASS
[2026-07-13T02:04:48.585Z] canonicalPublishable=true
[2026-07-13T02:04:48.585Z] issueCounts={"P0":0,"P1":0,"P2":0}
[2026-07-13T02:04:48.585Z] endTime=2026-07-13T02:04:48.585Z
[2026-07-13T02:04:48.585Z] status=PASS
