[2026-07-13T02:06:04.933Z] file=public/textbook_syllabus/pastpaper/caie-as-a-level-9618/2021 Oct Nov/9618_w21_qp_22.pdf
[2026-07-13T02:06:04.933Z] startTime=2026-07-13T02:06:04.933Z
[2026-07-13T02:06:04.933Z] expectedRole=question_paper
[2026-07-13T02:06:08.008Z] extract.exitCode=0
[2026-07-13T02:06:08.008Z] extract.stdout=
{
  "outputPath": "/Users/amelia/Desktop/Workspace/workspace/Project_01CAIE_CS_Paper_Checklist/output/ingestion-samples/9618_w21_qp_22.sample.json",
  "sourceFile": "public/textbook_syllabus/pastpaper/caie-as-a-level-9618/2021 Oct Nov/9618_w21_qp_22.pdf",
  "pageCount": 20,
  "questionCount": 6,
  "questions": [
    {
      "questionNumber": "1",
      "pageStart": 2,
      "pageEnd": 4,
      "marks": 11,
      "confidence": {
        "marker": 0.98,
        "boundary": 0.96,
        "text": 0.96,
        "marks": 0.99,
        "layout": 0.92,
        "structure": 0.35,
        "overall": 0.69
      },
      "textPreview": "1 (a) Describe decomposition. [2] The following pseudocode assigns a value to an element of an array: (b) 42 ThisArray[n] ← Complete the following table by writing the answer for each row. Answer The number of dimensions of ThisArray The technical terms for minimum and maximum values that the variable may take n The technical term for the variable in the n p"
    },
    {
      "questionNumber": "2",
      "pageStart": 4,
      "pageEnd": 8,
      "marks": 10,
      "confidence": {
        "marker": 0.98,
        "boundary": 0.96,
        "text": 0.96,
        "marks": 0.99,
        "layout": 0.92,
        "structure": 0.96,
        "overall": 0.96
      },
      "textPreview": "2 (a) 1. input an integer value 2. jump to step 6 if the value is zero 3. sum and count the positive values 4. sum and count the negative values 5. repeat from step 1 6. output the two sum values and the two count values. Draw a program flowchart on the following page to represent the algorithm. Note that variable declarations are not required in program flo"
    },
    {
      "questionNumber": "3",
      "pageStart": 8,
      "pageEnd": 10,
      "marks": 14,
      "confidence": {
        "marker": 0.98,
        "boundary": 0.96,
        "text": 0.96,
        "marks": 0.99,
        "layout": 0.92,
        "structure": 0.96,
        "overall": 0.96
      },
      "textPreview": "3 Data will be stored about each student in the school and each student may join up to three clubs. The data will be held in a record structure of type . Student The programmer has started to define the fields that will be needed as shown in the following table. Field Typical value Comment Unique to each student StudentID \"CF1234\" Contains letters, numbers a"
    },
    {
      "questionNumber": "4",
      "pageStart": 10,
      "pageEnd": 12,
      "marks": 11,
      "confidence": {
        "marker": 0.98,
        "boundary": 0.96,
        "text": 0.96,
        "marks": 0.99,
        "layout": 0.92,
        "structure": 0.96,
        "overall": 0.96
      },
      "textPreview": "4 Line numbers are given for reference only. 10 PROCEDURE Check(InString : STRING) 11 DECLARE Odds, Evens, Index : INTEGER 12 0 13 Odds ← 0 14 Evens ← 1 15 Index ← 16 17 WHILE Index <= LENGTH(InString) 18 IF STR_TO_NUM(MID(InString, Index, 1)) MOD 2 <> 0 THEN Odds + 1 19 Odds ← 20 ELSE Evens + 1 21 Evens ← 22 ENDIF Index + 1 23 Index ← 24 ENDWHILE 25 26 CALL"
    },
    {
      "questionNumber": "5",
      "pageStart": 12,
      "pageEnd": 16,
      "marks": 10,
      "confidence": {
        "marker": 0.98,
        "boundary": 0.96,
        "text": 0.96,
        "marks": 0.99,
        "layout": 0.92,
        "structure": 0.96,
        "overall": 0.96
      },
      "textPreview": "5 status of each employee in that department in its own text file. All text files have the same format. Employee details are stored as three separate data strings on three consecutive lines of the file. An example of the first six lines of one of the files is as follows: File line Comment 1 First employee name 2 First email address 3 First employee status 4 "
    },
    {
      "questionNumber": "6",
      "pageStart": 16,
      "pageEnd": 19,
      "marks": 19,
      "confidence": {
        "marker": 0.98,
        "boundary": 0.88,
        "text": 0.96,
        "marks": 0.99,
        "layout": 0.92,
        "structure": 0.96,
        "overall": 0.95
      },
      "textPreview": "6 and 1280 columns. The grid is represented by a 2D array of type . An array element will be set to 0 Screen INTEGER unless the user touches that part of the screen. Many array elements will set to 1 by a single touch of a finger or a stylus. The following diagram shows a simplified touchscreen. The dark line represents a touch on the screen. All grid elemen"
    }
  ]
}
[2026-07-13T02:06:08.011Z] parserVersion=0.4.0
[2026-07-13T02:06:08.011Z] documentRole=question_paper
[2026-07-13T02:06:08.011Z] validationProfile=QUESTION_PAPER
[2026-07-13T02:06:08.485Z] stage.exitCode=0
[2026-07-13T02:06:08.485Z] stage.stdout=
> paperlens-fullstack@1.0.0 pdf:stage-sample
> node scripts/stage-paper-sample.js --sample=/Users/amelia/Desktop/Workspace/workspace/Project_01CAIE_CS_Paper_Checklist/output/ingestion-samples/9618_w21_qp_22.sample.json --output=/Users/amelia/Desktop/Workspace/workspace/Project_01CAIE_CS_Paper_Checklist/output/phase2/staging/9618_w21_qp_22.staging.json --approve-golden --human-admin-review --human-reviewer=phase-batch-regression

{
  "outputPath": "/Users/amelia/Desktop/Workspace/workspace/Project_01CAIE_CS_Paper_Checklist/output/phase2/staging/9618_w21_qp_22.staging.json",
  "runId": "9618-2021-ON-22-QP-RUN-e8a5c86ebe0a",
  "status": "READY_TO_PUBLISH",
  "publishStatus": "READY_TO_PUBLISH",
  "canonicalCompleteness": {
    "status": "PASS",
    "publishable": true,
    "stagingPath": "/Users/amelia/Desktop/Workspace/workspace/Project_01CAIE_CS_Paper_Checklist/output/phase2/staging/9618_w21_qp_22.staging.json",
    "documentRole": "question_paper",
    "checks": {
      "questionCoverage": "PASS",
      "leafCoverage": "PASS",
      "markCoverage": "PASS",
      "responseAreaCoverage": "PASS",
      "sourceTraceCoverage": "PASS",
      "canonicalStructureCompleteness": "PASS"
    },
    "summary": {
      "questionCount": 6,
      "leafQuestionCount": 24,
      "markSchemeEntryCount": 0,
      "responseAreaCoverage": {
        "required": 23,
        "present": 23,
        "ratio": 1
      }
    },
    "issues": [
      {
        "severity": "P3",
        "code": "CANONICAL_MARK_COVERAGE_INCOMPLETE",
        "check": "markCoverage",
        "message": "Leaf mark is absent under an existing staging rule that permits null marks.",
        "questionId": "9618-2021-ON-22-Q6-B",
        "pageNumber": null
      }
    ]
  },
  "p0": 0,
  "p1": 0,
  "p2": 0,
  "issues": []
}
[2026-07-13T02:06:08.489Z] stagingId=9618-2021-ON-22-QP-RUN-e8a5c86ebe0a
[2026-07-13T02:06:08.489Z] validationStatus=PASS
[2026-07-13T02:06:08.489Z] publishStatus=READY_TO_PUBLISH
[2026-07-13T02:06:08.489Z] canonicalCompletenessStatus=PASS
[2026-07-13T02:06:08.489Z] canonicalPublishable=true
[2026-07-13T02:06:08.489Z] issueCounts={"P0":0,"P1":0,"P2":0}
[2026-07-13T02:06:08.489Z] endTime=2026-07-13T02:06:08.489Z
[2026-07-13T02:06:08.489Z] status=PASS
