[2026-07-13T05:21:56.260Z] file=public/textbook_syllabus/pastpaper/caie-igcse-0478/2022-May-June/0478_s22_ms_23.pdf
[2026-07-13T05:21:56.260Z] startTime=2026-07-13T05:21:56.260Z
[2026-07-13T05:21:56.260Z] expectedRole=mark_scheme
[2026-07-13T05:21:57.546Z] extract.exitCode=0
[2026-07-13T05:21:57.546Z] extract.stdout=
{
  "outputPath": "/Users/amelia/Desktop/Workspace/workspace/Project_01CAIE_CS_Paper_Checklist/output/ingestion-samples/0478_s22_ms_23.sample.json",
  "sourceFile": "public/textbook_syllabus/pastpaper/caie-igcse-0478/2022-May-June/0478_s22_ms_23.pdf",
  "pageCount": 13,
  "questionCount": 0,
  "questions": []
}
[2026-07-13T05:21:57.548Z] parserVersion=0.4.0
[2026-07-13T05:21:57.548Z] documentRole=mark_scheme
[2026-07-13T05:21:57.548Z] validationProfile=MARK_SCHEME
[2026-07-13T05:21:57.839Z] stage.exitCode=0
[2026-07-13T05:21:57.839Z] stage.stdout=
> paperlens-fullstack@1.0.0 pdf:stage-sample
> node scripts/stage-paper-sample.js --sample=/Users/amelia/Desktop/Workspace/workspace/Project_01CAIE_CS_Paper_Checklist/output/ingestion-samples/0478_s22_ms_23.sample.json --output=/Users/amelia/Desktop/Workspace/workspace/Project_01CAIE_CS_Paper_Checklist/output/phase2/staging/0478_s22_ms_23.staging.json --approve-golden --human-admin-review --human-reviewer=phase-batch-regression

{
  "outputPath": "/Users/amelia/Desktop/Workspace/workspace/Project_01CAIE_CS_Paper_Checklist/output/phase2/staging/0478_s22_ms_23.staging.json",
  "runId": "0478-2022-MJ-23-MS-RUN-b66959b34f6c",
  "status": "READY_TO_PUBLISH",
  "publishStatus": "READY_TO_PUBLISH",
  "canonicalCompleteness": {
    "status": "PASS",
    "publishable": true,
    "stagingPath": "/Users/amelia/Desktop/Workspace/workspace/Project_01CAIE_CS_Paper_Checklist/output/phase2/staging/0478_s22_ms_23.staging.json",
    "documentRole": "mark_scheme",
    "checks": {
      "questionCoverage": "PASS",
      "leafCoverage": "PASS",
      "markCoverage": "PASS",
      "responseAreaCoverage": "PASS",
      "sourceTraceCoverage": "PASS",
      "canonicalStructureCompleteness": "PASS"
    },
    "summary": {
      "questionCount": 0,
      "leafQuestionCount": 0,
      "markSchemeEntryCount": 8,
      "responseAreaCoverage": {
        "required": 0,
        "present": 0,
        "ratio": 1
      }
    },
    "issues": []
  },
  "p0": 0,
  "p1": 0,
  "p2": 0,
  "issues": []
}
[2026-07-13T05:21:57.840Z] stagingId=0478-2022-MJ-23-MS-RUN-b66959b34f6c
[2026-07-13T05:21:57.840Z] validationStatus=PASS
[2026-07-13T05:21:57.840Z] publishStatus=READY_TO_PUBLISH
[2026-07-13T05:21:57.840Z] canonicalCompletenessStatus=PASS
[2026-07-13T05:21:57.840Z] canonicalPublishable=true
[2026-07-13T05:21:57.840Z] issueCounts={"P0":0,"P1":0,"P2":0}
[2026-07-13T05:21:57.840Z] endTime=2026-07-13T05:21:57.840Z
[2026-07-13T05:21:57.840Z] status=PASS
