[2026-07-14T16:57:19.827Z] file=public/textbook_syllabus/pastpaper/caie-as-a-level-9618/2024 May June/9618_s24_qp_33.pdf
[2026-07-14T16:57:19.827Z] startTime=2026-07-14T16:57:19.827Z
[2026-07-14T16:57:19.827Z] expectedRole=question_paper
[2026-07-14T16:57:21.884Z] extract.exitCode=0
[2026-07-14T16:57:21.884Z] extract.stdout=
{
  "outputPath": "/Users/amelia/Desktop/Workspace/workspace/Project_01CAIE_CS_Paper_Checklist/output/ingestion-samples/9618_s24_qp_33.sample.json",
  "sourceFile": "public/textbook_syllabus/pastpaper/caie-as-a-level-9618/2024 May June/9618_s24_qp_33.pdf",
  "pageCount": 12,
  "questionCount": 11,
  "questions": [
    {
      "questionNumber": "1",
      "pageStart": 2,
      "pageEnd": 2,
      "marks": 6,
      "confidence": {
        "marker": 0.98,
        "boundary": 0.96,
        "text": 0.96,
        "marks": 0.99,
        "layout": 0.92,
        "structure": 0.96,
        "overall": 0.96
      },
      "textPreview": "1 Real numbers are stored in a computer system using floating-point representation with: 10 bits for the mantissa • 6 bits for the exponent • two’s complement form for both the mantissa and the exponent. • (a) Calculate the denary value of the given normalised floating-point number. Show your working. Mantissa Exponent 0 1 0 0 1 1 1 1 0 0 0 0 1 0 0 1 Working"
    },
    {
      "questionNumber": "2",
      "pageStart": 3,
      "pageEnd": 3,
      "marks": 6,
      "confidence": {
        "marker": 0.98,
        "boundary": 0.96,
        "text": 0.96,
        "marks": 0.99,
        "layout": 0.92,
        "structure": 0.96,
        "overall": 0.96
      },
      "textPreview": "2 The TCP / IP protocol suite has four layers: Transport, Application, Link, Internet (a) Complete the diagram to show the correct order for these layers. [2] (b) Describe the function of the Transport layer. [2] (c) Outline one protocol that is associated with the Application layer. [2]"
    },
    {
      "questionNumber": "3",
      "pageStart": 3,
      "pageEnd": 4,
      "marks": 7,
      "confidence": {
        "marker": 0.98,
        "boundary": 0.96,
        "text": 0.96,
        "marks": 0.99,
        "layout": 0.92,
        "structure": 0.35,
        "overall": 0.69
      },
      "textPreview": "3 (a) Explain what is meant by non-composite and composite data types. [3] (b) Write pseudocode statements to declare the record data type FootballClub to hold data about football clubs in a league, to include: name of team • date team joined the league • main telephone number • name of the manager • number of members • current position in the league. • [4]"
    },
    {
      "questionNumber": "4",
      "pageStart": 4,
      "pageEnd": 4,
      "marks": 5,
      "confidence": {
        "marker": 0.98,
        "boundary": 0.96,
        "text": 0.96,
        "marks": 0.99,
        "layout": 0.92,
        "structure": 0.35,
        "overall": 0.69
      },
      "textPreview": "4 (a) Describe the sequential method of file access . [2] (b) Explain how the sequential method of file access is applied to files with serial organisation and to files with sequential organisation. [3]"
    },
    {
      "questionNumber": "5",
      "pageStart": 5,
      "pageEnd": 5,
      "marks": 9,
      "confidence": {
        "marker": 0.98,
        "boundary": 0.96,
        "text": 0.96,
        "marks": 0.99,
        "layout": 0.92,
        "structure": 0.35,
        "overall": 0.69
      },
      "textPreview": "5 (a) Write this Reverse Polish Notation (RPN) in infix form: 5 2 + 9 3 - / 3 * [3] (b) Write this infix expression in RPN: ((7 + 3) - (2 * 8)) / 6 [2] (c) Evaluate this RPN expression: a b - c d + * e / when a = 17, b = 5, c = 7, d = 3 and e = 10 Show the changing contents of the stack as the RPN expression is evaluated. [4]"
    },
    {
      "questionNumber": "6",
      "pageStart": 6,
      "pageEnd": 7,
      "marks": 10,
      "confidence": {
        "marker": 0.98,
        "boundary": 0.96,
        "text": 0.96,
        "marks": 0.99,
        "layout": 0.92,
        "structure": 0.96,
        "overall": 0.96
      },
      "textPreview": "6 The diagram shows a logic circuit. Q A P R B Z S C (a) Complete the truth table for the given logic circuit. Show your working. A B C P Q R S Z 0 0 0 0 0 1 0 1 0 0 1 1 1 0 0 1 0 1 1 1 0 1 1 1 [3] (b) Write the Boolean expression that corresponds to the logic circuit as a sum-of-products. Z = [2] (c) (i) Complete the Karnaugh map (K-map) for the Boolean exp"
    },
    {
      "questionNumber": "7",
      "pageStart": 7,
      "pageEnd": 7,
      "marks": 5,
      "confidence": {
        "marker": 0.98,
        "boundary": 0.96,
        "text": 0.72,
        "marks": 0.99,
        "layout": 0.92,
        "structure": 0.96,
        "overall": 0.92
      },
      "textPreview": "7 (a) Describe what is meant by a digital certificate. [3] (b) Explain the role of a digital certificate in creating a digital signature. [2]"
    },
    {
      "questionNumber": "8",
      "pageStart": 8,
      "pageEnd": 9,
      "marks": 8,
      "confidence": {
        "marker": 0.98,
        "boundary": 0.96,
        "text": 0.96,
        "marks": 0.99,
        "layout": 0.92,
        "structure": 0.96,
        "overall": 0.96
      },
      "textPreview": "8 A declarative programming language is used to represent the features that are available and the features that are unavailable on different body styles of a car. 01 feature(sunroof). 02 feature(automatic_tailgate). 03 feature(heated_seats). 04 feature(extra_seats). 05 feature(reversing_camera). 06 feature(dashboard_camera). 07 feature(air_conditioning). 08 "
    },
    {
      "questionNumber": "9",
      "pageStart": 9,
      "pageEnd": 9,
      "marks": 3,
      "confidence": {
        "marker": 0.98,
        "boundary": 0.96,
        "text": 0.72,
        "marks": 0.99,
        "layout": 0.92,
        "structure": 0.96,
        "overall": 0.92
      },
      "textPreview": "9 Explain what is meant by Deep Learning in relation to Artificial Intelligence (AI). [3]"
    },
    {
      "questionNumber": "10",
      "pageStart": 10,
      "pageEnd": 11,
      "marks": 8,
      "confidence": {
        "marker": 0.98,
        "boundary": 0.96,
        "text": 0.96,
        "marks": 0.99,
        "layout": 0.92,
        "structure": 0.35,
        "overall": 0.69
      },
      "textPreview": "10 (a) State a condition that must be true for an array to be searchable for a binary search. [1] (b) Complete the given pseudocode to find an item in a 1D array Names of type STRING using a binary search. DECLARE Names : ARRAY[1:100000] OF STRING DECLARE TopOfList : INTEGER DECLARE EndOfList : INTEGER DECLARE CurrentItem : INTEGER DECLARE ToFind : STRING DE"
    },
    {
      "questionNumber": "11",
      "pageStart": 11,
      "pageEnd": 11,
      "marks": 8,
      "confidence": {
        "marker": 0.98,
        "boundary": 0.88,
        "text": 0.96,
        "marks": 0.99,
        "layout": 0.92,
        "structure": 0.96,
        "overall": 0.95
      },
      "textPreview": "11 Reduced Instruction Set Computers (RISC) and Complex Instruction Set Computers (CISC) are two types of processor. (a) State two features of RISC processors. [2] (b) Outline the process of interrupt handling as it could be applied to RISC or CISC processors. [3] (c) Explain how pipelining affects interrupt handling for RISC processors. [3]"
    }
  ]
}
[2026-07-14T16:57:21.887Z] parserVersion=0.4.0
[2026-07-14T16:57:21.887Z] documentRole=question_paper
[2026-07-14T16:57:21.887Z] validationProfile=QUESTION_PAPER
[2026-07-14T16:57:22.295Z] stage.exitCode=0
[2026-07-14T16:57:22.295Z] stage.stdout=
> paperlens-fullstack@1.0.0 pdf:stage-sample
> node scripts/stage-paper-sample.js --sample=/Users/amelia/Desktop/Workspace/workspace/Project_01CAIE_CS_Paper_Checklist/output/ingestion-samples/9618_s24_qp_33.sample.json --output=/Users/amelia/Desktop/Workspace/workspace/Project_01CAIE_CS_Paper_Checklist/output/phase2/staging/9618_s24_qp_33.staging.json --approve-golden --human-admin-review --human-reviewer=phase-batch-regression

{
  "outputPath": "/Users/amelia/Desktop/Workspace/workspace/Project_01CAIE_CS_Paper_Checklist/output/phase2/staging/9618_s24_qp_33.staging.json",
  "runId": "9618-2024-MJ-33-QP-RUN-228255f4341b",
  "status": "READY_TO_PUBLISH",
  "publishStatus": "READY_TO_PUBLISH",
  "canonicalCompleteness": {
    "status": "PASS",
    "publishable": true,
    "stagingPath": "/Users/amelia/Desktop/Workspace/workspace/Project_01CAIE_CS_Paper_Checklist/output/phase2/staging/9618_s24_qp_33.staging.json",
    "documentRole": "question_paper",
    "checks": {
      "questionCoverage": "PASS",
      "leafCoverage": "PASS",
      "markCoverage": "PASS",
      "responseAreaCoverage": "PASS",
      "sourceTraceCoverage": "PASS",
      "canonicalStructureCompleteness": "PASS"
    },
    "summary": {
      "questionCount": 11,
      "leafQuestionCount": 29,
      "markSchemeEntryCount": 0,
      "responseAreaCoverage": {
        "required": 28,
        "present": 28,
        "ratio": 1
      }
    },
    "issues": [
      {
        "severity": "P3",
        "code": "CANONICAL_MARK_COVERAGE_INCOMPLETE",
        "check": "markCoverage",
        "message": "Leaf mark is absent under an existing staging rule that permits null marks.",
        "questionId": "9618-2024-MJ-33-Q6-C-III",
        "pageNumber": null
      }
    ]
  },
  "p0": 0,
  "p1": 0,
  "p2": 0,
  "issues": []
}
[2026-07-14T16:57:22.298Z] stagingId=9618-2024-MJ-33-QP-RUN-228255f4341b
[2026-07-14T16:57:22.298Z] validationStatus=PASS
[2026-07-14T16:57:22.298Z] publishStatus=READY_TO_PUBLISH
[2026-07-14T16:57:22.298Z] canonicalCompletenessStatus=PASS
[2026-07-14T16:57:22.298Z] canonicalPublishable=true
[2026-07-14T16:57:22.298Z] issueCounts={"P0":0,"P1":0,"P2":0}
[2026-07-14T16:57:22.298Z] endTime=2026-07-14T16:57:22.298Z
[2026-07-14T16:57:22.298Z] status=PASS
