[2026-07-14T16:57:12.046Z] file=public/textbook_syllabus/pastpaper/caie-as-a-level-9618/2024 May June/9618_s24_ms_31.pdf
[2026-07-14T16:57:12.046Z] startTime=2026-07-14T16:57:12.046Z
[2026-07-14T16:57:12.046Z] expectedRole=mark_scheme
[2026-07-14T16:57:14.303Z] extract.exitCode=0
[2026-07-14T16:57:14.303Z] extract.stdout=
{
  "outputPath": "/Users/amelia/Desktop/Workspace/workspace/Project_01CAIE_CS_Paper_Checklist/output/ingestion-samples/9618_s24_ms_31.sample.json",
  "sourceFile": "public/textbook_syllabus/pastpaper/caie-as-a-level-9618/2024 May June/9618_s24_ms_31.pdf",
  "pageCount": 14,
  "questionCount": 0,
  "questions": []
}
[2026-07-14T16:57:14.306Z] parserVersion=0.4.0
[2026-07-14T16:57:14.306Z] documentRole=mark_scheme
[2026-07-14T16:57:14.306Z] validationProfile=MARK_SCHEME
[2026-07-14T16:57:14.690Z] stage.exitCode=0
[2026-07-14T16:57:14.690Z] stage.stdout=
> paperlens-fullstack@1.0.0 pdf:stage-sample
> node scripts/stage-paper-sample.js --sample=/Users/amelia/Desktop/Workspace/workspace/Project_01CAIE_CS_Paper_Checklist/output/ingestion-samples/9618_s24_ms_31.sample.json --output=/Users/amelia/Desktop/Workspace/workspace/Project_01CAIE_CS_Paper_Checklist/output/phase2/staging/9618_s24_ms_31.staging.json --approve-golden --human-admin-review --human-reviewer=phase-batch-regression

{
  "outputPath": "/Users/amelia/Desktop/Workspace/workspace/Project_01CAIE_CS_Paper_Checklist/output/phase2/staging/9618_s24_ms_31.staging.json",
  "runId": "9618-2024-MJ-31-MS-RUN-4304178aca0c",
  "status": "READY_TO_PUBLISH",
  "publishStatus": "READY_TO_PUBLISH",
  "canonicalCompleteness": {
    "status": "PASS",
    "publishable": true,
    "stagingPath": "/Users/amelia/Desktop/Workspace/workspace/Project_01CAIE_CS_Paper_Checklist/output/phase2/staging/9618_s24_ms_31.staging.json",
    "documentRole": "mark_scheme",
    "checks": {
      "questionCoverage": "PASS",
      "leafCoverage": "PASS",
      "markCoverage": "PASS",
      "responseAreaCoverage": "PASS",
      "sourceTraceCoverage": "PASS",
      "canonicalStructureCompleteness": "PASS"
    },
    "summary": {
      "questionCount": 0,
      "leafQuestionCount": 0,
      "markSchemeEntryCount": 11,
      "responseAreaCoverage": {
        "required": 0,
        "present": 0,
        "ratio": 1
      }
    },
    "issues": []
  },
  "p0": 0,
  "p1": 0,
  "p2": 0,
  "issues": []
}
[2026-07-14T16:57:14.691Z] stagingId=9618-2024-MJ-31-MS-RUN-4304178aca0c
[2026-07-14T16:57:14.691Z] validationStatus=PASS
[2026-07-14T16:57:14.691Z] publishStatus=READY_TO_PUBLISH
[2026-07-14T16:57:14.691Z] canonicalCompletenessStatus=PASS
[2026-07-14T16:57:14.691Z] canonicalPublishable=true
[2026-07-14T16:57:14.691Z] issueCounts={"P0":0,"P1":0,"P2":0}
[2026-07-14T16:57:14.691Z] endTime=2026-07-14T16:57:14.691Z
[2026-07-14T16:57:14.691Z] status=PASS
