[2026-07-14T16:57:09.375Z] file=public/textbook_syllabus/pastpaper/caie-as-a-level-9618/2024 May June/9618_s24_qp_31.pdf
[2026-07-14T16:57:09.375Z] startTime=2026-07-14T16:57:09.375Z
[2026-07-14T16:57:09.375Z] expectedRole=question_paper
[2026-07-14T16:57:11.559Z] extract.exitCode=0
[2026-07-14T16:57:11.559Z] extract.stdout=
{
  "outputPath": "/Users/amelia/Desktop/Workspace/workspace/Project_01CAIE_CS_Paper_Checklist/output/ingestion-samples/9618_s24_qp_31.sample.json",
  "sourceFile": "public/textbook_syllabus/pastpaper/caie-as-a-level-9618/2024 May June/9618_s24_qp_31.pdf",
  "pageCount": 12,
  "questionCount": 11,
  "questions": [
    {
      "questionNumber": "1",
      "pageStart": 2,
      "pageEnd": 3,
      "marks": 6,
      "confidence": {
        "marker": 0.98,
        "boundary": 0.96,
        "text": 0.96,
        "marks": 0.99,
        "layout": 0.92,
        "structure": 0.96,
        "overall": 0.96
      },
      "textPreview": "1 10 bits for the mantissa • 6 bits for the exponent • two’s complement form for both the mantissa and the exponent. • Calculate the denary value of the given normalised floating-point number. (a) Show your working. Mantissa Exponent 0 1 0 0 1 1 1 1 0 0 0 0 1 0 0 1 Working Answer [3] Calculate the normalised floating-point representation of –102.75 in this s"
    },
    {
      "questionNumber": "2",
      "pageStart": 3,
      "pageEnd": 3,
      "marks": 6,
      "confidence": {
        "marker": 0.98,
        "boundary": 0.96,
        "text": 0.96,
        "marks": 0.99,
        "layout": 0.92,
        "structure": 0.96,
        "overall": 0.96
      },
      "textPreview": "2 Transport, Application, Link, Internet Complete the diagram to show the correct order for these layers. (a) [2] Describe the function of the Transport layer. (b) [2] Outline protocol that is associated with the Application layer. (c) one [2] Explain what is meant by and data types."
    },
    {
      "questionNumber": "3",
      "pageStart": 3,
      "pageEnd": 4,
      "marks": 7,
      "confidence": {
        "marker": 0.98,
        "boundary": 0.96,
        "text": 0.96,
        "marks": 0.99,
        "layout": 0.92,
        "structure": 0.35,
        "overall": 0.69
      },
      "textPreview": "3 (a) non-composite composite [3] Write statements to declare the record data type to hold data (b) pseudocode FootballClub about football clubs in a league, to include: name of team • date team joined the league • main telephone number • name of the manager • number of members • current position in the league. • [4] Describe the sequential method of file ."
    },
    {
      "questionNumber": "4",
      "pageStart": 4,
      "pageEnd": 5,
      "marks": 5,
      "confidence": {
        "marker": 0.98,
        "boundary": 0.96,
        "text": 0.96,
        "marks": 0.99,
        "layout": 0.92,
        "structure": 0.35,
        "overall": 0.69
      },
      "textPreview": "4 (a) access [2] Explain how the sequential method of file access is applied to files with serial organisation (b) and to files with sequential organisation. [3] Write this Reverse Polish Notation (RPN) in infix form:"
    },
    {
      "questionNumber": "5",
      "pageStart": 5,
      "pageEnd": 6,
      "marks": 9,
      "confidence": {
        "marker": 0.98,
        "boundary": 0.96,
        "text": 0.96,
        "marks": 0.99,
        "layout": 0.92,
        "structure": 0.35,
        "overall": 0.69
      },
      "textPreview": "5 (a) 5 2 + 9 3 - / 3 * [3] Write this infix expression in RPN: (b) ((7 + 3) - (2 * 8)) / 6 [2] Evaluate this RPN expression: (c) a b - c d + * e / when and a = 17, b = 5, c = 7, d = 3 e = 10 Show the changing contents of the stack as the RPN expression is evaluated. [4] The diagram shows a logic circuit."
    },
    {
      "questionNumber": "6",
      "pageStart": 6,
      "pageEnd": 7,
      "marks": 10,
      "confidence": {
        "marker": 0.98,
        "boundary": 0.96,
        "text": 0.96,
        "marks": 0.99,
        "layout": 0.92,
        "structure": 0.96,
        "overall": 0.96
      },
      "textPreview": "6 Q A P R B Z S C Complete the truth table for the given logic circuit. (a) Show your working. A B C P Q R S Z 0 0 0 0 0 1 0 1 0 0 1 1 1 0 0 1 0 1 1 1 0 1 1 1 [3] Write the Boolean expression that corresponds to the logic circuit as a sum-of-products. (b) Z = [2] Complete the Karnaugh map (K-map) for the Boolean expression: (c) (i) A.B.C + A.B.C + A.B.C + A."
    },
    {
      "questionNumber": "7",
      "pageStart": 7,
      "pageEnd": 8,
      "marks": 5,
      "confidence": {
        "marker": 0.98,
        "boundary": 0.96,
        "text": 0.96,
        "marks": 0.99,
        "layout": 0.92,
        "structure": 0.96,
        "overall": 0.96
      },
      "textPreview": "7 (a) [3] Explain the role of a digital certificate in creating a digital signature. (b) [2] A programming language is used to represent the features that are available and the"
    },
    {
      "questionNumber": "8",
      "pageStart": 8,
      "pageEnd": 9,
      "marks": 8,
      "confidence": {
        "marker": 0.98,
        "boundary": 0.96,
        "text": 0.96,
        "marks": 0.99,
        "layout": 0.92,
        "structure": 0.96,
        "overall": 0.96
      },
      "textPreview": "8 declarative features that are unavailable on different body styles of a car. 01 feature(sunroof). 02 feature(automatic_tailgate). 03 feature(heated_seats). 04 feature(extra_seats). 05 feature(reversing_camera). 06 feature(dashboard_camera). 07 feature(air_conditioning). 08 feature(heated_windscreen). 09 feature(satnav). 10 bodystyle(saloon). 11 bodystyle(h"
    },
    {
      "questionNumber": "9",
      "pageStart": 9,
      "pageEnd": 10,
      "marks": 3,
      "confidence": {
        "marker": 0.98,
        "boundary": 0.96,
        "text": 0.72,
        "marks": 0.99,
        "layout": 0.92,
        "structure": 0.96,
        "overall": 0.92
      },
      "textPreview": "9 Deep Learning [3] State a condition that must be true for an array to be searchable for a binary search."
    },
    {
      "questionNumber": "10",
      "pageStart": 10,
      "pageEnd": 11,
      "marks": 8,
      "confidence": {
        "marker": 0.98,
        "boundary": 0.96,
        "text": 0.96,
        "marks": 0.99,
        "layout": 0.92,
        "structure": 0.35,
        "overall": 0.69
      },
      "textPreview": "10 (a) [1] Complete the given pseudocode to find an item in a 1D array of type using a (b) Names STRING binary search. DECLARE Names : ARRAY[1:100000] OF STRING DECLARE TopOfList : INTEGER DECLARE EndOfList : INTEGER DECLARE CurrentItem : INTEGER DECLARE ToFind : STRING DECLARE Found : BOOLEAN DECLARE NotInList : BOOLEAN 1 TopOfList ← 100000 EndOfList ← OUTP"
    },
    {
      "questionNumber": "11",
      "pageStart": 11,
      "pageEnd": 11,
      "marks": 8,
      "confidence": {
        "marker": 0.98,
        "boundary": 0.88,
        "text": 0.96,
        "marks": 0.99,
        "layout": 0.92,
        "structure": 0.96,
        "overall": 0.95
      },
      "textPreview": "11 two types of processor. State features of RISC processors. (a) two [2] Outline the process of interrupt handling as it could be applied to RISC or CISC processors. (b) [3] Explain how pipelining affects interrupt handling for RISC processors. (c) [3]"
    }
  ]
}
[2026-07-14T16:57:11.561Z] parserVersion=0.4.0
[2026-07-14T16:57:11.561Z] documentRole=question_paper
[2026-07-14T16:57:11.561Z] validationProfile=QUESTION_PAPER
[2026-07-14T16:57:12.043Z] stage.exitCode=0
[2026-07-14T16:57:12.043Z] stage.stdout=
> paperlens-fullstack@1.0.0 pdf:stage-sample
> node scripts/stage-paper-sample.js --sample=/Users/amelia/Desktop/Workspace/workspace/Project_01CAIE_CS_Paper_Checklist/output/ingestion-samples/9618_s24_qp_31.sample.json --output=/Users/amelia/Desktop/Workspace/workspace/Project_01CAIE_CS_Paper_Checklist/output/phase2/staging/9618_s24_qp_31.staging.json --approve-golden --human-admin-review --human-reviewer=phase-batch-regression

{
  "outputPath": "/Users/amelia/Desktop/Workspace/workspace/Project_01CAIE_CS_Paper_Checklist/output/phase2/staging/9618_s24_qp_31.staging.json",
  "runId": "9618-2024-MJ-31-QP-RUN-450570faa4a9",
  "status": "READY_TO_PUBLISH",
  "publishStatus": "READY_TO_PUBLISH",
  "canonicalCompleteness": {
    "status": "PASS",
    "publishable": true,
    "stagingPath": "/Users/amelia/Desktop/Workspace/workspace/Project_01CAIE_CS_Paper_Checklist/output/phase2/staging/9618_s24_qp_31.staging.json",
    "documentRole": "question_paper",
    "checks": {
      "questionCoverage": "PASS",
      "leafCoverage": "PASS",
      "markCoverage": "PASS",
      "responseAreaCoverage": "PASS",
      "sourceTraceCoverage": "PASS",
      "canonicalStructureCompleteness": "PASS"
    },
    "summary": {
      "questionCount": 11,
      "leafQuestionCount": 29,
      "markSchemeEntryCount": 0,
      "responseAreaCoverage": {
        "required": 28,
        "present": 28,
        "ratio": 1
      }
    },
    "issues": [
      {
        "severity": "P3",
        "code": "CANONICAL_MARK_COVERAGE_INCOMPLETE",
        "check": "markCoverage",
        "message": "Leaf mark is absent under an existing staging rule that permits null marks.",
        "questionId": "9618-2024-MJ-31-Q6-C-III",
        "pageNumber": null
      }
    ]
  },
  "p0": 0,
  "p1": 0,
  "p2": 0,
  "issues": []
}
[2026-07-14T16:57:12.046Z] stagingId=9618-2024-MJ-31-QP-RUN-450570faa4a9
[2026-07-14T16:57:12.046Z] validationStatus=PASS
[2026-07-14T16:57:12.046Z] publishStatus=READY_TO_PUBLISH
[2026-07-14T16:57:12.046Z] canonicalCompletenessStatus=PASS
[2026-07-14T16:57:12.046Z] canonicalPublishable=true
[2026-07-14T16:57:12.046Z] issueCounts={"P0":0,"P1":0,"P2":0}
[2026-07-14T16:57:12.046Z] endTime=2026-07-14T16:57:12.046Z
[2026-07-14T16:57:12.046Z] status=PASS
