[2026-07-13T04:51:51.539Z] file=public/textbook_syllabus/pastpaper/caie-igcse-0478/2022-May-June/0478_s22_qp_21.pdf
[2026-07-13T04:51:51.539Z] startTime=2026-07-13T04:51:51.539Z
[2026-07-13T04:51:51.539Z] expectedRole=question_paper
[2026-07-13T04:51:52.793Z] extract.exitCode=0
[2026-07-13T04:51:52.793Z] extract.stdout=
{
  "outputPath": "/Users/amelia/Desktop/Workspace/workspace/Project_01CAIE_CS_Paper_Checklist/output/ingestion-samples/0478_s22_qp_21.sample.json",
  "sourceFile": "public/textbook_syllabus/pastpaper/caie-igcse-0478/2022-May-June/0478_s22_qp_21.pdf",
  "pageCount": 12,
  "questionCount": 6,
  "questions": [
    {
      "questionNumber": "1",
      "pageStart": 3,
      "pageEnd": 7,
      "marks": 20,
      "confidence": {
        "marker": 0.98,
        "boundary": 0.96,
        "text": 0.96,
        "marks": 0.99,
        "layout": 0.92,
        "structure": 0.35,
        "overall": 0.69
      },
      "textPreview": "1 (a) Task 1 types of data structure, names used for data structures, their uses and examples of sample data. [5] Explain how you could change your program in to total all the money collected from (b) Task 1 new members who have paid. [3] Describe how data input in could be validated to find out if a new member wants to (c) Task 1 work as a volunteer. [3] Wr"
    },
    {
      "questionNumber": "2",
      "pageStart": 7,
      "pageEnd": 7,
      "marks": null,
      "confidence": {
        "marker": 0.98,
        "boundary": 0.96,
        "text": 0.96,
        "marks": 0.35,
        "layout": 0.92,
        "structure": 0.35,
        "overall": 0.69
      },
      "textPreview": "2 ✓ ) per column. tick ( one ✓ Data type Description Boolean Char Integer Real String a single character from the keyboard multiple characters from the keyboard only one of two possible values only whole numbers any number [4] Give piece of normal test data and piece of erroneous test data that could be used to"
    },
    {
      "questionNumber": "3",
      "pageStart": 7,
      "pageEnd": 8,
      "marks": 4,
      "confidence": {
        "marker": 0.98,
        "boundary": 0.96,
        "text": 0.96,
        "marks": 0.99,
        "layout": 0.92,
        "structure": 0.35,
        "overall": 0.69
      },
      "textPreview": "3 one one validate the input of an email address. State the reason for your choice in each case. Normal test data Reason Erroneous test data Reason [4] The flowchart shows an algorithm that should allow 60 test results to be entered into the variable"
    },
    {
      "questionNumber": "4",
      "pageStart": 8,
      "pageEnd": 10,
      "marks": 10,
      "confidence": {
        "marker": 0.98,
        "boundary": 0.96,
        "text": 0.96,
        "marks": 0.99,
        "layout": 0.92,
        "structure": 0.96,
        "overall": 0.96
      },
      "textPreview": "4 . Each test result is checked to see if it is 50 or more. If it is, the test result is assigned to the Score array. Otherwise, it is assigned to the array. Pass Fail Complete this flowchart: (a) START PassCount 0 FailCount 0 Count 0 Yes No Count Count + 1 No Yes END [6] Write a pseudocode routine that will check that each test result entered into the algor"
    },
    {
      "questionNumber": "5",
      "pageStart": 10,
      "pageEnd": 12,
      "marks": 7,
      "confidence": {
        "marker": 0.98,
        "boundary": 0.96,
        "text": 0.96,
        "marks": 0.99,
        "layout": 0.92,
        "structure": 0.96,
        "overall": 0.96
      },
      "textPreview": "5 The pre-defined function gives the value of the result of integer division. DIV For example, gives the value Y = 9 DIV 4 Y = 2 The pre-defined function gives the value of the remainder of integer division. MOD For example, gives the value R = 9 MOD 4 R = 1 0 First ← 0 Last ← INPUT Limit 1 TO Limit FOR Counter ← INPUT Value IF Value >= 100 THEN IF Value < 1"
    },
    {
      "questionNumber": "6",
      "pageStart": 12,
      "pageEnd": 12,
      "marks": 5,
      "confidence": {
        "marker": 0.98,
        "boundary": 0.88,
        "text": 0.96,
        "marks": 0.99,
        "layout": 0.92,
        "structure": 0.96,
        "overall": 0.95
      },
      "textPreview": "6 in the stock table are shown. Name Description GameID primary key GameName the name of each game AgeRestriction the minimum age at which a person is allowed to play each game GamePrice the selling price for each game NumberStock the quantity of each game currently in stock OnOrder whether or each game is on order from the suppliers not DateLastOrdered the "
    }
  ]
}
[2026-07-13T04:51:52.794Z] parserVersion=0.4.0
[2026-07-13T04:51:52.794Z] documentRole=question_paper
[2026-07-13T04:51:52.794Z] validationProfile=QUESTION_PAPER
[2026-07-13T04:51:53.049Z] stage.exitCode=0
[2026-07-13T04:51:53.049Z] stage.stdout=
> paperlens-fullstack@1.0.0 pdf:stage-sample
> node scripts/stage-paper-sample.js --sample=/Users/amelia/Desktop/Workspace/workspace/Project_01CAIE_CS_Paper_Checklist/output/ingestion-samples/0478_s22_qp_21.sample.json --output=/Users/amelia/Desktop/Workspace/workspace/Project_01CAIE_CS_Paper_Checklist/output/phase2/staging/0478_s22_qp_21.staging.json --approve-golden --human-admin-review --human-reviewer=phase-batch-regression

{
  "outputPath": "/Users/amelia/Desktop/Workspace/workspace/Project_01CAIE_CS_Paper_Checklist/output/phase2/staging/0478_s22_qp_21.staging.json",
  "runId": "0478-2022-MJ-21-QP-RUN-7b81b4a8ac00",
  "status": "READY_TO_PUBLISH",
  "publishStatus": "READY_TO_PUBLISH",
  "canonicalCompleteness": {
    "status": "PASS",
    "publishable": true,
    "stagingPath": "/Users/amelia/Desktop/Workspace/workspace/Project_01CAIE_CS_Paper_Checklist/output/phase2/staging/0478_s22_qp_21.staging.json",
    "documentRole": "question_paper",
    "checks": {
      "questionCoverage": "PASS",
      "leafCoverage": "PASS",
      "markCoverage": "PASS",
      "responseAreaCoverage": "PASS",
      "sourceTraceCoverage": "PASS",
      "canonicalStructureCompleteness": "PASS"
    },
    "summary": {
      "questionCount": 6,
      "leafQuestionCount": 14,
      "markSchemeEntryCount": 0,
      "responseAreaCoverage": {
        "required": 13,
        "present": 13,
        "ratio": 1
      }
    },
    "issues": [
      {
        "severity": "P3",
        "code": "CANONICAL_MARK_COVERAGE_INCOMPLETE",
        "check": "markCoverage",
        "message": "Leaf mark is absent under an existing staging rule that permits null marks.",
        "questionId": "0478-2022-MJ-21-Q2",
        "pageNumber": null
      }
    ]
  },
  "p0": 0,
  "p1": 0,
  "p2": 0,
  "issues": []
}
[2026-07-13T04:51:53.050Z] stagingId=0478-2022-MJ-21-QP-RUN-7b81b4a8ac00
[2026-07-13T04:51:53.050Z] validationStatus=PASS
[2026-07-13T04:51:53.050Z] publishStatus=READY_TO_PUBLISH
[2026-07-13T04:51:53.050Z] canonicalCompletenessStatus=PASS
[2026-07-13T04:51:53.050Z] canonicalPublishable=true
[2026-07-13T04:51:53.050Z] issueCounts={"P0":0,"P1":0,"P2":0}
[2026-07-13T04:51:53.050Z] endTime=2026-07-13T04:51:53.050Z
[2026-07-13T04:51:53.050Z] status=PASS
