[2026-07-13T04:51:50.005Z] file=public/textbook_syllabus/pastpaper/caie-igcse-0478/2022-May-June/0478_s22_ms_13.pdf
[2026-07-13T04:51:50.005Z] startTime=2026-07-13T04:51:50.005Z
[2026-07-13T04:51:50.005Z] expectedRole=mark_scheme
[2026-07-13T04:51:51.290Z] extract.exitCode=0
[2026-07-13T04:51:51.290Z] extract.stdout=
{
  "outputPath": "/Users/amelia/Desktop/Workspace/workspace/Project_01CAIE_CS_Paper_Checklist/output/ingestion-samples/0478_s22_ms_13.sample.json",
  "sourceFile": "public/textbook_syllabus/pastpaper/caie-igcse-0478/2022-May-June/0478_s22_ms_13.pdf",
  "pageCount": 13,
  "questionCount": 0,
  "questions": []
}
[2026-07-13T04:51:51.291Z] parserVersion=0.4.0
[2026-07-13T04:51:51.291Z] documentRole=mark_scheme
[2026-07-13T04:51:51.291Z] validationProfile=MARK_SCHEME
[2026-07-13T04:51:51.538Z] stage.exitCode=0
[2026-07-13T04:51:51.538Z] stage.stdout=
> paperlens-fullstack@1.0.0 pdf:stage-sample
> node scripts/stage-paper-sample.js --sample=/Users/amelia/Desktop/Workspace/workspace/Project_01CAIE_CS_Paper_Checklist/output/ingestion-samples/0478_s22_ms_13.sample.json --output=/Users/amelia/Desktop/Workspace/workspace/Project_01CAIE_CS_Paper_Checklist/output/phase2/staging/0478_s22_ms_13.staging.json --approve-golden --human-admin-review --human-reviewer=phase-batch-regression

{
  "outputPath": "/Users/amelia/Desktop/Workspace/workspace/Project_01CAIE_CS_Paper_Checklist/output/phase2/staging/0478_s22_ms_13.staging.json",
  "runId": "0478-2022-MJ-13-MS-RUN-7340831eb06f",
  "status": "READY_TO_PUBLISH",
  "publishStatus": "READY_TO_PUBLISH",
  "canonicalCompleteness": {
    "status": "PASS",
    "publishable": true,
    "stagingPath": "/Users/amelia/Desktop/Workspace/workspace/Project_01CAIE_CS_Paper_Checklist/output/phase2/staging/0478_s22_ms_13.staging.json",
    "documentRole": "mark_scheme",
    "checks": {
      "questionCoverage": "PASS",
      "leafCoverage": "PASS",
      "markCoverage": "PASS",
      "responseAreaCoverage": "PASS",
      "sourceTraceCoverage": "PASS",
      "canonicalStructureCompleteness": "PASS"
    },
    "summary": {
      "questionCount": 0,
      "leafQuestionCount": 0,
      "markSchemeEntryCount": 7,
      "responseAreaCoverage": {
        "required": 0,
        "present": 0,
        "ratio": 1
      }
    },
    "issues": []
  },
  "p0": 0,
  "p1": 0,
  "p2": 0,
  "issues": []
}
[2026-07-13T04:51:51.539Z] stagingId=0478-2022-MJ-13-MS-RUN-7340831eb06f
[2026-07-13T04:51:51.539Z] validationStatus=PASS
[2026-07-13T04:51:51.539Z] publishStatus=READY_TO_PUBLISH
[2026-07-13T04:51:51.539Z] canonicalCompletenessStatus=PASS
[2026-07-13T04:51:51.539Z] canonicalPublishable=true
[2026-07-13T04:51:51.539Z] issueCounts={"P0":0,"P1":0,"P2":0}
[2026-07-13T04:51:51.539Z] endTime=2026-07-13T04:51:51.539Z
[2026-07-13T04:51:51.539Z] status=PASS
