[2026-07-13T04:51:48.467Z] file=public/textbook_syllabus/pastpaper/caie-igcse-0478/2022-May-June/0478_s22_qp_13.pdf
[2026-07-13T04:51:48.467Z] startTime=2026-07-13T04:51:48.467Z
[2026-07-13T04:51:48.467Z] expectedRole=question_paper
[2026-07-13T04:51:49.746Z] extract.exitCode=0
[2026-07-13T04:51:49.746Z] extract.stdout=
{
  "outputPath": "/Users/amelia/Desktop/Workspace/workspace/Project_01CAIE_CS_Paper_Checklist/output/ingestion-samples/0478_s22_qp_13.sample.json",
  "sourceFile": "public/textbook_syllabus/pastpaper/caie-igcse-0478/2022-May-June/0478_s22_qp_13.pdf",
  "pageCount": 12,
  "questionCount": 8,
  "questions": [
    {
      "questionNumber": "1",
      "pageStart": 2,
      "pageEnd": 3,
      "marks": 7,
      "confidence": {
        "marker": 0.98,
        "boundary": 0.96,
        "text": 0.96,
        "marks": 0.99,
        "layout": 0.92,
        "structure": 0.35,
        "overall": 0.69
      },
      "textPreview": "1 (a) five 3 Tick ( ) to show if each device is an example of an input device, an output device or a storage device. Input Output Storage Device 3 3 3 ( ) ( ) ( ) keyboard microphone headphones hard disk drive (HDD) actuator [5] There are three different types of storage device. One type is magnetic. (b) State the other types of storage device. two Type 1 Ty"
    },
    {
      "questionNumber": "2",
      "pageStart": 3,
      "pageEnd": 4,
      "marks": 12,
      "confidence": {
        "marker": 0.98,
        "boundary": 0.96,
        "text": 0.96,
        "marks": 0.99,
        "layout": 0.92,
        "structure": 0.96,
        "overall": 0.96
      },
      "textPreview": "2 The seat number is a hexadecimal value. A 12-bit binary register is used to store the data to (a) display each seat number. seat numbers, 05A, 18C and 29F, are allocated to passengers. Three Give the 12-bit binary value that would be stored for each hexadecimal seat number. 05A 18C 29F [6] The display screen used above each seat is a Light-Emitting Diode ("
    },
    {
      "questionNumber": "3",
      "pageStart": 4,
      "pageEnd": 5,
      "marks": 8,
      "confidence": {
        "marker": 0.98,
        "boundary": 0.96,
        "text": 0.96,
        "marks": 0.99,
        "layout": 0.92,
        "structure": 0.96,
        "overall": 0.96
      },
      "textPreview": "3 statements are given about these logic gates. (a) Four 3 Tick ( ) to show which statements apply to each logic gate. Some statements may apply to more than logic gate. one AND OR XOR Statement 3 3 3 ( ) ( ) ( ) if both inputs are 0, the output is 0 if both inputs are different, the output is 1 if both inputs are 1, the output is 1 if both inputs are the sa"
    },
    {
      "questionNumber": "4",
      "pageStart": 5,
      "pageEnd": 6,
      "marks": 7,
      "confidence": {
        "marker": 0.98,
        "boundary": 0.96,
        "text": 0.96,
        "marks": 0.99,
        "layout": 0.92,
        "structure": 0.96,
        "overall": 0.96
      },
      "textPreview": "4 A URL is a text-based version of a website address. It is made up of several different parts. (a) State the names of different parts of a URL. three Part 1 Part 2 Part 3 [3] Explain how the URL is converted into an Internet Protocol (IP) address for the website. (b) [2] A protocol is used to securely transmit the data for the website to the browser. (c) St"
    },
    {
      "questionNumber": "5",
      "pageStart": 6,
      "pageEnd": 8,
      "marks": 20,
      "confidence": {
        "marker": 0.98,
        "boundary": 0.96,
        "text": 0.96,
        "marks": 0.99,
        "layout": 0.92,
        "structure": 0.96,
        "overall": 0.96
      },
      "textPreview": "5 The computer has a central processing unit (CPU). Explain the purpose of the CPU. (a) Identify the stages of the cycle performed by the CPU in your answer. three [5] The memory address register (MAR) is one component built into the CPU. (b) Identify other components that are built into the CPU. (i) four Component 1 Component 2 Component 3 Component 4 [4] D"
    },
    {
      "questionNumber": "6",
      "pageStart": 8,
      "pageEnd": 10,
      "marks": 7,
      "confidence": {
        "marker": 0.98,
        "boundary": 0.96,
        "text": 0.96,
        "marks": 0.99,
        "layout": 0.92,
        "structure": 0.96,
        "overall": 0.96
      },
      "textPreview": "6 3 Tick ( ) to show which type of data is stored in a JPEG file. (a) 3 ) Tick ( Video Sound Image [1] Compression can be used to reduce the size of a file. (b) 3 Tick ( ) to show whether the JPEG file is a lossy compressed file or a lossless compressed file or a compressed file. not 3 ) Tick ( Lossy compressed file Lossless compressed file a compressed file"
    },
    {
      "questionNumber": "7",
      "pageStart": 10,
      "pageEnd": 11,
      "marks": 8,
      "confidence": {
        "marker": 0.98,
        "boundary": 0.96,
        "text": 0.96,
        "marks": 0.99,
        "layout": 0.92,
        "structure": 0.96,
        "overall": 0.96
      },
      "textPreview": "7 close to his computer. Data is sent from his computer to the file server using parallel simplex data transmission. Describe how the data is sent using parallel simplex data transmission. (a) [3] The file server is moved to another building that is 1 km away. (b) Explain why the parallel simplex data transmission method that Umar uses is no longer suitable."
    },
    {
      "questionNumber": "8",
      "pageStart": 11,
      "pageEnd": 11,
      "marks": 6,
      "confidence": {
        "marker": 0.98,
        "boundary": 0.88,
        "text": 0.96,
        "marks": 0.99,
        "layout": 0.92,
        "structure": 0.35,
        "overall": 0.69
      },
      "textPreview": "8 Complete the paragraph using the most appropriate terms from the list. all terms in the list Not need to be used. all at once • assembler • assembly language • binary • commenting • compiling • debugging • executable file • high-level language • interpreted • is required • not is required • line by line • low-level language • A compiler and an interpreter "
    }
  ]
}
[2026-07-13T04:51:49.748Z] parserVersion=0.4.0
[2026-07-13T04:51:49.748Z] documentRole=question_paper
[2026-07-13T04:51:49.748Z] validationProfile=QUESTION_PAPER
[2026-07-13T04:51:50.003Z] stage.exitCode=0
[2026-07-13T04:51:50.003Z] stage.stdout=
> paperlens-fullstack@1.0.0 pdf:stage-sample
> node scripts/stage-paper-sample.js --sample=/Users/amelia/Desktop/Workspace/workspace/Project_01CAIE_CS_Paper_Checklist/output/ingestion-samples/0478_s22_qp_13.sample.json --output=/Users/amelia/Desktop/Workspace/workspace/Project_01CAIE_CS_Paper_Checklist/output/phase2/staging/0478_s22_qp_13.staging.json --approve-golden --human-admin-review --human-reviewer=phase-batch-regression

{
  "outputPath": "/Users/amelia/Desktop/Workspace/workspace/Project_01CAIE_CS_Paper_Checklist/output/phase2/staging/0478_s22_qp_13.staging.json",
  "runId": "0478-2022-MJ-13-QP-RUN-ef53cefa18c8",
  "status": "READY_TO_PUBLISH",
  "publishStatus": "READY_TO_PUBLISH",
  "canonicalCompleteness": {
    "status": "PASS",
    "publishable": true,
    "stagingPath": "/Users/amelia/Desktop/Workspace/workspace/Project_01CAIE_CS_Paper_Checklist/output/phase2/staging/0478_s22_qp_13.staging.json",
    "documentRole": "question_paper",
    "checks": {
      "questionCoverage": "PASS",
      "leafCoverage": "PASS",
      "markCoverage": "PASS",
      "responseAreaCoverage": "PASS",
      "sourceTraceCoverage": "PASS",
      "canonicalStructureCompleteness": "PASS"
    },
    "summary": {
      "questionCount": 8,
      "leafQuestionCount": 24,
      "markSchemeEntryCount": 0,
      "responseAreaCoverage": {
        "required": 24,
        "present": 24,
        "ratio": 1
      }
    },
    "issues": []
  },
  "p0": 0,
  "p1": 0,
  "p2": 0,
  "issues": []
}
[2026-07-13T04:51:50.005Z] stagingId=0478-2022-MJ-13-QP-RUN-ef53cefa18c8
[2026-07-13T04:51:50.005Z] validationStatus=PASS
[2026-07-13T04:51:50.005Z] publishStatus=READY_TO_PUBLISH
[2026-07-13T04:51:50.005Z] canonicalCompletenessStatus=PASS
[2026-07-13T04:51:50.005Z] canonicalPublishable=true
[2026-07-13T04:51:50.005Z] issueCounts={"P0":0,"P1":0,"P2":0}
[2026-07-13T04:51:50.005Z] endTime=2026-07-13T04:51:50.005Z
[2026-07-13T04:51:50.005Z] status=PASS
