[2026-07-14T16:51:55.244Z] file=public/textbook_syllabus/pastpaper/caie-as-a-level-9618/2022 May June/9618_s22_qp_43.pdf
[2026-07-14T16:51:55.244Z] startTime=2026-07-14T16:51:55.244Z
[2026-07-14T16:51:55.244Z] expectedRole=question_paper
[2026-07-14T16:51:56.511Z] extract.exitCode=0
[2026-07-14T16:51:56.511Z] extract.stdout=
{
  "outputPath": "/Users/amelia/Desktop/Workspace/workspace/Project_01CAIE_CS_Paper_Checklist/output/ingestion-samples/9618_s22_qp_43.sample.json",
  "sourceFile": "public/textbook_syllabus/pastpaper/caie-as-a-level-9618/2022 May June/9618_s22_qp_43.pdf",
  "pageCount": 12,
  "questionCount": 3,
  "questions": [
    {
      "questionNumber": "1",
      "pageStart": 2,
      "pageEnd": 5,
      "marks": 29,
      "confidence": {
        "marker": 0.98,
        "boundary": 0.96,
        "text": 0.96,
        "marks": 0.99,
        "layout": 0.92,
        "structure": 0.96,
        "overall": 0.96
      },
      "textPreview": "1 HighScore.txt in descending order of score. The file stores the 3-character name of the player, and their integer score, in the order: player, score. For example, the current top player in the text file: is the player name FYI is the score 10 000 The program: reads in the data from • HighScore.txt allows the user to enter a new player name and their score "
    },
    {
      "questionNumber": "2",
      "pageStart": 5,
      "pageEnd": 8,
      "marks": 25,
      "confidence": {
        "marker": 0.98,
        "boundary": 0.96,
        "text": 0.96,
        "marks": 0.99,
        "layout": 0.92,
        "structure": 0.96,
        "overall": 0.96
      },
      "textPreview": "2 One element of the game is a balloon. This is designed as the class . Balloon The class has the following attributes and methods. Balloon The health of the balloon Health : INTEGER The colour of the balloon Colour : STRING The item the balloon uses to defend itself DefenceItem : STRING Initialises the defence item and colour using the Constructor() paramet"
    },
    {
      "questionNumber": "3",
      "pageStart": 8,
      "pageEnd": 10,
      "marks": 21,
      "confidence": {
        "marker": 0.98,
        "boundary": 0.88,
        "text": 0.96,
        "marks": 0.99,
        "layout": 0.92,
        "structure": 0.96,
        "overall": 0.95
      },
      "textPreview": "3 QueueArray with 10 string items. The following data is stored about the queue: the head pointer initialised to 0 • the tail pointer initialised to 0 • the number of items in the queue initialised to 0. • Declare the array, head pointer, tail pointer and number of items. (a) If you are writing in Python, include attribute declarations using comments. Save y"
    }
  ]
}
[2026-07-14T16:51:56.512Z] parserVersion=0.4.0
[2026-07-14T16:51:56.512Z] documentRole=question_paper
[2026-07-14T16:51:56.512Z] validationProfile=QUESTION_PAPER
[2026-07-14T16:51:56.755Z] stage.exitCode=0
[2026-07-14T16:51:56.755Z] stage.stdout=
> paperlens-fullstack@1.0.0 pdf:stage-sample
> node scripts/stage-paper-sample.js --sample=/Users/amelia/Desktop/Workspace/workspace/Project_01CAIE_CS_Paper_Checklist/output/ingestion-samples/9618_s22_qp_43.sample.json --output=/Users/amelia/Desktop/Workspace/workspace/Project_01CAIE_CS_Paper_Checklist/output/phase2/staging/9618_s22_qp_43.staging.json --approve-golden --human-admin-review --human-reviewer=phase-batch-regression

{
  "outputPath": "/Users/amelia/Desktop/Workspace/workspace/Project_01CAIE_CS_Paper_Checklist/output/phase2/staging/9618_s22_qp_43.staging.json",
  "runId": "9618-2022-MJ-43-QP-RUN-5da5d6afbba5",
  "status": "READY_TO_PUBLISH",
  "publishStatus": "READY_TO_PUBLISH",
  "canonicalCompleteness": {
    "status": "PASS",
    "publishable": true,
    "stagingPath": "/Users/amelia/Desktop/Workspace/workspace/Project_01CAIE_CS_Paper_Checklist/output/phase2/staging/9618_s22_qp_43.staging.json",
    "documentRole": "question_paper",
    "checks": {
      "questionCoverage": "PASS",
      "leafCoverage": "PASS",
      "markCoverage": "PASS",
      "responseAreaCoverage": "PASS",
      "sourceTraceCoverage": "PASS",
      "canonicalStructureCompleteness": "PASS"
    },
    "summary": {
      "questionCount": 3,
      "leafQuestionCount": 23,
      "markSchemeEntryCount": 0,
      "responseAreaCoverage": {
        "required": 23,
        "present": 23,
        "ratio": 1
      }
    },
    "issues": []
  },
  "p0": 0,
  "p1": 0,
  "p2": 0,
  "issues": []
}
[2026-07-14T16:51:56.757Z] stagingId=9618-2022-MJ-43-QP-RUN-5da5d6afbba5
[2026-07-14T16:51:56.757Z] validationStatus=PASS
[2026-07-14T16:51:56.757Z] publishStatus=READY_TO_PUBLISH
[2026-07-14T16:51:56.757Z] canonicalCompletenessStatus=PASS
[2026-07-14T16:51:56.757Z] canonicalPublishable=true
[2026-07-14T16:51:56.757Z] issueCounts={"P0":0,"P1":0,"P2":0}
[2026-07-14T16:51:56.757Z] endTime=2026-07-14T16:51:56.757Z
[2026-07-14T16:51:56.757Z] status=PASS
