[2026-07-14T16:51:50.511Z] file=public/textbook_syllabus/pastpaper/caie-as-a-level-9618/2022 May June/9618_s22_qp_42.pdf
[2026-07-14T16:51:50.511Z] startTime=2026-07-14T16:51:50.511Z
[2026-07-14T16:51:50.511Z] expectedRole=question_paper
[2026-07-14T16:51:51.771Z] extract.exitCode=0
[2026-07-14T16:51:51.771Z] extract.stdout=
{
  "outputPath": "/Users/amelia/Desktop/Workspace/workspace/Project_01CAIE_CS_Paper_Checklist/output/ingestion-samples/9618_s22_qp_42.sample.json",
  "sourceFile": "public/textbook_syllabus/pastpaper/caie-as-a-level-9618/2022 May June/9618_s22_qp_42.pdf",
  "pageCount": 12,
  "questionCount": 3,
  "questions": [
    {
      "questionNumber": "1",
      "pageStart": 2,
      "pageEnd": 4,
      "marks": 25,
      "confidence": {
        "marker": 0.98,
        "boundary": 0.96,
        "text": 0.96,
        "marks": 0.99,
        "layout": 0.92,
        "structure": 0.96,
        "overall": 0.96
      },
      "textPreview": "1 A 1D array is used to store the stack globally. The global variable StackData StackPointer points to the next available space in the stack and is initialised to 0. Write program code to declare the array and pointer as global data structures. Initialise the (a) pointer to 0. Save your program as . Question1_J22 Copy and paste the program code into in the e"
    },
    {
      "questionNumber": "2",
      "pageStart": 4,
      "pageEnd": 7,
      "marks": 23,
      "confidence": {
        "marker": 0.98,
        "boundary": 0.96,
        "text": 0.96,
        "marks": 0.99,
        "layout": 0.92,
        "structure": 0.96,
        "overall": 0.96
      },
      "textPreview": "2 The main program declares a 2D array of 10 by 10 integer elements. (a) The array is initialised with a random number between 1 and 100 in each element. Write program code for the main program. Save your program as . Question2_J22 Copy and paste the program code into in the evidence document. part 2(a) [4] The following bubble sort pseudocode algorithm sort"
    },
    {
      "questionNumber": "3",
      "pageStart": 7,
      "pageEnd": 9,
      "marks": 27,
      "confidence": {
        "marker": 0.98,
        "boundary": 0.88,
        "text": 0.96,
        "marks": 0.99,
        "layout": 0.92,
        "structure": 0.96,
        "overall": 0.95
      },
      "textPreview": "3 Each card has a number and a colour. The cards are saved in the text file CardValues.txt The program has a class named . The class has the following attributes and methods. Card Card The number of the card Number : INTEGER The colour of the card Colour : STRING Takes two values as parameters and sets them to the private Constructor() attributes Returns the"
    }
  ]
}
[2026-07-14T16:51:51.772Z] parserVersion=0.4.0
[2026-07-14T16:51:51.772Z] documentRole=question_paper
[2026-07-14T16:51:51.772Z] validationProfile=QUESTION_PAPER
[2026-07-14T16:51:52.028Z] stage.exitCode=0
[2026-07-14T16:51:52.028Z] stage.stdout=
> paperlens-fullstack@1.0.0 pdf:stage-sample
> node scripts/stage-paper-sample.js --sample=/Users/amelia/Desktop/Workspace/workspace/Project_01CAIE_CS_Paper_Checklist/output/ingestion-samples/9618_s22_qp_42.sample.json --output=/Users/amelia/Desktop/Workspace/workspace/Project_01CAIE_CS_Paper_Checklist/output/phase2/staging/9618_s22_qp_42.staging.json --approve-golden --human-admin-review --human-reviewer=phase-batch-regression

{
  "outputPath": "/Users/amelia/Desktop/Workspace/workspace/Project_01CAIE_CS_Paper_Checklist/output/phase2/staging/9618_s22_qp_42.staging.json",
  "runId": "9618-2022-MJ-42-QP-RUN-9d7790c2e895",
  "status": "READY_TO_PUBLISH",
  "publishStatus": "READY_TO_PUBLISH",
  "canonicalCompleteness": {
    "status": "PASS",
    "publishable": true,
    "stagingPath": "/Users/amelia/Desktop/Workspace/workspace/Project_01CAIE_CS_Paper_Checklist/output/phase2/staging/9618_s22_qp_42.staging.json",
    "documentRole": "question_paper",
    "checks": {
      "questionCoverage": "PASS",
      "leafCoverage": "PASS",
      "markCoverage": "PASS",
      "responseAreaCoverage": "PASS",
      "sourceTraceCoverage": "PASS",
      "canonicalStructureCompleteness": "PASS"
    },
    "summary": {
      "questionCount": 3,
      "leafQuestionCount": 19,
      "markSchemeEntryCount": 0,
      "responseAreaCoverage": {
        "required": 19,
        "present": 19,
        "ratio": 1
      }
    },
    "issues": []
  },
  "p0": 0,
  "p1": 0,
  "p2": 0,
  "issues": []
}
[2026-07-14T16:51:52.029Z] stagingId=9618-2022-MJ-42-QP-RUN-9d7790c2e895
[2026-07-14T16:51:52.029Z] validationStatus=PASS
[2026-07-14T16:51:52.029Z] publishStatus=READY_TO_PUBLISH
[2026-07-14T16:51:52.029Z] canonicalCompletenessStatus=PASS
[2026-07-14T16:51:52.029Z] canonicalPublishable=true
[2026-07-14T16:51:52.029Z] issueCounts={"P0":0,"P1":0,"P2":0}
[2026-07-14T16:51:52.029Z] endTime=2026-07-14T16:51:52.029Z
[2026-07-14T16:51:52.029Z] status=PASS
