[2026-07-14T16:51:49.109Z] file=public/textbook_syllabus/pastpaper/caie-as-a-level-9618/2022 May June/9618_s22_ms_33.pdf
[2026-07-14T16:51:49.109Z] startTime=2026-07-14T16:51:49.109Z
[2026-07-14T16:51:49.109Z] expectedRole=mark_scheme
[2026-07-14T16:51:50.263Z] extract.exitCode=0
[2026-07-14T16:51:50.263Z] extract.stdout=
{
  "outputPath": "/Users/amelia/Desktop/Workspace/workspace/Project_01CAIE_CS_Paper_Checklist/output/ingestion-samples/9618_s22_ms_33.sample.json",
  "sourceFile": "public/textbook_syllabus/pastpaper/caie-as-a-level-9618/2022 May June/9618_s22_ms_33.pdf",
  "pageCount": 11,
  "questionCount": 0,
  "questions": []
}
[2026-07-14T16:51:50.264Z] parserVersion=0.4.0
[2026-07-14T16:51:50.264Z] documentRole=mark_scheme
[2026-07-14T16:51:50.264Z] validationProfile=MARK_SCHEME
[2026-07-14T16:51:50.510Z] stage.exitCode=0
[2026-07-14T16:51:50.510Z] stage.stdout=
> paperlens-fullstack@1.0.0 pdf:stage-sample
> node scripts/stage-paper-sample.js --sample=/Users/amelia/Desktop/Workspace/workspace/Project_01CAIE_CS_Paper_Checklist/output/ingestion-samples/9618_s22_ms_33.sample.json --output=/Users/amelia/Desktop/Workspace/workspace/Project_01CAIE_CS_Paper_Checklist/output/phase2/staging/9618_s22_ms_33.staging.json --approve-golden --human-admin-review --human-reviewer=phase-batch-regression

{
  "outputPath": "/Users/amelia/Desktop/Workspace/workspace/Project_01CAIE_CS_Paper_Checklist/output/phase2/staging/9618_s22_ms_33.staging.json",
  "runId": "9618-2022-MJ-33-MS-RUN-baed85fe0424",
  "status": "READY_TO_PUBLISH",
  "publishStatus": "READY_TO_PUBLISH",
  "canonicalCompleteness": {
    "status": "PASS",
    "publishable": true,
    "stagingPath": "/Users/amelia/Desktop/Workspace/workspace/Project_01CAIE_CS_Paper_Checklist/output/phase2/staging/9618_s22_ms_33.staging.json",
    "documentRole": "mark_scheme",
    "checks": {
      "questionCoverage": "PASS",
      "leafCoverage": "PASS",
      "markCoverage": "PASS",
      "responseAreaCoverage": "PASS",
      "sourceTraceCoverage": "PASS",
      "canonicalStructureCompleteness": "PASS"
    },
    "summary": {
      "questionCount": 0,
      "leafQuestionCount": 0,
      "markSchemeEntryCount": 7,
      "responseAreaCoverage": {
        "required": 0,
        "present": 0,
        "ratio": 1
      }
    },
    "issues": []
  },
  "p0": 0,
  "p1": 0,
  "p2": 0,
  "issues": []
}
[2026-07-14T16:51:50.511Z] stagingId=9618-2022-MJ-33-MS-RUN-baed85fe0424
[2026-07-14T16:51:50.511Z] validationStatus=PASS
[2026-07-14T16:51:50.511Z] publishStatus=READY_TO_PUBLISH
[2026-07-14T16:51:50.511Z] canonicalCompletenessStatus=PASS
[2026-07-14T16:51:50.511Z] canonicalPublishable=true
[2026-07-14T16:51:50.511Z] issueCounts={"P0":0,"P1":0,"P2":0}
[2026-07-14T16:51:50.511Z] endTime=2026-07-14T16:51:50.511Z
[2026-07-14T16:51:50.511Z] status=PASS
