[2026-07-14T16:58:44.938Z] file=public/textbook_syllabus/pastpaper/caie-as-a-level-9618/2024 Oct Nov/9618_w24_ms_11.pdf
[2026-07-14T16:58:44.938Z] startTime=2026-07-14T16:58:44.938Z
[2026-07-14T16:58:44.938Z] expectedRole=mark_scheme
[2026-07-14T16:58:46.506Z] extract.exitCode=0
[2026-07-14T16:58:46.506Z] extract.stdout=
{
  "outputPath": "/Users/amelia/Desktop/Workspace/workspace/Project_01CAIE_CS_Paper_Checklist/output/ingestion-samples/9618_w24_ms_11.sample.json",
  "sourceFile": "public/textbook_syllabus/pastpaper/caie-as-a-level-9618/2024 Oct Nov/9618_w24_ms_11.pdf",
  "pageCount": 9,
  "questionCount": 0,
  "questions": []
}
[2026-07-14T16:58:46.510Z] parserVersion=0.4.0
[2026-07-14T16:58:46.510Z] documentRole=mark_scheme
[2026-07-14T16:58:46.510Z] validationProfile=MARK_SCHEME
[2026-07-14T16:58:46.919Z] stage.exitCode=0
[2026-07-14T16:58:46.919Z] stage.stdout=
> paperlens-fullstack@1.0.0 pdf:stage-sample
> node scripts/stage-paper-sample.js --sample=/Users/amelia/Desktop/Workspace/workspace/Project_01CAIE_CS_Paper_Checklist/output/ingestion-samples/9618_w24_ms_11.sample.json --output=/Users/amelia/Desktop/Workspace/workspace/Project_01CAIE_CS_Paper_Checklist/output/phase2/staging/9618_w24_ms_11.staging.json --approve-golden --human-admin-review --human-reviewer=phase-batch-regression

{
  "outputPath": "/Users/amelia/Desktop/Workspace/workspace/Project_01CAIE_CS_Paper_Checklist/output/phase2/staging/9618_w24_ms_11.staging.json",
  "runId": "9618-2024-ON-11-MS-RUN-e9674e802b5b",
  "status": "READY_TO_PUBLISH",
  "publishStatus": "READY_TO_PUBLISH",
  "canonicalCompleteness": {
    "status": "PASS",
    "publishable": true,
    "stagingPath": "/Users/amelia/Desktop/Workspace/workspace/Project_01CAIE_CS_Paper_Checklist/output/phase2/staging/9618_w24_ms_11.staging.json",
    "documentRole": "mark_scheme",
    "checks": {
      "questionCoverage": "PASS",
      "leafCoverage": "PASS",
      "markCoverage": "PASS",
      "responseAreaCoverage": "PASS",
      "sourceTraceCoverage": "PASS",
      "canonicalStructureCompleteness": "PASS"
    },
    "summary": {
      "questionCount": 0,
      "leafQuestionCount": 0,
      "markSchemeEntryCount": 33,
      "responseAreaCoverage": {
        "required": 0,
        "present": 0,
        "ratio": 1
      }
    },
    "issues": []
  },
  "p0": 0,
  "p1": 0,
  "p2": 0,
  "issues": []
}
[2026-07-14T16:58:46.922Z] stagingId=9618-2024-ON-11-MS-RUN-e9674e802b5b
[2026-07-14T16:58:46.922Z] validationStatus=PASS
[2026-07-14T16:58:46.922Z] publishStatus=READY_TO_PUBLISH
[2026-07-14T16:58:46.922Z] canonicalCompletenessStatus=PASS
[2026-07-14T16:58:46.922Z] canonicalPublishable=true
[2026-07-14T16:58:46.922Z] issueCounts={"P0":0,"P1":0,"P2":0}
[2026-07-14T16:58:46.922Z] endTime=2026-07-14T16:58:46.922Z
[2026-07-14T16:58:46.922Z] status=PASS
