[2026-07-14T16:58:50.279Z] file=public/textbook_syllabus/pastpaper/caie-as-a-level-9618/2024 Oct Nov/9618_w24_ms_13.pdf
[2026-07-14T16:58:50.279Z] startTime=2026-07-14T16:58:50.279Z
[2026-07-14T16:58:50.279Z] expectedRole=mark_scheme
[2026-07-14T16:58:51.923Z] extract.exitCode=0
[2026-07-14T16:58:51.923Z] extract.stdout=
{
  "outputPath": "/Users/amelia/Desktop/Workspace/workspace/Project_01CAIE_CS_Paper_Checklist/output/ingestion-samples/9618_w24_ms_13.sample.json",
  "sourceFile": "public/textbook_syllabus/pastpaper/caie-as-a-level-9618/2024 Oct Nov/9618_w24_ms_13.pdf",
  "pageCount": 9,
  "questionCount": 0,
  "questions": []
}
[2026-07-14T16:58:51.925Z] parserVersion=0.4.0
[2026-07-14T16:58:51.925Z] documentRole=mark_scheme
[2026-07-14T16:58:51.925Z] validationProfile=MARK_SCHEME
[2026-07-14T16:58:52.311Z] stage.exitCode=0
[2026-07-14T16:58:52.311Z] stage.stdout=
> paperlens-fullstack@1.0.0 pdf:stage-sample
> node scripts/stage-paper-sample.js --sample=/Users/amelia/Desktop/Workspace/workspace/Project_01CAIE_CS_Paper_Checklist/output/ingestion-samples/9618_w24_ms_13.sample.json --output=/Users/amelia/Desktop/Workspace/workspace/Project_01CAIE_CS_Paper_Checklist/output/phase2/staging/9618_w24_ms_13.staging.json --approve-golden --human-admin-review --human-reviewer=phase-batch-regression

{
  "outputPath": "/Users/amelia/Desktop/Workspace/workspace/Project_01CAIE_CS_Paper_Checklist/output/phase2/staging/9618_w24_ms_13.staging.json",
  "runId": "9618-2024-ON-13-MS-RUN-d3ee5286285e",
  "status": "READY_TO_PUBLISH",
  "publishStatus": "READY_TO_PUBLISH",
  "canonicalCompleteness": {
    "status": "PASS",
    "publishable": true,
    "stagingPath": "/Users/amelia/Desktop/Workspace/workspace/Project_01CAIE_CS_Paper_Checklist/output/phase2/staging/9618_w24_ms_13.staging.json",
    "documentRole": "mark_scheme",
    "checks": {
      "questionCoverage": "PASS",
      "leafCoverage": "PASS",
      "markCoverage": "PASS",
      "responseAreaCoverage": "PASS",
      "sourceTraceCoverage": "PASS",
      "canonicalStructureCompleteness": "PASS"
    },
    "summary": {
      "questionCount": 0,
      "leafQuestionCount": 0,
      "markSchemeEntryCount": 30,
      "responseAreaCoverage": {
        "required": 0,
        "present": 0,
        "ratio": 1
      }
    },
    "issues": []
  },
  "p0": 0,
  "p1": 0,
  "p2": 0,
  "issues": []
}
[2026-07-14T16:58:52.313Z] stagingId=9618-2024-ON-13-MS-RUN-d3ee5286285e
[2026-07-14T16:58:52.313Z] validationStatus=PASS
[2026-07-14T16:58:52.313Z] publishStatus=READY_TO_PUBLISH
[2026-07-14T16:58:52.313Z] canonicalCompletenessStatus=PASS
[2026-07-14T16:58:52.313Z] canonicalPublishable=true
[2026-07-14T16:58:52.313Z] issueCounts={"P0":0,"P1":0,"P2":0}
[2026-07-14T16:58:52.313Z] endTime=2026-07-14T16:58:52.313Z
[2026-07-14T16:58:52.313Z] status=PASS
