[2026-07-14T16:58:41.814Z] file=public/textbook_syllabus/pastpaper/caie-as-a-level-9618/2024 Oct Nov/9618_w24_qp_11.pdf
[2026-07-14T16:58:41.814Z] startTime=2026-07-14T16:58:41.814Z
[2026-07-14T16:58:41.814Z] expectedRole=question_paper
[2026-07-14T16:58:44.467Z] extract.exitCode=0
[2026-07-14T16:58:44.467Z] extract.stdout=
{
  "outputPath": "/Users/amelia/Desktop/Workspace/workspace/Project_01CAIE_CS_Paper_Checklist/output/ingestion-samples/9618_w24_qp_11.sample.json",
  "sourceFile": "public/textbook_syllabus/pastpaper/caie-as-a-level-9618/2024 Oct Nov/9618_w24_qp_11.pdf",
  "pageCount": 16,
  "questionCount": 8,
  "questions": [
    {
      "questionNumber": "1",
      "pageStart": 2,
      "pageEnd": 3,
      "marks": 7,
      "confidence": {
        "marker": 0.98,
        "boundary": 0.96,
        "text": 0.96,
        "marks": 0.99,
        "layout": 0.92,
        "structure": 0.35,
        "overall": 0.69
      },
      "textPreview": "1 (a) State one difference between a tebibyte and a gigabyte. [1] (b) (i) Convert the unsigned binary integer into hexadecimal. 110001100111 Answer [1] (ii) Convert the two’s complement binary number into denary. 100110010111 Answer [1] (iii) Convert the Binary Coded Decimal (BCD) into denary. 010101110011 Answer [1] (c) Subtract the denary number 23 from th"
    },
    {
      "questionNumber": "2",
      "pageStart": 4,
      "pageEnd": 6,
      "marks": 17,
      "confidence": {
        "marker": 0.98,
        "boundary": 0.96,
        "text": 0.96,
        "marks": 0.99,
        "layout": 0.92,
        "structure": 0.96,
        "overall": 0.96
      },
      "textPreview": "2 A shop repairs electronic devices, for example mobile phones and tablet computers. The shop owner stores the data about the repairs using a file-based approach. (a) Give one limitation of using a file-based approach to store the data and explain how a relational database addresses this limitation. Limitation Explanation [3] (b) The shop owner creates a rel"
    },
    {
      "questionNumber": "3",
      "pageStart": 7,
      "pageEnd": 8,
      "marks": 16,
      "confidence": {
        "marker": 0.98,
        "boundary": 0.96,
        "text": 0.96,
        "marks": 0.99,
        "layout": 0.92,
        "structure": 0.96,
        "overall": 0.96
      },
      "textPreview": "3 A computer system has a dual-core Central Processing Unit (CPU). (a) State the purpose of the system clock and the Control Unit (CU) in a CPU. System clock CU [2] (b) (i) The number of cores in the processor affects the performance of the computer system. Identify one other feature of a processor that can affect the performance of a computer system and sta"
    },
    {
      "questionNumber": "4",
      "pageStart": 9,
      "pageEnd": 10,
      "marks": 17,
      "confidence": {
        "marker": 0.98,
        "boundary": 0.96,
        "text": 0.96,
        "marks": 0.99,
        "layout": 0.92,
        "structure": 0.96,
        "overall": 0.96
      },
      "textPreview": "4 A student uses a laptop to write a program that is saved as a text file. (a) The laptop has utility software and an Operating System (OS). (i) Describe the file management tasks carried out by an OS. [2] (ii) Explain the need for back-up software. [2] (b) The student compresses the file before it is emailed to their teacher as an attachment. (i) Explain th"
    },
    {
      "questionNumber": "5",
      "pageStart": 11,
      "pageEnd": 12,
      "marks": 6,
      "confidence": {
        "marker": 0.98,
        "boundary": 0.96,
        "text": 0.96,
        "marks": 0.99,
        "layout": 0.92,
        "structure": 0.96,
        "overall": 0.96
      },
      "textPreview": "5 A security system has both a floodlight (very bright light) and an audio alarm. The data from multiple sensors is analysed and used to: turn on the floodlight • sound the audio alarm. • Sensors can be used to detect: if doors are open • the external daylight level • if people are detected within a set distance. • (a) Complete the table to identify the most"
    },
    {
      "questionNumber": "6",
      "pageStart": 13,
      "pageEnd": 13,
      "marks": 4,
      "confidence": {
        "marker": 0.98,
        "boundary": 0.96,
        "text": 0.96,
        "marks": 0.99,
        "layout": 0.92,
        "structure": 0.35,
        "overall": 0.69
      },
      "textPreview": "6 A car park system uses a camera to record the registration number of each car as it enters and leaves the car park. Explain how artificial intelligence is used in the car park system to identify the car’s registration number. [4]"
    },
    {
      "questionNumber": "7",
      "pageStart": 13,
      "pageEnd": 13,
      "marks": 4,
      "confidence": {
        "marker": 0.98,
        "boundary": 0.96,
        "text": 0.96,
        "marks": 0.99,
        "layout": 0.92,
        "structure": 0.96,
        "overall": 0.96
      },
      "textPreview": "7 Software is distributed with a licence. (a) Give two benefits of distributing software using a shareware software licence. 1 2 [2] (b) Give two benefits of distributing software using a commercial software licence. 1 2 [2]"
    },
    {
      "questionNumber": "8",
      "pageStart": 14,
      "pageEnd": 14,
      "marks": 4,
      "confidence": {
        "marker": 0.98,
        "boundary": 0.88,
        "text": 0.96,
        "marks": 0.99,
        "layout": 0.92,
        "structure": 0.96,
        "overall": 0.95
      },
      "textPreview": "8 A computer designed using the Von Neumann model for a computer system contains general purpose registers and special purpose registers. (a) Describe the purpose of the Status Register (SR). [2] (b) Identify two differences between general purpose registers and special purpose registers. 1 2 [2]"
    }
  ]
}
[2026-07-14T16:58:44.471Z] parserVersion=0.4.0
[2026-07-14T16:58:44.471Z] documentRole=question_paper
[2026-07-14T16:58:44.471Z] validationProfile=QUESTION_PAPER
[2026-07-14T16:58:44.932Z] stage.exitCode=0
[2026-07-14T16:58:44.932Z] stage.stdout=
> paperlens-fullstack@1.0.0 pdf:stage-sample
> node scripts/stage-paper-sample.js --sample=/Users/amelia/Desktop/Workspace/workspace/Project_01CAIE_CS_Paper_Checklist/output/ingestion-samples/9618_w24_qp_11.sample.json --output=/Users/amelia/Desktop/Workspace/workspace/Project_01CAIE_CS_Paper_Checklist/output/phase2/staging/9618_w24_qp_11.staging.json --approve-golden --human-admin-review --human-reviewer=phase-batch-regression

{
  "outputPath": "/Users/amelia/Desktop/Workspace/workspace/Project_01CAIE_CS_Paper_Checklist/output/phase2/staging/9618_w24_qp_11.staging.json",
  "runId": "9618-2024-ON-11-QP-RUN-94d1aed5bc14",
  "status": "READY_TO_PUBLISH",
  "publishStatus": "READY_TO_PUBLISH",
  "canonicalCompleteness": {
    "status": "PASS",
    "publishable": true,
    "stagingPath": "/Users/amelia/Desktop/Workspace/workspace/Project_01CAIE_CS_Paper_Checklist/output/phase2/staging/9618_w24_qp_11.staging.json",
    "documentRole": "question_paper",
    "checks": {
      "questionCoverage": "PASS",
      "leafCoverage": "PASS",
      "markCoverage": "PASS",
      "responseAreaCoverage": "PASS",
      "sourceTraceCoverage": "PASS",
      "canonicalStructureCompleteness": "PASS"
    },
    "summary": {
      "questionCount": 8,
      "leafQuestionCount": 32,
      "markSchemeEntryCount": 0,
      "responseAreaCoverage": {
        "required": 32,
        "present": 32,
        "ratio": 1
      }
    },
    "issues": []
  },
  "p0": 0,
  "p1": 0,
  "p2": 0,
  "issues": []
}
[2026-07-14T16:58:44.937Z] stagingId=9618-2024-ON-11-QP-RUN-94d1aed5bc14
[2026-07-14T16:58:44.937Z] validationStatus=PASS
[2026-07-14T16:58:44.937Z] publishStatus=READY_TO_PUBLISH
[2026-07-14T16:58:44.937Z] canonicalCompletenessStatus=PASS
[2026-07-14T16:58:44.937Z] canonicalPublishable=true
[2026-07-14T16:58:44.937Z] issueCounts={"P0":0,"P1":0,"P2":0}
[2026-07-14T16:58:44.937Z] endTime=2026-07-14T16:58:44.937Z
[2026-07-14T16:58:44.937Z] status=PASS
