[2026-07-14T16:59:48.637Z] file=public/textbook_syllabus/pastpaper/caie-as-a-level-9618/2024 Oct Nov/9618_w24_ms_43.pdf
[2026-07-14T16:59:48.637Z] startTime=2026-07-14T16:59:48.637Z
[2026-07-14T16:59:48.637Z] expectedRole=mark_scheme
[2026-07-14T16:59:53.594Z] extract.exitCode=0
[2026-07-14T16:59:53.594Z] extract.stdout=
{
  "outputPath": "/Users/amelia/Desktop/Workspace/workspace/Project_01CAIE_CS_Paper_Checklist/output/ingestion-samples/9618_w24_ms_43.sample.json",
  "sourceFile": "public/textbook_syllabus/pastpaper/caie-as-a-level-9618/2024 Oct Nov/9618_w24_ms_43.pdf",
  "pageCount": 37,
  "questionCount": 0,
  "questions": []
}
[2026-07-14T16:59:53.600Z] parserVersion=0.4.0
[2026-07-14T16:59:53.600Z] documentRole=mark_scheme
[2026-07-14T16:59:53.600Z] validationProfile=MARK_SCHEME
[2026-07-14T16:59:54.057Z] stage.exitCode=0
[2026-07-14T16:59:54.057Z] stage.stdout=
> paperlens-fullstack@1.0.0 pdf:stage-sample
> node scripts/stage-paper-sample.js --sample=/Users/amelia/Desktop/Workspace/workspace/Project_01CAIE_CS_Paper_Checklist/output/ingestion-samples/9618_w24_ms_43.sample.json --output=/Users/amelia/Desktop/Workspace/workspace/Project_01CAIE_CS_Paper_Checklist/output/phase2/staging/9618_w24_ms_43.staging.json --approve-golden --human-admin-review --human-reviewer=phase-batch-regression

{
  "outputPath": "/Users/amelia/Desktop/Workspace/workspace/Project_01CAIE_CS_Paper_Checklist/output/phase2/staging/9618_w24_ms_43.staging.json",
  "runId": "9618-2024-ON-43-MS-RUN-6b537ad93498",
  "status": "READY_TO_PUBLISH",
  "publishStatus": "READY_TO_PUBLISH",
  "canonicalCompleteness": {
    "status": "PASS",
    "publishable": true,
    "stagingPath": "/Users/amelia/Desktop/Workspace/workspace/Project_01CAIE_CS_Paper_Checklist/output/phase2/staging/9618_w24_ms_43.staging.json",
    "documentRole": "mark_scheme",
    "checks": {
      "questionCoverage": "PASS",
      "leafCoverage": "PASS",
      "markCoverage": "PASS",
      "responseAreaCoverage": "PASS",
      "sourceTraceCoverage": "PASS",
      "canonicalStructureCompleteness": "PASS"
    },
    "summary": {
      "questionCount": 0,
      "leafQuestionCount": 0,
      "markSchemeEntryCount": 47,
      "responseAreaCoverage": {
        "required": 0,
        "present": 0,
        "ratio": 1
      }
    },
    "issues": []
  },
  "p0": 0,
  "p1": 0,
  "p2": 0,
  "issues": []
}
[2026-07-14T16:59:54.061Z] stagingId=9618-2024-ON-43-MS-RUN-6b537ad93498
[2026-07-14T16:59:54.061Z] validationStatus=PASS
[2026-07-14T16:59:54.061Z] publishStatus=READY_TO_PUBLISH
[2026-07-14T16:59:54.061Z] canonicalCompletenessStatus=PASS
[2026-07-14T16:59:54.061Z] canonicalPublishable=true
[2026-07-14T16:59:54.061Z] issueCounts={"P0":0,"P1":0,"P2":0}
[2026-07-14T16:59:54.061Z] endTime=2026-07-14T16:59:54.061Z
[2026-07-14T16:59:54.061Z] status=PASS
