[2026-07-14T16:59:05.230Z] file=public/textbook_syllabus/pastpaper/caie-as-a-level-9618/2024 Oct Nov/9618_w24_qp_23.pdf
[2026-07-14T16:59:05.230Z] startTime=2026-07-14T16:59:05.230Z
[2026-07-14T16:59:05.230Z] expectedRole=question_paper
[2026-07-14T16:59:08.143Z] extract.exitCode=0
[2026-07-14T16:59:08.143Z] extract.stdout=
{
  "outputPath": "/Users/amelia/Desktop/Workspace/workspace/Project_01CAIE_CS_Paper_Checklist/output/ingestion-samples/9618_w24_qp_23.sample.json",
  "sourceFile": "public/textbook_syllabus/pastpaper/caie-as-a-level-9618/2024 Oct Nov/9618_w24_qp_23.pdf",
  "pageCount": 20,
  "questionCount": 8,
  "questions": [
    {
      "questionNumber": "1",
      "pageStart": 2,
      "pageEnd": 2,
      "marks": 13,
      "confidence": {
        "marker": 0.98,
        "boundary": 0.96,
        "text": 0.96,
        "marks": 0.35,
        "layout": 0.92,
        "structure": 0.35,
        "overall": 0.69
      },
      "textPreview": "1 Each example may contain statements that relate to one or more of the following: selection • iteration (repetition) • subroutine (procedure or function). • Complete the table by placing one or more ticks (' ') in each row. ✓ Pseudocode example Selection Iteration Subroutine FOR Index 1 TO 3 ← IF Safe[Index] = TRUE THEN Flap[Index] 0 ← ENDIF NEXT Index CASE"
    },
    {
      "questionNumber": "2",
      "pageStart": 3,
      "pageEnd": 3,
      "marks": 7,
      "confidence": {
        "marker": 0.98,
        "boundary": 0.96,
        "text": 0.96,
        "marks": 0.99,
        "layout": 0.92,
        "structure": 0.96,
        "overall": 0.96
      },
      "textPreview": "2 An algorithm will: 1. prompt and input a sequence of 100 integer values, one at a time 2. sum the positive integers 3. output the result of the sum. (a) Write pseudocode for the algorithm. Assume the value zero is neither positive nor negative. You must declare all variables used in the algorithm. [5] (b) The algorithm requires the use of basic constructs."
    },
    {
      "questionNumber": "3",
      "pageStart": 4,
      "pageEnd": 6,
      "marks": 10,
      "confidence": {
        "marker": 0.98,
        "boundary": 0.96,
        "text": 0.96,
        "marks": 0.99,
        "layout": 0.92,
        "structure": 0.96,
        "overall": 0.96
      },
      "textPreview": "3 The implementation of a linked list uses an integer variable and a 1D array List of type Node. Record type Node is declared in pseudocode as follows: TYPE Node DECLARE Data : STRING DECLARE Pointer : INTEGER ENDTYPE The array List is declared in pseudocode as follows: DECLARE List : ARRAY[1:200] OF Node The linked list will operate as follows: Integer vari"
    },
    {
      "questionNumber": "4",
      "pageStart": 8,
      "pageEnd": 9,
      "marks": 8,
      "confidence": {
        "marker": 0.98,
        "boundary": 0.96,
        "text": 0.96,
        "marks": 0.99,
        "layout": 0.92,
        "structure": 0.96,
        "overall": 0.96
      },
      "textPreview": "4 An examination paper has a maximum of 75 marks. One of five pass grades (A to E) is assigned, depending on the mark obtained. The lowest mark for a given grade is known as the grade boundary. A program is being written to process examination marks. The five grade boundaries are stored in a global 1D array GB of type INTEGER, for example: Index Value Commen"
    },
    {
      "questionNumber": "5",
      "pageStart": 10,
      "pageEnd": 10,
      "marks": 7,
      "confidence": {
        "marker": 0.98,
        "boundary": 0.96,
        "text": 0.96,
        "marks": 0.99,
        "layout": 0.92,
        "structure": 0.96,
        "overall": 0.96
      },
      "textPreview": "5 A software developer follows a program development life cycle. The life cycle divides the development process into various stages. (a) The following table lists some development activities. Complete the table by writing the name of the life cycle stage for each activity. Activity Name of life cycle stage A compiler is used. A program that has been released"
    },
    {
      "questionNumber": "6",
      "pageStart": 11,
      "pageEnd": 11,
      "marks": 7,
      "confidence": {
        "marker": 0.98,
        "boundary": 0.96,
        "text": 0.96,
        "marks": 0.99,
        "layout": 0.92,
        "structure": 0.35,
        "overall": 0.69
      },
      "textPreview": "6 In some countries, on the third Sunday in March, daylight saving time begins when clocks move forward by one hour. A module AdjustClock() will take an integer parameter representing a year. The module will return an integer value representing the number of the day in March on which the clocks move forward. For example, the following line of pseudocode woul"
    },
    {
      "questionNumber": "7",
      "pageStart": 12,
      "pageEnd": 12,
      "marks": 6,
      "confidence": {
        "marker": 0.98,
        "boundary": 0.96,
        "text": 0.96,
        "marks": 0.99,
        "layout": 0.92,
        "structure": 0.96,
        "overall": 0.96
      },
      "textPreview": "7 A coffee shop owner wants to introduce a computerised loyalty card system. A programmer discusses the details of the system with the shop owner. (a) Identify the stage of the program development life cycle that this discussion is part of and give a document that will be produced during this stage. Stage Document [2] (b) The shop will give each customer a l"
    },
    {
      "questionNumber": "8",
      "pageStart": 14,
      "pageEnd": 17,
      "marks": 16,
      "confidence": {
        "marker": 0.98,
        "boundary": 0.88,
        "text": 0.96,
        "marks": 0.99,
        "layout": 0.92,
        "structure": 0.96,
        "overall": 0.95
      },
      "textPreview": "8 A program is being developed to implement a game for up to six players. During the game, each player assembles a team of characters. At the start of the game there are 45 characters available. Each character has four attributes, as follows: Attribute Examples Comment Player 0, 1, 3 The player the character is assigned to. The job that the character will pe"
    }
  ]
}
[2026-07-14T16:59:08.147Z] parserVersion=0.4.0
[2026-07-14T16:59:08.147Z] documentRole=question_paper
[2026-07-14T16:59:08.147Z] validationProfile=QUESTION_PAPER
[2026-07-14T16:59:08.600Z] stage.exitCode=0
[2026-07-14T16:59:08.600Z] stage.stdout=
> paperlens-fullstack@1.0.0 pdf:stage-sample
> node scripts/stage-paper-sample.js --sample=/Users/amelia/Desktop/Workspace/workspace/Project_01CAIE_CS_Paper_Checklist/output/ingestion-samples/9618_w24_qp_23.sample.json --output=/Users/amelia/Desktop/Workspace/workspace/Project_01CAIE_CS_Paper_Checklist/output/phase2/staging/9618_w24_qp_23.staging.json --approve-golden --human-admin-review --human-reviewer=phase-batch-regression

{
  "outputPath": "/Users/amelia/Desktop/Workspace/workspace/Project_01CAIE_CS_Paper_Checklist/output/phase2/staging/9618_w24_qp_23.staging.json",
  "runId": "9618-2024-ON-23-QP-RUN-43a2a12ba004",
  "status": "NEEDS_REVIEW",
  "publishStatus": "BLOCKED",
  "canonicalCompleteness": {
    "status": "FAIL",
    "publishable": false,
    "stagingPath": "/Users/amelia/Desktop/Workspace/workspace/Project_01CAIE_CS_Paper_Checklist/output/phase2/staging/9618_w24_qp_23.staging.json",
    "documentRole": "question_paper",
    "checks": {
      "questionCoverage": "PASS",
      "leafCoverage": "PASS",
      "markCoverage": "FAIL",
      "responseAreaCoverage": "PASS",
      "sourceTraceCoverage": "PASS",
      "canonicalStructureCompleteness": "PASS"
    },
    "summary": {
      "questionCount": 8,
      "leafQuestionCount": 19,
      "markSchemeEntryCount": 0,
      "responseAreaCoverage": {
        "required": 16,
        "present": 16,
        "ratio": 1
      }
    },
    "issues": [
      {
        "severity": "P3",
        "code": "CANONICAL_MARK_COVERAGE_INCOMPLETE",
        "check": "markCoverage",
        "message": "Leaf mark is absent under an existing staging rule that permits null marks.",
        "questionId": "9618-2024-ON-23-Q1-C",
        "pageNumber": null
      },
      {
        "severity": "P3",
        "code": "CANONICAL_MARK_COVERAGE_INCOMPLETE",
        "check": "markCoverage",
        "message": "Leaf mark is absent under an existing staging rule that permits null marks.",
        "questionId": "9618-2024-ON-23-Q4-A",
        "pageNumber": null
      },
      {
        "severity": "P3",
        "code": "CANONICAL_MARK_COVERAGE_INCOMPLETE",
        "check": "markCoverage",
        "message": "Leaf mark is absent under an existing staging rule that permits null marks.",
        "questionId": "9618-2024-ON-23-Q8-C",
        "pageNumber": null
      },
      {
        "severity": "P0",
        "code": "CANONICAL_MARK_COVERAGE_INCOMPLETE",
        "check": "markCoverage",
        "message": "Existing parent mark validation is not valid.",
        "questionId": "9618-2024-ON-23-Q1",
        "pageNumber": null
      }
    ]
  },
  "p0": 1,
  "p1": 0,
  "p2": 0,
  "issues": [
    [
      "P0",
      "MARK_SUM_MISMATCH",
      "9618-2024-ON-23-Q1"
    ]
  ]
}
[2026-07-14T16:59:08.604Z] stagingId=9618-2024-ON-23-QP-RUN-43a2a12ba004
[2026-07-14T16:59:08.605Z] validationStatus=FAIL
[2026-07-14T16:59:08.605Z] publishStatus=BLOCKED
[2026-07-14T16:59:08.605Z] canonicalCompletenessStatus=FAIL
[2026-07-14T16:59:08.605Z] canonicalPublishable=false
[2026-07-14T16:59:08.605Z] issueCounts={"P0":1,"P1":0,"P2":0}
[2026-07-14T16:59:08.605Z] endTime=2026-07-14T16:59:08.605Z
[2026-07-14T16:59:08.605Z] status=FAIL
