[2026-07-14T16:59:14.291Z] file=public/textbook_syllabus/pastpaper/caie-as-a-level-9618/2024 Oct Nov/9618_w24_ms_31.pdf
[2026-07-14T16:59:14.291Z] startTime=2026-07-14T16:59:14.291Z
[2026-07-14T16:59:14.291Z] expectedRole=mark_scheme
[2026-07-14T16:59:16.874Z] extract.exitCode=0
[2026-07-14T16:59:16.874Z] extract.stdout=
{
  "outputPath": "/Users/amelia/Desktop/Workspace/workspace/Project_01CAIE_CS_Paper_Checklist/output/ingestion-samples/9618_w24_ms_31.sample.json",
  "sourceFile": "public/textbook_syllabus/pastpaper/caie-as-a-level-9618/2024 Oct Nov/9618_w24_ms_31.pdf",
  "pageCount": 17,
  "questionCount": 0,
  "questions": []
}
[2026-07-14T16:59:16.876Z] parserVersion=0.4.0
[2026-07-14T16:59:16.876Z] documentRole=mark_scheme
[2026-07-14T16:59:16.876Z] validationProfile=MARK_SCHEME
[2026-07-14T16:59:17.277Z] stage.exitCode=0
[2026-07-14T16:59:17.277Z] stage.stdout=
> paperlens-fullstack@1.0.0 pdf:stage-sample
> node scripts/stage-paper-sample.js --sample=/Users/amelia/Desktop/Workspace/workspace/Project_01CAIE_CS_Paper_Checklist/output/ingestion-samples/9618_w24_ms_31.sample.json --output=/Users/amelia/Desktop/Workspace/workspace/Project_01CAIE_CS_Paper_Checklist/output/phase2/staging/9618_w24_ms_31.staging.json --approve-golden --human-admin-review --human-reviewer=phase-batch-regression

{
  "outputPath": "/Users/amelia/Desktop/Workspace/workspace/Project_01CAIE_CS_Paper_Checklist/output/phase2/staging/9618_w24_ms_31.staging.json",
  "runId": "9618-2024-ON-31-MS-RUN-ce0106f1b96b",
  "status": "READY_TO_PUBLISH",
  "publishStatus": "READY_TO_PUBLISH",
  "canonicalCompleteness": {
    "status": "PASS",
    "publishable": true,
    "stagingPath": "/Users/amelia/Desktop/Workspace/workspace/Project_01CAIE_CS_Paper_Checklist/output/phase2/staging/9618_w24_ms_31.staging.json",
    "documentRole": "mark_scheme",
    "checks": {
      "questionCoverage": "PASS",
      "leafCoverage": "PASS",
      "markCoverage": "PASS",
      "responseAreaCoverage": "PASS",
      "sourceTraceCoverage": "PASS",
      "canonicalStructureCompleteness": "PASS"
    },
    "summary": {
      "questionCount": 0,
      "leafQuestionCount": 0,
      "markSchemeEntryCount": 26,
      "responseAreaCoverage": {
        "required": 0,
        "present": 0,
        "ratio": 1
      }
    },
    "issues": []
  },
  "p0": 0,
  "p1": 0,
  "p2": 0,
  "issues": []
}
[2026-07-14T16:59:17.280Z] stagingId=9618-2024-ON-31-MS-RUN-ce0106f1b96b
[2026-07-14T16:59:17.280Z] validationStatus=PASS
[2026-07-14T16:59:17.280Z] publishStatus=READY_TO_PUBLISH
[2026-07-14T16:59:17.280Z] canonicalCompletenessStatus=PASS
[2026-07-14T16:59:17.280Z] canonicalPublishable=true
[2026-07-14T16:59:17.280Z] issueCounts={"P0":0,"P1":0,"P2":0}
[2026-07-14T16:59:17.280Z] endTime=2026-07-14T16:59:17.280Z
[2026-07-14T16:59:17.280Z] status=PASS
