[2026-07-14T16:58:55.650Z] file=public/textbook_syllabus/pastpaper/caie-as-a-level-9618/2024 Oct Nov/9618_w24_ms_21.pdf
[2026-07-14T16:58:55.650Z] startTime=2026-07-14T16:58:55.650Z
[2026-07-14T16:58:55.650Z] expectedRole=mark_scheme
[2026-07-14T16:58:57.829Z] extract.exitCode=0
[2026-07-14T16:58:57.829Z] extract.stdout=
{
  "outputPath": "/Users/amelia/Desktop/Workspace/workspace/Project_01CAIE_CS_Paper_Checklist/output/ingestion-samples/9618_w24_ms_21.sample.json",
  "sourceFile": "public/textbook_syllabus/pastpaper/caie-as-a-level-9618/2024 Oct Nov/9618_w24_ms_21.pdf",
  "pageCount": 13,
  "questionCount": 0,
  "questions": []
}
[2026-07-14T16:58:57.832Z] parserVersion=0.4.0
[2026-07-14T16:58:57.832Z] documentRole=mark_scheme
[2026-07-14T16:58:57.832Z] validationProfile=MARK_SCHEME
[2026-07-14T16:58:58.296Z] stage.exitCode=0
[2026-07-14T16:58:58.296Z] stage.stdout=
> paperlens-fullstack@1.0.0 pdf:stage-sample
> node scripts/stage-paper-sample.js --sample=/Users/amelia/Desktop/Workspace/workspace/Project_01CAIE_CS_Paper_Checklist/output/ingestion-samples/9618_w24_ms_21.sample.json --output=/Users/amelia/Desktop/Workspace/workspace/Project_01CAIE_CS_Paper_Checklist/output/phase2/staging/9618_w24_ms_21.staging.json --approve-golden --human-admin-review --human-reviewer=phase-batch-regression

{
  "outputPath": "/Users/amelia/Desktop/Workspace/workspace/Project_01CAIE_CS_Paper_Checklist/output/phase2/staging/9618_w24_ms_21.staging.json",
  "runId": "9618-2024-ON-21-MS-RUN-0c1ea5a48c24",
  "status": "READY_TO_PUBLISH",
  "publishStatus": "READY_TO_PUBLISH",
  "canonicalCompleteness": {
    "status": "PASS",
    "publishable": true,
    "stagingPath": "/Users/amelia/Desktop/Workspace/workspace/Project_01CAIE_CS_Paper_Checklist/output/phase2/staging/9618_w24_ms_21.staging.json",
    "documentRole": "mark_scheme",
    "checks": {
      "questionCoverage": "PASS",
      "leafCoverage": "PASS",
      "markCoverage": "PASS",
      "responseAreaCoverage": "PASS",
      "sourceTraceCoverage": "PASS",
      "canonicalStructureCompleteness": "PASS"
    },
    "summary": {
      "questionCount": 0,
      "leafQuestionCount": 0,
      "markSchemeEntryCount": 22,
      "responseAreaCoverage": {
        "required": 0,
        "present": 0,
        "ratio": 1
      }
    },
    "issues": []
  },
  "p0": 0,
  "p1": 0,
  "p2": 0,
  "issues": []
}
[2026-07-14T16:58:58.299Z] stagingId=9618-2024-ON-21-MS-RUN-0c1ea5a48c24
[2026-07-14T16:58:58.299Z] validationStatus=PASS
[2026-07-14T16:58:58.299Z] publishStatus=READY_TO_PUBLISH
[2026-07-14T16:58:58.299Z] canonicalCompletenessStatus=PASS
[2026-07-14T16:58:58.299Z] canonicalPublishable=true
[2026-07-14T16:58:58.299Z] issueCounts={"P0":0,"P1":0,"P2":0}
[2026-07-14T16:58:58.299Z] endTime=2026-07-14T16:58:58.299Z
[2026-07-14T16:58:58.299Z] status=PASS
