[2026-07-15T03:12:06.963Z] file=public/textbook_syllabus/pastpaper/caie-as-a-level-9618/2025 May June/9618_s25_ms_21.pdf
[2026-07-15T03:12:06.963Z] startTime=2026-07-15T03:12:06.963Z
[2026-07-15T03:12:06.963Z] expectedRole=mark_scheme
[2026-07-15T03:12:08.443Z] extract.exitCode=0
[2026-07-15T03:12:08.443Z] extract.stdout=
{
  "outputPath": "/Users/amelia/Desktop/Workspace/workspace/Project_01CAIE_CS_Paper_Checklist/output/ingestion-samples/9618_s25_ms_21.sample.json",
  "sourceFile": "public/textbook_syllabus/pastpaper/caie-as-a-level-9618/2025 May June/9618_s25_ms_21.pdf",
  "pageCount": 14,
  "questionCount": 0,
  "questions": []
}
[2026-07-15T03:12:08.445Z] parserVersion=0.4.0
[2026-07-15T03:12:08.445Z] documentRole=mark_scheme
[2026-07-15T03:12:08.445Z] validationProfile=MARK_SCHEME
[2026-07-15T03:12:08.706Z] stage.exitCode=0
[2026-07-15T03:12:08.706Z] stage.stdout=
> paperlens-fullstack@1.0.0 pdf:stage-sample
> node scripts/stage-paper-sample.js --sample=/Users/amelia/Desktop/Workspace/workspace/Project_01CAIE_CS_Paper_Checklist/output/ingestion-samples/9618_s25_ms_21.sample.json --output=/Users/amelia/Desktop/Workspace/workspace/Project_01CAIE_CS_Paper_Checklist/output/phase2/staging/9618_s25_ms_21.staging.json --approve-golden --human-admin-review --human-reviewer=phase-batch-regression

{
  "outputPath": "/Users/amelia/Desktop/Workspace/workspace/Project_01CAIE_CS_Paper_Checklist/output/phase2/staging/9618_s25_ms_21.staging.json",
  "runId": "9618-2025-MJ-21-MS-RUN-cc0ce7f995d0",
  "status": "READY_TO_PUBLISH",
  "publishStatus": "READY_TO_PUBLISH",
  "canonicalCompleteness": {
    "status": "PASS",
    "publishable": true,
    "stagingPath": "/Users/amelia/Desktop/Workspace/workspace/Project_01CAIE_CS_Paper_Checklist/output/phase2/staging/9618_s25_ms_21.staging.json",
    "documentRole": "mark_scheme",
    "checks": {
      "questionCoverage": "PASS",
      "leafCoverage": "PASS",
      "markCoverage": "PASS",
      "responseAreaCoverage": "PASS",
      "sourceTraceCoverage": "PASS",
      "canonicalStructureCompleteness": "PASS"
    },
    "summary": {
      "questionCount": 0,
      "leafQuestionCount": 0,
      "markSchemeEntryCount": 18,
      "responseAreaCoverage": {
        "required": 0,
        "present": 0,
        "ratio": 1
      }
    },
    "issues": []
  },
  "p0": 0,
  "p1": 0,
  "p2": 0,
  "issues": []
}
[2026-07-15T03:12:08.708Z] stagingId=9618-2025-MJ-21-MS-RUN-cc0ce7f995d0
[2026-07-15T03:12:08.708Z] validationStatus=PASS
[2026-07-15T03:12:08.708Z] publishStatus=READY_TO_PUBLISH
[2026-07-15T03:12:08.708Z] canonicalCompletenessStatus=PASS
[2026-07-15T03:12:08.708Z] canonicalPublishable=true
[2026-07-15T03:12:08.708Z] issueCounts={"P0":0,"P1":0,"P2":0}
[2026-07-15T03:12:08.708Z] endTime=2026-07-15T03:12:08.708Z
[2026-07-15T03:12:08.708Z] status=PASS
