[2026-07-15T03:12:02.764Z] file=public/textbook_syllabus/pastpaper/caie-as-a-level-9618/2024 Oct Nov/9618_w24_ms_33.pdf
[2026-07-15T03:12:02.764Z] startTime=2026-07-15T03:12:02.764Z
[2026-07-15T03:12:02.764Z] expectedRole=mark_scheme
[2026-07-15T03:12:04.456Z] extract.exitCode=0
[2026-07-15T03:12:04.456Z] extract.stdout=
{
  "outputPath": "/Users/amelia/Desktop/Workspace/workspace/Project_01CAIE_CS_Paper_Checklist/output/ingestion-samples/9618_w24_ms_33.sample.json",
  "sourceFile": "public/textbook_syllabus/pastpaper/caie-as-a-level-9618/2024 Oct Nov/9618_w24_ms_33.pdf",
  "pageCount": 17,
  "questionCount": 0,
  "questions": []
}
[2026-07-15T03:12:04.458Z] parserVersion=0.4.0
[2026-07-15T03:12:04.458Z] documentRole=mark_scheme
[2026-07-15T03:12:04.458Z] validationProfile=MARK_SCHEME
[2026-07-15T03:12:04.719Z] stage.exitCode=0
[2026-07-15T03:12:04.719Z] stage.stdout=
> paperlens-fullstack@1.0.0 pdf:stage-sample
> node scripts/stage-paper-sample.js --sample=/Users/amelia/Desktop/Workspace/workspace/Project_01CAIE_CS_Paper_Checklist/output/ingestion-samples/9618_w24_ms_33.sample.json --output=/Users/amelia/Desktop/Workspace/workspace/Project_01CAIE_CS_Paper_Checklist/output/phase2/staging/9618_w24_ms_33.staging.json --approve-golden --human-admin-review --human-reviewer=phase-batch-regression

{
  "outputPath": "/Users/amelia/Desktop/Workspace/workspace/Project_01CAIE_CS_Paper_Checklist/output/phase2/staging/9618_w24_ms_33.staging.json",
  "runId": "9618-2024-ON-33-MS-RUN-c12c17cabb62",
  "status": "READY_TO_PUBLISH",
  "publishStatus": "READY_TO_PUBLISH",
  "canonicalCompleteness": {
    "status": "PASS",
    "publishable": true,
    "stagingPath": "/Users/amelia/Desktop/Workspace/workspace/Project_01CAIE_CS_Paper_Checklist/output/phase2/staging/9618_w24_ms_33.staging.json",
    "documentRole": "mark_scheme",
    "checks": {
      "questionCoverage": "PASS",
      "leafCoverage": "PASS",
      "markCoverage": "PASS",
      "responseAreaCoverage": "PASS",
      "sourceTraceCoverage": "PASS",
      "canonicalStructureCompleteness": "PASS"
    },
    "summary": {
      "questionCount": 0,
      "leafQuestionCount": 0,
      "markSchemeEntryCount": 26,
      "responseAreaCoverage": {
        "required": 0,
        "present": 0,
        "ratio": 1
      }
    },
    "issues": []
  },
  "p0": 0,
  "p1": 0,
  "p2": 0,
  "issues": []
}
[2026-07-15T03:12:04.720Z] stagingId=9618-2024-ON-33-MS-RUN-c12c17cabb62
[2026-07-15T03:12:04.720Z] validationStatus=PASS
[2026-07-15T03:12:04.720Z] publishStatus=READY_TO_PUBLISH
[2026-07-15T03:12:04.720Z] canonicalCompletenessStatus=PASS
[2026-07-15T03:12:04.720Z] canonicalPublishable=true
[2026-07-15T03:12:04.720Z] issueCounts={"P0":0,"P1":0,"P2":0}
[2026-07-15T03:12:04.720Z] endTime=2026-07-15T03:12:04.720Z
[2026-07-15T03:12:04.720Z] status=PASS
