[2026-07-15T03:13:09.650Z] file=public/textbook_syllabus/pastpaper/caie-as-a-level-9618/2023 Oct Nov/9618_w23_ms_42.pdf
[2026-07-15T03:13:09.650Z] startTime=2026-07-15T03:13:09.650Z
[2026-07-15T03:13:09.650Z] expectedRole=mark_scheme
[2026-07-15T03:13:13.678Z] extract.exitCode=0
[2026-07-15T03:13:13.678Z] extract.stdout=
{
  "outputPath": "/Users/amelia/Desktop/Workspace/workspace/Project_01CAIE_CS_Paper_Checklist/output/ingestion-samples/9618_w23_ms_42.sample.json",
  "sourceFile": "public/textbook_syllabus/pastpaper/caie-as-a-level-9618/2023 Oct Nov/9618_w23_ms_42.pdf",
  "pageCount": 34,
  "questionCount": 0,
  "questions": []
}
[2026-07-15T03:13:13.681Z] parserVersion=0.4.0
[2026-07-15T03:13:13.681Z] documentRole=mark_scheme
[2026-07-15T03:13:13.681Z] validationProfile=MARK_SCHEME
[2026-07-15T03:13:14.152Z] stage.exitCode=0
[2026-07-15T03:13:14.152Z] stage.stdout=
> paperlens-fullstack@1.0.0 pdf:stage-sample
> node scripts/stage-paper-sample.js --sample=/Users/amelia/Desktop/Workspace/workspace/Project_01CAIE_CS_Paper_Checklist/output/ingestion-samples/9618_w23_ms_42.sample.json --output=/Users/amelia/Desktop/Workspace/workspace/Project_01CAIE_CS_Paper_Checklist/output/phase2/staging/9618_w23_ms_42.staging.json --approve-golden --human-admin-review --human-reviewer=phase-batch-regression

{
  "outputPath": "/Users/amelia/Desktop/Workspace/workspace/Project_01CAIE_CS_Paper_Checklist/output/phase2/staging/9618_w23_ms_42.staging.json",
  "runId": "9618-2023-ON-42-MS-RUN-3b02e55e7e92",
  "status": "READY_TO_PUBLISH",
  "publishStatus": "READY_TO_PUBLISH",
  "canonicalCompleteness": {
    "status": "PASS",
    "publishable": true,
    "stagingPath": "/Users/amelia/Desktop/Workspace/workspace/Project_01CAIE_CS_Paper_Checklist/output/phase2/staging/9618_w23_ms_42.staging.json",
    "documentRole": "mark_scheme",
    "checks": {
      "questionCoverage": "PASS",
      "leafCoverage": "PASS",
      "markCoverage": "PASS",
      "responseAreaCoverage": "PASS",
      "sourceTraceCoverage": "PASS",
      "canonicalStructureCompleteness": "PASS"
    },
    "summary": {
      "questionCount": 0,
      "leafQuestionCount": 0,
      "markSchemeEntryCount": 37,
      "responseAreaCoverage": {
        "required": 0,
        "present": 0,
        "ratio": 1
      }
    },
    "issues": []
  },
  "p0": 0,
  "p1": 0,
  "p2": 0,
  "issues": []
}
[2026-07-15T03:13:14.156Z] stagingId=9618-2023-ON-42-MS-RUN-3b02e55e7e92
[2026-07-15T03:13:14.156Z] validationStatus=PASS
[2026-07-15T03:13:14.156Z] publishStatus=READY_TO_PUBLISH
[2026-07-15T03:13:14.156Z] canonicalCompletenessStatus=PASS
[2026-07-15T03:13:14.156Z] canonicalPublishable=true
[2026-07-15T03:13:14.156Z] issueCounts={"P0":0,"P1":0,"P2":0}
[2026-07-15T03:13:14.156Z] endTime=2026-07-15T03:13:14.156Z
[2026-07-15T03:13:14.156Z] status=PASS
