[2026-07-15T03:13:07.115Z] file=public/textbook_syllabus/pastpaper/caie-as-a-level-9618/2023 Oct Nov/9618_w23_qp_42.pdf
[2026-07-15T03:13:07.115Z] startTime=2026-07-15T03:13:07.115Z
[2026-07-15T03:13:07.115Z] expectedRole=question_paper
[2026-07-15T03:13:09.230Z] extract.exitCode=0
[2026-07-15T03:13:09.230Z] extract.stdout=
{
  "outputPath": "/Users/amelia/Desktop/Workspace/workspace/Project_01CAIE_CS_Paper_Checklist/output/ingestion-samples/9618_w23_qp_42.sample.json",
  "sourceFile": "public/textbook_syllabus/pastpaper/caie-as-a-level-9618/2023 Oct Nov/9618_w23_qp_42.pdf",
  "pageCount": 16,
  "questionCount": 3,
  "questions": [
    {
      "questionNumber": "1",
      "pageStart": 2,
      "pageEnd": 6,
      "marks": 27,
      "confidence": {
        "marker": 0.98,
        "boundary": 0.96,
        "text": 0.96,
        "marks": 0.99,
        "layout": 0.92,
        "structure": 0.96,
        "overall": 0.96
      },
      "textPreview": "1 One stack stores vowels (a, e, i, o, u) and one stack stores consonants (letters that are not vowels). Each stack is implemented as a 1D array. Write program code to declare two 1D global arrays: and . (a) (i) StackVowel StackConsonant Each array needs to store up to 100 letters. The index of the first element in each array is 0. If you are writing in Pyth"
    },
    {
      "questionNumber": "2",
      "pageStart": 6,
      "pageEnd": 10,
      "marks": 17,
      "confidence": {
        "marker": 0.98,
        "boundary": 0.96,
        "text": 0.96,
        "marks": 0.99,
        "layout": 0.92,
        "structure": 0.96,
        "overall": 0.96
      },
      "textPreview": "2 For example: 10 is divisible by 1, 2, 5 and 10: 10 ÷ 1 = 10 • 10 ÷ 2 = 5 • 10 ÷ 5 = 2 • 10 ÷ 10 = 1 • 10 is not divisible by 4: 10 ÷ 4 = 2.5 • 1, 2, 5 and 10 are said to be the divisors of 10. The iterative function totals all the divisors of its integer parameter and IterativeCalculate() returns this total. Example 1: if the parameter is 10, the total wil"
    },
    {
      "questionNumber": "3",
      "pageStart": 10,
      "pageEnd": 13,
      "marks": 31,
      "confidence": {
        "marker": 0.98,
        "boundary": 0.88,
        "text": 0.96,
        "marks": 0.99,
        "layout": 0.92,
        "structure": 0.96,
        "overall": 0.95
      },
      "textPreview": "3 The game has multiple characters. The class stores data about the game characters. Each character has a name, date Character of birth, intelligence value and speed value. Character stores the name of the character CharacterName : STRING stores the date of birth of the character DateOfBirth : DATE stores the intelligence value of the character Intelligence "
    }
  ]
}
[2026-07-15T03:13:09.232Z] parserVersion=0.4.0
[2026-07-15T03:13:09.232Z] documentRole=question_paper
[2026-07-15T03:13:09.232Z] validationProfile=QUESTION_PAPER
[2026-07-15T03:13:09.646Z] stage.exitCode=0
[2026-07-15T03:13:09.646Z] stage.stdout=
> paperlens-fullstack@1.0.0 pdf:stage-sample
> node scripts/stage-paper-sample.js --sample=/Users/amelia/Desktop/Workspace/workspace/Project_01CAIE_CS_Paper_Checklist/output/ingestion-samples/9618_w23_qp_42.sample.json --output=/Users/amelia/Desktop/Workspace/workspace/Project_01CAIE_CS_Paper_Checklist/output/phase2/staging/9618_w23_qp_42.staging.json --approve-golden --human-admin-review --human-reviewer=phase-batch-regression

{
  "outputPath": "/Users/amelia/Desktop/Workspace/workspace/Project_01CAIE_CS_Paper_Checklist/output/phase2/staging/9618_w23_qp_42.staging.json",
  "runId": "9618-2023-ON-42-QP-RUN-001ea14f2700",
  "status": "READY_TO_PUBLISH",
  "publishStatus": "READY_TO_PUBLISH",
  "canonicalCompleteness": {
    "status": "PASS",
    "publishable": true,
    "stagingPath": "/Users/amelia/Desktop/Workspace/workspace/Project_01CAIE_CS_Paper_Checklist/output/phase2/staging/9618_w23_qp_42.staging.json",
    "documentRole": "question_paper",
    "checks": {
      "questionCoverage": "PASS",
      "leafCoverage": "PASS",
      "markCoverage": "PASS",
      "responseAreaCoverage": "PASS",
      "sourceTraceCoverage": "PASS",
      "canonicalStructureCompleteness": "PASS"
    },
    "summary": {
      "questionCount": 3,
      "leafQuestionCount": 26,
      "markSchemeEntryCount": 0,
      "responseAreaCoverage": {
        "required": 26,
        "present": 26,
        "ratio": 1
      }
    },
    "issues": []
  },
  "p0": 0,
  "p1": 0,
  "p2": 0,
  "issues": []
}
[2026-07-15T03:13:09.650Z] stagingId=9618-2023-ON-42-QP-RUN-001ea14f2700
[2026-07-15T03:13:09.650Z] validationStatus=PASS
[2026-07-15T03:13:09.650Z] publishStatus=READY_TO_PUBLISH
[2026-07-15T03:13:09.650Z] canonicalCompletenessStatus=PASS
[2026-07-15T03:13:09.650Z] canonicalPublishable=true
[2026-07-15T03:13:09.650Z] issueCounts={"P0":0,"P1":0,"P2":0}
[2026-07-15T03:13:09.650Z] endTime=2026-07-15T03:13:09.650Z
[2026-07-15T03:13:09.650Z] status=PASS
