[2026-07-13T02:02:05.136Z] file=public/textbook_syllabus/pastpaper/caie-igcse-0478/2025-Oct-Nov/0478_w25_qp_11.pdf
[2026-07-13T02:02:05.136Z] startTime=2026-07-13T02:02:05.136Z
[2026-07-13T02:02:05.136Z] expectedRole=question_paper
[2026-07-13T02:02:06.443Z] extract.exitCode=0
[2026-07-13T02:02:06.443Z] extract.stdout=
{
  "outputPath": "/Users/amelia/Desktop/Workspace/workspace/Project_01CAIE_CS_Paper_Checklist/output/ingestion-samples/0478_w25_qp_11.sample.json",
  "sourceFile": "public/textbook_syllabus/pastpaper/caie-igcse-0478/2025-Oct-Nov/0478_w25_qp_11.pdf",
  "pageCount": 12,
  "questionCount": 7,
  "questions": [
    {
      "questionNumber": "1",
      "pageStart": 2,
      "pageEnd": 4,
      "marks": 11,
      "confidence": {
        "marker": 0.98,
        "boundary": 0.96,
        "text": 0.96,
        "marks": 0.99,
        "layout": 0.92,
        "structure": 0.96,
        "overall": 0.96
      },
      "textPreview": "1 A student has an electronic calculator. The calculator has a screen that displays the result of calculations. The calculator has 8-bit registers. (a) State the highest denary number that could be stored in a single 8-bit register. [1] (b) Denary numbers are typed into the calculator. They are converted to binary numbers and stored in the 8-bit registers. T"
    },
    {
      "questionNumber": "2",
      "pageStart": 4,
      "pageEnd": 6,
      "marks": 12,
      "confidence": {
        "marker": 0.98,
        "boundary": 0.96,
        "text": 0.96,
        "marks": 0.99,
        "layout": 0.92,
        "structure": 0.96,
        "overall": 0.96
      },
      "textPreview": "2 An employee of a company sells houses. He sends images of the houses to his company. (a) The employee compresses the image files using lossy compression before sending them. Lossy compression reduces the size of the image files. Give two other reductions that lossy compression makes to the images. 1 2 [2] (b) The image data is broken down into packets to b"
    },
    {
      "questionNumber": "3",
      "pageStart": 6,
      "pageEnd": 7,
      "marks": 11,
      "confidence": {
        "marker": 0.98,
        "boundary": 0.96,
        "text": 0.96,
        "marks": 0.99,
        "layout": 0.92,
        "structure": 0.96,
        "overall": 0.96
      },
      "textPreview": "3 A student has a portable device. He uses an on-screen keyboard to write messages to his friend. (a) Explain how the text the student writes is converted to binary to be processed. [3] (b) The device has 4 gibibytes (GiB) of random access memory (RAM). (i) State the amount of RAM the device has in mebibytes (MiB). [1] (ii) State the amount of RAM the device"
    },
    {
      "questionNumber": "4",
      "pageStart": 7,
      "pageEnd": 9,
      "marks": 16,
      "confidence": {
        "marker": 0.98,
        "boundary": 0.96,
        "text": 0.96,
        "marks": 0.99,
        "layout": 0.92,
        "structure": 0.96,
        "overall": 0.96
      },
      "textPreview": "4 A computer game development company are reviewing their current security solutions. The company wants employees to be aware of how they can identify phishing. (a) Describe the process of phishing. [4] (b) Give two ways an employee could identify phishing. 1 2 [2] (c) The company has installed anti-malware software on all employees’ computers. Give three ex"
    },
    {
      "questionNumber": "5",
      "pageStart": 9,
      "pageEnd": 11,
      "marks": 11,
      "confidence": {
        "marker": 0.98,
        "boundary": 0.96,
        "text": 0.96,
        "marks": 0.99,
        "layout": 0.92,
        "structure": 0.96,
        "overall": 0.96
      },
      "textPreview": "5 A supermarket wants to start delivering groceries to local elderly people, using robots. grocery delivery (a) Describe the characteristics of a robot. [3] (b) Explain one benefit to the supermarket of using robots to deliver groceries to elderly customers. [2] (c) Explain one drawback to the elderly customers of robots being used to deliver their groceries"
    },
    {
      "questionNumber": "6",
      "pageStart": 11,
      "pageEnd": 12,
      "marks": 9,
      "confidence": {
        "marker": 0.98,
        "boundary": 0.96,
        "text": 0.96,
        "marks": 0.99,
        "layout": 0.92,
        "structure": 0.96,
        "overall": 0.96
      },
      "textPreview": "6 A computer with a Von Neumann architecture has a central processing unit (CPU). (a) Complete the statements about the operation of the CPU. Use the terms from the list. Not all terms will need to be used. You should only use each term once. accumulator arithmetic logic unit character set control unit current instruction register cipher decoding set instruc"
    },
    {
      "questionNumber": "7",
      "pageStart": 12,
      "pageEnd": 12,
      "marks": 5,
      "confidence": {
        "marker": 0.98,
        "boundary": 0.88,
        "text": 0.96,
        "marks": 0.99,
        "layout": 0.92,
        "structure": 0.35,
        "overall": 0.69
      },
      "textPreview": "7 A theatre has a microphone on stage that is connected by cables to several speakers around the theatre. A person speaks into the microphone and their voice is output from the speakers. Identify the most appropriate data transmission method for this purpose. Explain your choice. Data transmission method Explanation [5]"
    }
  ]
}
[2026-07-13T02:02:06.445Z] parserVersion=0.4.0
[2026-07-13T02:02:06.445Z] documentRole=question_paper
[2026-07-13T02:02:06.445Z] validationProfile=QUESTION_PAPER
[2026-07-13T02:02:06.711Z] stage.exitCode=0
[2026-07-13T02:02:06.711Z] stage.stdout=
> paperlens-fullstack@1.0.0 pdf:stage-sample
> node scripts/stage-paper-sample.js --sample=/Users/amelia/Desktop/Workspace/workspace/Project_01CAIE_CS_Paper_Checklist/output/ingestion-samples/0478_w25_qp_11.sample.json --output=/Users/amelia/Desktop/Workspace/workspace/Project_01CAIE_CS_Paper_Checklist/output/phase1/staging/0478_w25_qp_11.staging.json --approve-golden --human-admin-review --human-reviewer=phase-batch-regression

{
  "outputPath": "/Users/amelia/Desktop/Workspace/workspace/Project_01CAIE_CS_Paper_Checklist/output/phase1/staging/0478_w25_qp_11.staging.json",
  "runId": "0478-2025-ON-11-QP-RUN-da17c433036c",
  "status": "READY_TO_PUBLISH",
  "publishStatus": "READY_TO_PUBLISH",
  "canonicalCompleteness": {
    "status": "PASS",
    "publishable": true,
    "stagingPath": "/Users/amelia/Desktop/Workspace/workspace/Project_01CAIE_CS_Paper_Checklist/output/phase1/staging/0478_w25_qp_11.staging.json",
    "documentRole": "question_paper",
    "checks": {
      "questionCoverage": "PASS",
      "leafCoverage": "PASS",
      "markCoverage": "PASS",
      "responseAreaCoverage": "PASS",
      "sourceTraceCoverage": "PASS",
      "canonicalStructureCompleteness": "PASS"
    },
    "summary": {
      "questionCount": 7,
      "leafQuestionCount": 36,
      "markSchemeEntryCount": 0,
      "responseAreaCoverage": {
        "required": 36,
        "present": 36,
        "ratio": 1
      }
    },
    "issues": []
  },
  "p0": 0,
  "p1": 0,
  "p2": 0,
  "issues": []
}
[2026-07-13T02:02:06.714Z] stagingId=0478-2025-ON-11-QP-RUN-da17c433036c
[2026-07-13T02:02:06.714Z] validationStatus=PASS
[2026-07-13T02:02:06.714Z] publishStatus=READY_TO_PUBLISH
[2026-07-13T02:02:06.714Z] canonicalCompletenessStatus=PASS
[2026-07-13T02:02:06.714Z] canonicalPublishable=true
[2026-07-13T02:02:06.714Z] issueCounts={"P0":0,"P1":0,"P2":0}
[2026-07-13T02:02:06.714Z] endTime=2026-07-13T02:02:06.714Z
[2026-07-13T02:02:06.714Z] status=PASS
