[2026-07-13T02:01:56.660Z] file=public/textbook_syllabus/pastpaper/caie-igcse-0478/2024-March/0478_m24_ms_12.pdf
[2026-07-13T02:01:56.660Z] startTime=2026-07-13T02:01:56.660Z
[2026-07-13T02:01:56.660Z] expectedRole=mark_scheme
[2026-07-13T02:01:57.951Z] extract.exitCode=0
[2026-07-13T02:01:57.951Z] extract.stdout=
{
  "outputPath": "/Users/amelia/Desktop/Workspace/workspace/Project_01CAIE_CS_Paper_Checklist/output/ingestion-samples/0478_m24_ms_12.sample.json",
  "sourceFile": "public/textbook_syllabus/pastpaper/caie-igcse-0478/2024-March/0478_m24_ms_12.pdf",
  "pageCount": 13,
  "questionCount": 0,
  "questions": []
}
[2026-07-13T02:01:57.952Z] parserVersion=0.4.0
[2026-07-13T02:01:57.952Z] documentRole=mark_scheme
[2026-07-13T02:01:57.952Z] validationProfile=MARK_SCHEME
[2026-07-13T02:01:58.198Z] stage.exitCode=0
[2026-07-13T02:01:58.198Z] stage.stdout=
> paperlens-fullstack@1.0.0 pdf:stage-sample
> node scripts/stage-paper-sample.js --sample=/Users/amelia/Desktop/Workspace/workspace/Project_01CAIE_CS_Paper_Checklist/output/ingestion-samples/0478_m24_ms_12.sample.json --output=/Users/amelia/Desktop/Workspace/workspace/Project_01CAIE_CS_Paper_Checklist/output/phase1/staging/0478_m24_ms_12.staging.json --approve-golden --human-admin-review --human-reviewer=phase-batch-regression

{
  "outputPath": "/Users/amelia/Desktop/Workspace/workspace/Project_01CAIE_CS_Paper_Checklist/output/phase1/staging/0478_m24_ms_12.staging.json",
  "runId": "0478-2024-FM-12-MS-RUN-ee9ef355595d",
  "status": "READY_TO_PUBLISH",
  "publishStatus": "READY_TO_PUBLISH",
  "canonicalCompleteness": {
    "status": "PASS",
    "publishable": true,
    "stagingPath": "/Users/amelia/Desktop/Workspace/workspace/Project_01CAIE_CS_Paper_Checklist/output/phase1/staging/0478_m24_ms_12.staging.json",
    "documentRole": "mark_scheme",
    "checks": {
      "questionCoverage": "PASS",
      "leafCoverage": "PASS",
      "markCoverage": "PASS",
      "responseAreaCoverage": "PASS",
      "sourceTraceCoverage": "PASS",
      "canonicalStructureCompleteness": "PASS"
    },
    "summary": {
      "questionCount": 0,
      "leafQuestionCount": 0,
      "markSchemeEntryCount": 36,
      "responseAreaCoverage": {
        "required": 0,
        "present": 0,
        "ratio": 1
      }
    },
    "issues": []
  },
  "p0": 0,
  "p1": 0,
  "p2": 0,
  "issues": []
}
[2026-07-13T02:01:58.199Z] stagingId=0478-2024-FM-12-MS-RUN-ee9ef355595d
[2026-07-13T02:01:58.199Z] validationStatus=PASS
[2026-07-13T02:01:58.199Z] publishStatus=READY_TO_PUBLISH
[2026-07-13T02:01:58.199Z] canonicalCompletenessStatus=PASS
[2026-07-13T02:01:58.199Z] canonicalPublishable=true
[2026-07-13T02:01:58.199Z] issueCounts={"P0":0,"P1":0,"P2":0}
[2026-07-13T02:01:58.199Z] endTime=2026-07-13T02:01:58.199Z
[2026-07-13T02:01:58.199Z] status=PASS
