[2026-07-13T02:02:06.714Z] file=public/textbook_syllabus/pastpaper/caie-igcse-0478/2025-Oct-Nov/0478_w25_ms_11.pdf
[2026-07-13T02:02:06.714Z] startTime=2026-07-13T02:02:06.714Z
[2026-07-13T02:02:06.714Z] expectedRole=mark_scheme
[2026-07-13T02:02:08.120Z] extract.exitCode=0
[2026-07-13T02:02:08.120Z] extract.stdout=
{
  "outputPath": "/Users/amelia/Desktop/Workspace/workspace/Project_01CAIE_CS_Paper_Checklist/output/ingestion-samples/0478_w25_ms_11.sample.json",
  "sourceFile": "public/textbook_syllabus/pastpaper/caie-igcse-0478/2025-Oct-Nov/0478_w25_ms_11.pdf",
  "pageCount": 14,
  "questionCount": 0,
  "questions": []
}
[2026-07-13T02:02:08.122Z] parserVersion=0.4.0
[2026-07-13T02:02:08.122Z] documentRole=mark_scheme
[2026-07-13T02:02:08.122Z] validationProfile=MARK_SCHEME
[2026-07-13T02:02:08.430Z] stage.exitCode=0
[2026-07-13T02:02:08.430Z] stage.stdout=
> paperlens-fullstack@1.0.0 pdf:stage-sample
> node scripts/stage-paper-sample.js --sample=/Users/amelia/Desktop/Workspace/workspace/Project_01CAIE_CS_Paper_Checklist/output/ingestion-samples/0478_w25_ms_11.sample.json --output=/Users/amelia/Desktop/Workspace/workspace/Project_01CAIE_CS_Paper_Checklist/output/phase1/staging/0478_w25_ms_11.staging.json --approve-golden --human-admin-review --human-reviewer=phase-batch-regression

{
  "outputPath": "/Users/amelia/Desktop/Workspace/workspace/Project_01CAIE_CS_Paper_Checklist/output/phase1/staging/0478_w25_ms_11.staging.json",
  "runId": "0478-2025-ON-11-MS-RUN-8fd70bde43ea",
  "status": "READY_TO_PUBLISH",
  "publishStatus": "READY_TO_PUBLISH",
  "canonicalCompleteness": {
    "status": "PASS",
    "publishable": true,
    "stagingPath": "/Users/amelia/Desktop/Workspace/workspace/Project_01CAIE_CS_Paper_Checklist/output/phase1/staging/0478_w25_ms_11.staging.json",
    "documentRole": "mark_scheme",
    "checks": {
      "questionCoverage": "PASS",
      "leafCoverage": "PASS",
      "markCoverage": "PASS",
      "responseAreaCoverage": "PASS",
      "sourceTraceCoverage": "PASS",
      "canonicalStructureCompleteness": "PASS"
    },
    "summary": {
      "questionCount": 0,
      "leafQuestionCount": 0,
      "markSchemeEntryCount": 34,
      "responseAreaCoverage": {
        "required": 0,
        "present": 0,
        "ratio": 1
      }
    },
    "issues": []
  },
  "p0": 0,
  "p1": 0,
  "p2": 0,
  "issues": []
}
[2026-07-13T02:02:08.431Z] stagingId=0478-2025-ON-11-MS-RUN-8fd70bde43ea
[2026-07-13T02:02:08.431Z] validationStatus=PASS
[2026-07-13T02:02:08.431Z] publishStatus=READY_TO_PUBLISH
[2026-07-13T02:02:08.431Z] canonicalCompletenessStatus=PASS
[2026-07-13T02:02:08.431Z] canonicalPublishable=true
[2026-07-13T02:02:08.431Z] issueCounts={"P0":0,"P1":0,"P2":0}
[2026-07-13T02:02:08.431Z] endTime=2026-07-13T02:02:08.431Z
[2026-07-13T02:02:08.431Z] status=PASS
