[2026-07-13T02:02:00.026Z] file=public/textbook_syllabus/pastpaper/caie-igcse-0478/2024-Oct-Nov/0478_w24_ms_22.pdf
[2026-07-13T02:02:00.026Z] startTime=2026-07-13T02:02:00.026Z
[2026-07-13T02:02:00.026Z] expectedRole=mark_scheme
[2026-07-13T02:02:01.430Z] extract.exitCode=0
[2026-07-13T02:02:01.430Z] extract.stdout=
{
  "outputPath": "/Users/amelia/Desktop/Workspace/workspace/Project_01CAIE_CS_Paper_Checklist/output/ingestion-samples/0478_w24_ms_22.sample.json",
  "sourceFile": "public/textbook_syllabus/pastpaper/caie-igcse-0478/2024-Oct-Nov/0478_w24_ms_22.pdf",
  "pageCount": 14,
  "questionCount": 0,
  "questions": []
}
[2026-07-13T02:02:01.431Z] parserVersion=0.4.0
[2026-07-13T02:02:01.431Z] documentRole=mark_scheme
[2026-07-13T02:02:01.431Z] validationProfile=MARK_SCHEME
[2026-07-13T02:02:01.688Z] stage.exitCode=0
[2026-07-13T02:02:01.688Z] stage.stdout=
> paperlens-fullstack@1.0.0 pdf:stage-sample
> node scripts/stage-paper-sample.js --sample=/Users/amelia/Desktop/Workspace/workspace/Project_01CAIE_CS_Paper_Checklist/output/ingestion-samples/0478_w24_ms_22.sample.json --output=/Users/amelia/Desktop/Workspace/workspace/Project_01CAIE_CS_Paper_Checklist/output/phase1/staging/0478_w24_ms_22.staging.json --approve-golden --human-admin-review --human-reviewer=phase-batch-regression

{
  "outputPath": "/Users/amelia/Desktop/Workspace/workspace/Project_01CAIE_CS_Paper_Checklist/output/phase1/staging/0478_w24_ms_22.staging.json",
  "runId": "0478-2024-ON-22-MS-RUN-26c4f5928853",
  "status": "READY_TO_PUBLISH",
  "publishStatus": "READY_TO_PUBLISH",
  "canonicalCompleteness": {
    "status": "PASS",
    "publishable": true,
    "stagingPath": "/Users/amelia/Desktop/Workspace/workspace/Project_01CAIE_CS_Paper_Checklist/output/phase1/staging/0478_w24_ms_22.staging.json",
    "documentRole": "mark_scheme",
    "checks": {
      "questionCoverage": "PASS",
      "leafCoverage": "PASS",
      "markCoverage": "PASS",
      "responseAreaCoverage": "PASS",
      "sourceTraceCoverage": "PASS",
      "canonicalStructureCompleteness": "PASS"
    },
    "summary": {
      "questionCount": 0,
      "leafQuestionCount": 0,
      "markSchemeEntryCount": 47,
      "responseAreaCoverage": {
        "required": 0,
        "present": 0,
        "ratio": 1
      }
    },
    "issues": []
  },
  "p0": 0,
  "p1": 0,
  "p2": 0,
  "issues": []
}
[2026-07-13T02:02:01.690Z] stagingId=0478-2024-ON-22-MS-RUN-26c4f5928853
[2026-07-13T02:02:01.690Z] validationStatus=PASS
[2026-07-13T02:02:01.690Z] publishStatus=READY_TO_PUBLISH
[2026-07-13T02:02:01.690Z] canonicalCompletenessStatus=PASS
[2026-07-13T02:02:01.690Z] canonicalPublishable=true
[2026-07-13T02:02:01.690Z] issueCounts={"P0":0,"P1":0,"P2":0}
[2026-07-13T02:02:01.690Z] endTime=2026-07-13T02:02:01.690Z
[2026-07-13T02:02:01.690Z] status=PASS
