[2026-07-14T16:52:16.224Z] file=public/textbook_syllabus/pastpaper/caie-as-a-level-9618/2022 Oct Nov/9618_w22_qp_11.pdf
[2026-07-14T16:52:16.224Z] startTime=2026-07-14T16:52:16.224Z
[2026-07-14T16:52:16.224Z] expectedRole=question_paper
[2026-07-14T16:52:18.253Z] extract.exitCode=0
[2026-07-14T16:52:18.253Z] extract.stdout=
{
  "outputPath": "/Users/amelia/Desktop/Workspace/workspace/Project_01CAIE_CS_Paper_Checklist/output/ingestion-samples/9618_w22_qp_11.sample.json",
  "sourceFile": "public/textbook_syllabus/pastpaper/caie-as-a-level-9618/2022 Oct Nov/9618_w22_qp_11.pdf",
  "pageCount": 20,
  "questionCount": 9,
  "questions": [
    {
      "questionNumber": "1",
      "pageStart": 2,
      "pageEnd": 4,
      "marks": 11,
      "confidence": {
        "marker": 0.98,
        "boundary": 0.96,
        "text": 0.96,
        "marks": 0.99,
        "layout": 0.92,
        "structure": 0.35,
        "overall": 0.69
      },
      "textPreview": "1 (a) (i) 00100111 Answer [1] Convert the Binary Coded Decimal (BCD) into denary. (ii) 00100111 Answer [1] Convert the 8-bit two’s complement binary integer into denary. (iii) 11100111 Answer [1] Perform the following binary subtraction. Show your working. (b) 1 0 1 1 0 0 1 1 _ 0 1 1 1 0 1 0 1 [2] Give similarity and differences between the ASCII and Unicode"
    },
    {
      "questionNumber": "2",
      "pageStart": 4,
      "pageEnd": 5,
      "marks": 4,
      "confidence": {
        "marker": 0.98,
        "boundary": 0.96,
        "text": 0.96,
        "marks": 0.99,
        "layout": 0.92,
        "structure": 0.96,
        "overall": 0.96
      },
      "textPreview": "2 one Security feature Description converts data to an alternative form firewall redirects a user to a fake website pharming verifies the authenticity of data anti-virus software scans files on the hard drive for malicious software encryption accepts or rejects incoming and outgoing packets based on criteria [4] Draw a logic circuit for the logic expression:"
    },
    {
      "questionNumber": "3",
      "pageStart": 5,
      "pageEnd": 6,
      "marks": 4,
      "confidence": {
        "marker": 0.98,
        "boundary": 0.96,
        "text": 0.96,
        "marks": 0.99,
        "layout": 0.92,
        "structure": 0.96,
        "overall": 0.96
      },
      "textPreview": "3 (a) = NOT ((NOT AND NOT ) OR (NOT AND NOT )) X A B B C A B X C [2] Complete the truth table for the logic expression: (b) = NOT ((NOT AND NOT ) OR (NOT AND NOT )) X A B B C A B C X 0 0 0 0 0 1 0 1 0 0 1 1 1 0 0 1 0 1 [2] A photographer creates a relational database to store data about photographs taken at birthday"
    },
    {
      "questionNumber": "4",
      "pageStart": 6,
      "pageEnd": 10,
      "marks": 15,
      "confidence": {
        "marker": 0.98,
        "boundary": 0.96,
        "text": 0.96,
        "marks": 0.99,
        "layout": 0.92,
        "structure": 0.96,
        "overall": 0.96
      },
      "textPreview": "4 parties. The database, stores details of the customer, the party, the photographs taken PHOTOGRAPHS and the cameras used. The photographer has several cameras that are used for taking the photographs at the parties. Each camera has a specific lens type (for example, XY32Z) and lighting type (for example, F1672). Data about each photograph is stored in the "
    },
    {
      "questionNumber": "5",
      "pageStart": 10,
      "pageEnd": 12,
      "marks": 11,
      "confidence": {
        "marker": 0.98,
        "boundary": 0.96,
        "text": 0.96,
        "marks": 0.99,
        "layout": 0.92,
        "structure": 0.96,
        "overall": 0.96
      },
      "textPreview": "5 (a) stored program concept computer system. [1] A Central Processing Unit (CPU) contains several special purpose registers and other (b) components. State the role of the following registers. (i) Program Counter (PC) Index Register (IX) Status Register (SR) [3] Tick ( ) box in each row to identify the system bus used by each CPU component.  (ii) one CPU c"
    },
    {
      "questionNumber": "6",
      "pageStart": 12,
      "pageEnd": 18,
      "marks": 11,
      "confidence": {
        "marker": 0.98,
        "boundary": 0.96,
        "text": 0.96,
        "marks": 0.99,
        "layout": 0.92,
        "structure": 0.96,
        "overall": 0.96
      },
      "textPreview": "6 general purpose register, the Accumulator (ACC), and an Index Register (IX) . Instruction Explanation Opcode Operand Immediate addressing. Load the number n to ACC LDM #n Direct addressing. Load the contents of the location at the given LDD <address> address to ACC Indexed addressing. Form the address from <address> + the LDX <address> contents of the inde"
    },
    {
      "questionNumber": "7",
      "pageStart": 18,
      "pageEnd": 19,
      "marks": 11,
      "confidence": {
        "marker": 0.98,
        "boundary": 0.96,
        "text": 0.96,
        "marks": 0.99,
        "layout": 0.92,
        "structure": 0.35,
        "overall": 0.69
      },
      "textPreview": "7 (a) two 1 2 [2] Memory management is one of the tasks performed by an Operating System (OS). (b) Describe the ways in which memory management organises and allocates Random Access Memory (RAM). [2] An Operating System may include a utility program to compress text files. (c) Describe appropriate method of compressing a text file. one [3] Explain the reason"
    },
    {
      "questionNumber": "8",
      "pageStart": 19,
      "pageEnd": 19,
      "marks": 4,
      "confidence": {
        "marker": 0.98,
        "boundary": 0.96,
        "text": 0.96,
        "marks": 0.99,
        "layout": 0.92,
        "structure": 0.96,
        "overall": 0.96
      },
      "textPreview": "8 Describe how Carrier Sense Multiple Access / Collision Detection (CSMA / CD) is used in a bus network. [4] Many modern televisions are examples of embedded systems."
    },
    {
      "questionNumber": "9",
      "pageStart": 19,
      "pageEnd": 19,
      "marks": 4,
      "confidence": {
        "marker": 0.98,
        "boundary": 0.88,
        "text": 0.96,
        "marks": 0.99,
        "layout": 0.92,
        "structure": 0.96,
        "overall": 0.95
      },
      "textPreview": "9 Explain why these televisions are embedded systems. (a) [2] Embedded systems use Electrically Erasable Programmable ROM (EEPROM). (b) Describe benefit of using EEPROMs in an embedded system. one [2]"
    }
  ]
}
[2026-07-14T16:52:18.255Z] parserVersion=0.4.0
[2026-07-14T16:52:18.255Z] documentRole=question_paper
[2026-07-14T16:52:18.255Z] validationProfile=QUESTION_PAPER
[2026-07-14T16:52:18.559Z] stage.exitCode=0
[2026-07-14T16:52:18.559Z] stage.stdout=
> paperlens-fullstack@1.0.0 pdf:stage-sample
> node scripts/stage-paper-sample.js --sample=/Users/amelia/Desktop/Workspace/workspace/Project_01CAIE_CS_Paper_Checklist/output/ingestion-samples/9618_w22_qp_11.sample.json --output=/Users/amelia/Desktop/Workspace/workspace/Project_01CAIE_CS_Paper_Checklist/output/phase2/staging/9618_w22_qp_11.staging.json --approve-golden --human-admin-review --human-reviewer=phase-batch-regression

{
  "outputPath": "/Users/amelia/Desktop/Workspace/workspace/Project_01CAIE_CS_Paper_Checklist/output/phase2/staging/9618_w22_qp_11.staging.json",
  "runId": "9618-2022-ON-11-QP-RUN-4edb91ebb850",
  "status": "READY_TO_PUBLISH",
  "publishStatus": "READY_TO_PUBLISH",
  "canonicalCompleteness": {
    "status": "PASS",
    "publishable": true,
    "stagingPath": "/Users/amelia/Desktop/Workspace/workspace/Project_01CAIE_CS_Paper_Checklist/output/phase2/staging/9618_w22_qp_11.staging.json",
    "documentRole": "question_paper",
    "checks": {
      "questionCoverage": "PASS",
      "leafCoverage": "PASS",
      "markCoverage": "PASS",
      "responseAreaCoverage": "PASS",
      "sourceTraceCoverage": "PASS",
      "canonicalStructureCompleteness": "PASS"
    },
    "summary": {
      "questionCount": 9,
      "leafQuestionCount": 37,
      "markSchemeEntryCount": 0,
      "responseAreaCoverage": {
        "required": 36,
        "present": 36,
        "ratio": 1
      }
    },
    "issues": [
      {
        "severity": "P3",
        "code": "CANONICAL_MARK_COVERAGE_INCOMPLETE",
        "check": "markCoverage",
        "message": "Leaf mark is absent under an existing staging rule that permits null marks.",
        "questionId": "9618-2022-ON-11-Q5-B-I",
        "pageNumber": null
      }
    ]
  },
  "p0": 0,
  "p1": 0,
  "p2": 0,
  "issues": []
}
[2026-07-14T16:52:18.562Z] stagingId=9618-2022-ON-11-QP-RUN-4edb91ebb850
[2026-07-14T16:52:18.562Z] validationStatus=PASS
[2026-07-14T16:52:18.562Z] publishStatus=READY_TO_PUBLISH
[2026-07-14T16:52:18.562Z] canonicalCompletenessStatus=PASS
[2026-07-14T16:52:18.562Z] canonicalPublishable=true
[2026-07-14T16:52:18.562Z] issueCounts={"P0":0,"P1":0,"P2":0}
[2026-07-14T16:52:18.562Z] endTime=2026-07-14T16:52:18.562Z
[2026-07-14T16:52:18.562Z] status=PASS
