[2026-07-14T16:52:23.728Z] file=public/textbook_syllabus/pastpaper/caie-as-a-level-9618/2022 Oct Nov/9618_w22_qp_13.pdf
[2026-07-14T16:52:23.728Z] startTime=2026-07-14T16:52:23.728Z
[2026-07-14T16:52:23.728Z] expectedRole=question_paper
[2026-07-14T16:52:25.626Z] extract.exitCode=0
[2026-07-14T16:52:25.626Z] extract.stdout=
{
  "outputPath": "/Users/amelia/Desktop/Workspace/workspace/Project_01CAIE_CS_Paper_Checklist/output/ingestion-samples/9618_w22_qp_13.sample.json",
  "sourceFile": "public/textbook_syllabus/pastpaper/caie-as-a-level-9618/2022 Oct Nov/9618_w22_qp_13.pdf",
  "pageCount": 20,
  "questionCount": 10,
  "questions": [
    {
      "questionNumber": "1",
      "pageStart": 3,
      "pageEnd": 4,
      "marks": 7,
      "confidence": {
        "marker": 0.98,
        "boundary": 0.96,
        "text": 0.96,
        "marks": 0.99,
        "layout": 0.92,
        "structure": 0.96,
        "overall": 0.96
      },
      "textPreview": "1 Tick ( ) box in each row to identify the effect of each action on the accuracy of the  (a) one recording. Accuracy Accuracy Accuracy does Action increases decreases not change Change the sampling rate from 40 kHz to 60 kHz. Change the duration of the recording from 20 minutes to 40 minutes. Change the sampling resolution from 24 bits to 16 bits. [2] The a"
    },
    {
      "questionNumber": "2",
      "pageStart": 4,
      "pageEnd": 6,
      "marks": 14,
      "confidence": {
        "marker": 0.98,
        "boundary": 0.96,
        "text": 0.96,
        "marks": 0.99,
        "layout": 0.92,
        "structure": 0.96,
        "overall": 0.96
      },
      "textPreview": "2 ASTRONOMY own the telescopes and the photographs taken by the telescopes. The database has these three tables: COMPANY(TelephoneNumber, CompanyID, CompanyName) PHOTOGRAPH(PhotoID, TelescopeID, DateTaken, TimeTaken, Elevation) TELESCOPE(TelescopeID, CompanyID, SerialNumber) Complete the following table by writing the correct answer for each item. (a) Item A"
    },
    {
      "questionNumber": "3",
      "pageStart": 6,
      "pageEnd": 7,
      "marks": 4,
      "confidence": {
        "marker": 0.98,
        "boundary": 0.96,
        "text": 0.96,
        "marks": 0.99,
        "layout": 0.92,
        "structure": 0.96,
        "overall": 0.96
      },
      "textPreview": "3 one description. OS Management task Description dynamically allocates memory to processes hardware management marks unallocated file storage for availability security management installs programs for devices connected to external ports memory management validates user and process authenticity process management allows processes to transfer data to and from"
    },
    {
      "questionNumber": "4",
      "pageStart": 7,
      "pageEnd": 8,
      "marks": 7,
      "confidence": {
        "marker": 0.98,
        "boundary": 0.96,
        "text": 0.96,
        "marks": 0.99,
        "layout": 0.92,
        "structure": 0.96,
        "overall": 0.96
      },
      "textPreview": "4 (a) components. State the roles of the following registers. (i) Memory Address Register (MAR) Memory Data Register (MDR) [2] State when interrupts are detected during the Fetch-Execute (F-E) cycle. (ii) [1] A computer system contains a system clock. (b) Describe the purpose of the system clock. [2] Upgrading secondary storage to solid state typically impro"
    },
    {
      "questionNumber": "5",
      "pageStart": 8,
      "pageEnd": 10,
      "marks": 5,
      "confidence": {
        "marker": 0.98,
        "boundary": 0.96,
        "text": 0.96,
        "marks": 0.99,
        "layout": 0.92,
        "structure": 0.96,
        "overall": 0.96
      },
      "textPreview": "5 (a) = NOT ((NOT ( AND )) OR (NOT ( AND ))) X A B B C A X B C [3] Complete the truth table for the logic expression: (b) = (NOT AND ) OR ( AND NOT ) Y P Q Q R P Q R Y 0 0 0 0 0 1 0 1 0 0 1 1 1 0 0 1 0 1 1 1 0 [2] Question 6 begins on page 10. The following table shows part of the instruction set for a processor. The processor has one"
    },
    {
      "questionNumber": "6",
      "pageStart": 10,
      "pageEnd": 14,
      "marks": 10,
      "confidence": {
        "marker": 0.98,
        "boundary": 0.96,
        "text": 0.96,
        "marks": 0.99,
        "layout": 0.92,
        "structure": 0.96,
        "overall": 0.96
      },
      "textPreview": "6 general purpose register, the Accumulator (ACC), and an Index Register (IX) . Instruction Explanation Opcode Operand Immediate addressing. Load the number n to ACC LDM #n Direct addressing. Load the contents of the location at the given LDD <address> address to ACC Indexed addressing. Form the address from <address> + the contents LDX <address> of the inde"
    },
    {
      "questionNumber": "7",
      "pageStart": 14,
      "pageEnd": 16,
      "marks": 10,
      "confidence": {
        "marker": 0.98,
        "boundary": 0.96,
        "text": 0.96,
        "marks": 0.99,
        "layout": 0.92,
        "structure": 0.35,
        "overall": 0.69
      },
      "textPreview": "7 (a) Internet Laptop Firewall Service A X Provider B Complete the following table by writing the answer for each row. Answer The name of device that allows the A laptop to connect to the internet A type of cloud, X An example of an application, that B can run on the cloud [3] Give advantage and disadvantages of transmitting data using satellites instead of "
    },
    {
      "questionNumber": "8",
      "pageStart": 16,
      "pageEnd": 17,
      "marks": 6,
      "confidence": {
        "marker": 0.98,
        "boundary": 0.96,
        "text": 0.96,
        "marks": 0.99,
        "layout": 0.92,
        "structure": 0.96,
        "overall": 0.96
      },
      "textPreview": "8 (a) (i) [2] Explain how a programmer benefits from distributing a program under a commercial (ii) licence. [2] A commercial program for a vehicle repair garage includes an Artificial Intelligence (AI) (b) module that can diagnose faults and suggest repairs. Describe economic impact the AI module may have on the garage. one [2] Convert the unsigned binary v"
    },
    {
      "questionNumber": "9",
      "pageStart": 17,
      "pageEnd": 18,
      "marks": 4,
      "confidence": {
        "marker": 0.98,
        "boundary": 0.96,
        "text": 0.96,
        "marks": 0.99,
        "layout": 0.92,
        "structure": 0.35,
        "overall": 0.69
      },
      "textPreview": "9 (a) (i) 10010011 Answer [1] Convert the unsigned binary value into denary. (ii) 10010011 Answer [1] State benefits of using Binary Coded Decimal (BCD) to represent values. (b) two Benefit 1 Benefit 2 [2] Explain the importance of feedback in a control system."
    },
    {
      "questionNumber": "10",
      "pageStart": 18,
      "pageEnd": 18,
      "marks": 8,
      "confidence": {
        "marker": 0.98,
        "boundary": 0.88,
        "text": 0.96,
        "marks": 0.99,
        "layout": 0.92,
        "structure": 0.35,
        "overall": 0.69
      },
      "textPreview": "10 (a) [3] Identify sensor that could be used in a car alarm system. (b) (i) one Justify your choice. Sensor Justification [2] The car alarm is an example of an embedded system. (ii) Describe the characteristics of an embedded system. [3]"
    }
  ]
}
[2026-07-14T16:52:25.628Z] parserVersion=0.4.0
[2026-07-14T16:52:25.628Z] documentRole=question_paper
[2026-07-14T16:52:25.628Z] validationProfile=QUESTION_PAPER
[2026-07-14T16:52:25.900Z] stage.exitCode=0
[2026-07-14T16:52:25.900Z] stage.stdout=
> paperlens-fullstack@1.0.0 pdf:stage-sample
> node scripts/stage-paper-sample.js --sample=/Users/amelia/Desktop/Workspace/workspace/Project_01CAIE_CS_Paper_Checklist/output/ingestion-samples/9618_w22_qp_13.sample.json --output=/Users/amelia/Desktop/Workspace/workspace/Project_01CAIE_CS_Paper_Checklist/output/phase2/staging/9618_w22_qp_13.staging.json --approve-golden --human-admin-review --human-reviewer=phase-batch-regression

{
  "outputPath": "/Users/amelia/Desktop/Workspace/workspace/Project_01CAIE_CS_Paper_Checklist/output/phase2/staging/9618_w22_qp_13.staging.json",
  "runId": "9618-2022-ON-13-QP-RUN-dc038f687767",
  "status": "READY_TO_PUBLISH",
  "publishStatus": "READY_TO_PUBLISH",
  "canonicalCompleteness": {
    "status": "PASS",
    "publishable": true,
    "stagingPath": "/Users/amelia/Desktop/Workspace/workspace/Project_01CAIE_CS_Paper_Checklist/output/phase2/staging/9618_w22_qp_13.staging.json",
    "documentRole": "question_paper",
    "checks": {
      "questionCoverage": "PASS",
      "leafCoverage": "PASS",
      "markCoverage": "PASS",
      "responseAreaCoverage": "PASS",
      "sourceTraceCoverage": "PASS",
      "canonicalStructureCompleteness": "PASS"
    },
    "summary": {
      "questionCount": 10,
      "leafQuestionCount": 35,
      "markSchemeEntryCount": 0,
      "responseAreaCoverage": {
        "required": 35,
        "present": 35,
        "ratio": 1
      }
    },
    "issues": []
  },
  "p0": 0,
  "p1": 0,
  "p2": 0,
  "issues": []
}
[2026-07-14T16:52:25.902Z] stagingId=9618-2022-ON-13-QP-RUN-dc038f687767
[2026-07-14T16:52:25.902Z] validationStatus=PASS
[2026-07-14T16:52:25.902Z] publishStatus=READY_TO_PUBLISH
[2026-07-14T16:52:25.902Z] canonicalCompletenessStatus=PASS
[2026-07-14T16:52:25.902Z] canonicalPublishable=true
[2026-07-14T16:52:25.902Z] issueCounts={"P0":0,"P1":0,"P2":0}
[2026-07-14T16:52:25.902Z] endTime=2026-07-14T16:52:25.902Z
[2026-07-14T16:52:25.902Z] status=PASS
