[2026-07-14T16:52:50.669Z] file=public/textbook_syllabus/pastpaper/caie-as-a-level-9618/2022 Oct Nov/9618_w22_ms_41.pdf
[2026-07-14T16:52:50.669Z] startTime=2026-07-14T16:52:50.669Z
[2026-07-14T16:52:50.669Z] expectedRole=mark_scheme
[2026-07-14T16:52:52.854Z] extract.exitCode=0
[2026-07-14T16:52:52.854Z] extract.stdout=
{
  "outputPath": "/Users/amelia/Desktop/Workspace/workspace/Project_01CAIE_CS_Paper_Checklist/output/ingestion-samples/9618_w22_ms_41.sample.json",
  "sourceFile": "public/textbook_syllabus/pastpaper/caie-as-a-level-9618/2022 Oct Nov/9618_w22_ms_41.pdf",
  "pageCount": 23,
  "questionCount": 0,
  "questions": []
}
[2026-07-14T16:52:52.856Z] parserVersion=0.4.0
[2026-07-14T16:52:52.856Z] documentRole=mark_scheme
[2026-07-14T16:52:52.856Z] validationProfile=MARK_SCHEME
[2026-07-14T16:52:53.185Z] stage.exitCode=0
[2026-07-14T16:52:53.185Z] stage.stdout=
> paperlens-fullstack@1.0.0 pdf:stage-sample
> node scripts/stage-paper-sample.js --sample=/Users/amelia/Desktop/Workspace/workspace/Project_01CAIE_CS_Paper_Checklist/output/ingestion-samples/9618_w22_ms_41.sample.json --output=/Users/amelia/Desktop/Workspace/workspace/Project_01CAIE_CS_Paper_Checklist/output/phase2/staging/9618_w22_ms_41.staging.json --approve-golden --human-admin-review --human-reviewer=phase-batch-regression

{
  "outputPath": "/Users/amelia/Desktop/Workspace/workspace/Project_01CAIE_CS_Paper_Checklist/output/phase2/staging/9618_w22_ms_41.staging.json",
  "runId": "9618-2022-ON-41-MS-RUN-e6744b0f8fdd",
  "status": "READY_TO_PUBLISH",
  "publishStatus": "READY_TO_PUBLISH",
  "canonicalCompleteness": {
    "status": "PASS",
    "publishable": true,
    "stagingPath": "/Users/amelia/Desktop/Workspace/workspace/Project_01CAIE_CS_Paper_Checklist/output/phase2/staging/9618_w22_ms_41.staging.json",
    "documentRole": "mark_scheme",
    "checks": {
      "questionCoverage": "PASS",
      "leafCoverage": "PASS",
      "markCoverage": "PASS",
      "responseAreaCoverage": "PASS",
      "sourceTraceCoverage": "PASS",
      "canonicalStructureCompleteness": "PASS"
    },
    "summary": {
      "questionCount": 0,
      "leafQuestionCount": 0,
      "markSchemeEntryCount": 30,
      "responseAreaCoverage": {
        "required": 0,
        "present": 0,
        "ratio": 1
      }
    },
    "issues": []
  },
  "p0": 0,
  "p1": 0,
  "p2": 0,
  "issues": []
}
[2026-07-14T16:52:53.187Z] stagingId=9618-2022-ON-41-MS-RUN-e6744b0f8fdd
[2026-07-14T16:52:53.187Z] validationStatus=PASS
[2026-07-14T16:52:53.187Z] publishStatus=READY_TO_PUBLISH
[2026-07-14T16:52:53.187Z] canonicalCompletenessStatus=PASS
[2026-07-14T16:52:53.187Z] canonicalPublishable=true
[2026-07-14T16:52:53.187Z] issueCounts={"P0":0,"P1":0,"P2":0}
[2026-07-14T16:52:53.187Z] endTime=2026-07-14T16:52:53.187Z
[2026-07-14T16:52:53.187Z] status=PASS
