[2026-07-14T16:52:54.837Z] file=public/textbook_syllabus/pastpaper/caie-as-a-level-9618/2022 Oct Nov/9618_w22_ms_42.pdf
[2026-07-14T16:52:54.837Z] startTime=2026-07-14T16:52:54.837Z
[2026-07-14T16:52:54.837Z] expectedRole=mark_scheme
[2026-07-14T16:52:57.175Z] extract.exitCode=0
[2026-07-14T16:52:57.175Z] extract.stdout=
{
  "outputPath": "/Users/amelia/Desktop/Workspace/workspace/Project_01CAIE_CS_Paper_Checklist/output/ingestion-samples/9618_w22_ms_42.sample.json",
  "sourceFile": "public/textbook_syllabus/pastpaper/caie-as-a-level-9618/2022 Oct Nov/9618_w22_ms_42.pdf",
  "pageCount": 24,
  "questionCount": 0,
  "questions": []
}
[2026-07-14T16:52:57.178Z] parserVersion=0.4.0
[2026-07-14T16:52:57.178Z] documentRole=mark_scheme
[2026-07-14T16:52:57.178Z] validationProfile=MARK_SCHEME
[2026-07-14T16:52:57.469Z] stage.exitCode=0
[2026-07-14T16:52:57.469Z] stage.stdout=
> paperlens-fullstack@1.0.0 pdf:stage-sample
> node scripts/stage-paper-sample.js --sample=/Users/amelia/Desktop/Workspace/workspace/Project_01CAIE_CS_Paper_Checklist/output/ingestion-samples/9618_w22_ms_42.sample.json --output=/Users/amelia/Desktop/Workspace/workspace/Project_01CAIE_CS_Paper_Checklist/output/phase2/staging/9618_w22_ms_42.staging.json --approve-golden --human-admin-review --human-reviewer=phase-batch-regression

{
  "outputPath": "/Users/amelia/Desktop/Workspace/workspace/Project_01CAIE_CS_Paper_Checklist/output/phase2/staging/9618_w22_ms_42.staging.json",
  "runId": "9618-2022-ON-42-MS-RUN-bcb575f9f9cf",
  "status": "READY_TO_PUBLISH",
  "publishStatus": "READY_TO_PUBLISH",
  "canonicalCompleteness": {
    "status": "PASS",
    "publishable": true,
    "stagingPath": "/Users/amelia/Desktop/Workspace/workspace/Project_01CAIE_CS_Paper_Checklist/output/phase2/staging/9618_w22_ms_42.staging.json",
    "documentRole": "mark_scheme",
    "checks": {
      "questionCoverage": "PASS",
      "leafCoverage": "PASS",
      "markCoverage": "PASS",
      "responseAreaCoverage": "PASS",
      "sourceTraceCoverage": "PASS",
      "canonicalStructureCompleteness": "PASS"
    },
    "summary": {
      "questionCount": 0,
      "leafQuestionCount": 0,
      "markSchemeEntryCount": 26,
      "responseAreaCoverage": {
        "required": 0,
        "present": 0,
        "ratio": 1
      }
    },
    "issues": []
  },
  "p0": 0,
  "p1": 0,
  "p2": 0,
  "issues": []
}
[2026-07-14T16:52:57.472Z] stagingId=9618-2022-ON-42-MS-RUN-bcb575f9f9cf
[2026-07-14T16:52:57.472Z] validationStatus=PASS
[2026-07-14T16:52:57.472Z] publishStatus=READY_TO_PUBLISH
[2026-07-14T16:52:57.472Z] canonicalCompletenessStatus=PASS
[2026-07-14T16:52:57.472Z] canonicalPublishable=true
[2026-07-14T16:52:57.472Z] issueCounts={"P0":0,"P1":0,"P2":0}
[2026-07-14T16:52:57.472Z] endTime=2026-07-14T16:52:57.472Z
[2026-07-14T16:52:57.472Z] status=PASS
