[2026-07-14T16:52:33.469Z] file=public/textbook_syllabus/pastpaper/caie-as-a-level-9618/2022 Oct Nov/9618_w22_ms_22.pdf
[2026-07-14T16:52:33.469Z] startTime=2026-07-14T16:52:33.469Z
[2026-07-14T16:52:33.469Z] expectedRole=mark_scheme
[2026-07-14T16:52:34.827Z] extract.exitCode=0
[2026-07-14T16:52:34.827Z] extract.stdout=
{
  "outputPath": "/Users/amelia/Desktop/Workspace/workspace/Project_01CAIE_CS_Paper_Checklist/output/ingestion-samples/9618_w22_ms_22.sample.json",
  "sourceFile": "public/textbook_syllabus/pastpaper/caie-as-a-level-9618/2022 Oct Nov/9618_w22_ms_22.pdf",
  "pageCount": 13,
  "questionCount": 0,
  "questions": []
}
[2026-07-14T16:52:34.829Z] parserVersion=0.4.0
[2026-07-14T16:52:34.829Z] documentRole=mark_scheme
[2026-07-14T16:52:34.829Z] validationProfile=MARK_SCHEME
[2026-07-14T16:52:35.097Z] stage.exitCode=0
[2026-07-14T16:52:35.097Z] stage.stdout=
> paperlens-fullstack@1.0.0 pdf:stage-sample
> node scripts/stage-paper-sample.js --sample=/Users/amelia/Desktop/Workspace/workspace/Project_01CAIE_CS_Paper_Checklist/output/ingestion-samples/9618_w22_ms_22.sample.json --output=/Users/amelia/Desktop/Workspace/workspace/Project_01CAIE_CS_Paper_Checklist/output/phase2/staging/9618_w22_ms_22.staging.json --approve-golden --human-admin-review --human-reviewer=phase-batch-regression

{
  "outputPath": "/Users/amelia/Desktop/Workspace/workspace/Project_01CAIE_CS_Paper_Checklist/output/phase2/staging/9618_w22_ms_22.staging.json",
  "runId": "9618-2022-ON-22-MS-RUN-f512c37fc1b2",
  "status": "READY_TO_PUBLISH",
  "publishStatus": "READY_TO_PUBLISH",
  "canonicalCompleteness": {
    "status": "PASS",
    "publishable": true,
    "stagingPath": "/Users/amelia/Desktop/Workspace/workspace/Project_01CAIE_CS_Paper_Checklist/output/phase2/staging/9618_w22_ms_22.staging.json",
    "documentRole": "mark_scheme",
    "checks": {
      "questionCoverage": "PASS",
      "leafCoverage": "PASS",
      "markCoverage": "PASS",
      "responseAreaCoverage": "PASS",
      "sourceTraceCoverage": "PASS",
      "canonicalStructureCompleteness": "PASS"
    },
    "summary": {
      "questionCount": 0,
      "leafQuestionCount": 0,
      "markSchemeEntryCount": 22,
      "responseAreaCoverage": {
        "required": 0,
        "present": 0,
        "ratio": 1
      }
    },
    "issues": []
  },
  "p0": 0,
  "p1": 0,
  "p2": 0,
  "issues": []
}
[2026-07-14T16:52:35.099Z] stagingId=9618-2022-ON-22-MS-RUN-f512c37fc1b2
[2026-07-14T16:52:35.099Z] validationStatus=PASS
[2026-07-14T16:52:35.099Z] publishStatus=READY_TO_PUBLISH
[2026-07-14T16:52:35.099Z] canonicalCompletenessStatus=PASS
[2026-07-14T16:52:35.099Z] canonicalPublishable=true
[2026-07-14T16:52:35.099Z] issueCounts={"P0":0,"P1":0,"P2":0}
[2026-07-14T16:52:35.099Z] endTime=2026-07-14T16:52:35.099Z
[2026-07-14T16:52:35.099Z] status=PASS
