[2026-07-13T03:30:01.756Z] file=public/textbook_syllabus/pastpaper/caie-igcse-0478/2022-May-June/0478_s22_qp_11.pdf
[2026-07-13T03:30:01.756Z] startTime=2026-07-13T03:30:01.756Z
[2026-07-13T03:30:01.756Z] expectedRole=question_paper
[2026-07-13T03:30:03.393Z] extract.exitCode=0
[2026-07-13T03:30:03.393Z] extract.stdout=
{
  "outputPath": "/Users/amelia/Desktop/Workspace/workspace/Project_01CAIE_CS_Paper_Checklist/output/ingestion-samples/0478_s22_qp_11.sample.json",
  "sourceFile": "public/textbook_syllabus/pastpaper/caie-igcse-0478/2022-May-June/0478_s22_qp_11.pdf",
  "pageCount": 12,
  "questionCount": 12,
  "questions": [
    {
      "questionNumber": "1",
      "pageStart": 2,
      "pageEnd": 2,
      "marks": 2,
      "confidence": {
        "marker": 0.98,
        "boundary": 0.96,
        "text": 0.96,
        "marks": 0.99,
        "layout": 0.92,
        "structure": 0.96,
        "overall": 0.96
      },
      "textPreview": "1 3 Tick ( ) to show which type of data is stored in an MP3 file. (a) (i) 3 ) Tick ( Video Sound Image [1] 3 Tick ( ) to show whether the MP3 file is a lossy compressed file or a lossless compressed (ii) file or a compressed file. not 3 ) Tick ( Lossy compressed file Lossless compressed file a compressed file Not [1] A computer is designed using the Von Neum"
    },
    {
      "questionNumber": "2",
      "pageStart": 2,
      "pageEnd": 3,
      "marks": 5,
      "confidence": {
        "marker": 0.98,
        "boundary": 0.96,
        "text": 0.96,
        "marks": 0.99,
        "layout": 0.92,
        "structure": 0.96,
        "overall": 0.96
      },
      "textPreview": "2 The computer has a central processing unit (CPU). Data is fetched from primary storage into the CPU to be processed. (a) State the name of the primary storage from where data is fetched. (i) [1] The CPU performs a cycle to process data. Fetch is the first stage in this cycle. (ii) State the names of the second and third stages in the cycle. Second stage Th"
    },
    {
      "questionNumber": "3",
      "pageStart": 3,
      "pageEnd": 4,
      "marks": 9,
      "confidence": {
        "marker": 0.98,
        "boundary": 0.96,
        "text": 0.96,
        "marks": 0.99,
        "layout": 0.92,
        "structure": 0.96,
        "overall": 0.96
      },
      "textPreview": "3 One example of solid‑state storage is a Solid State Drive (SSD). (a) Identify other example of solid‑state storage. one [1] Optical storage uses a laser to store and read data from a disk. (b) Explain how the laser is used to store and read data from the disk. [3] A business is creating a new mobile device that has an SSD as secondary storage. (c) Give rea"
    },
    {
      "questionNumber": "4",
      "pageStart": 4,
      "pageEnd": 5,
      "marks": 9,
      "confidence": {
        "marker": 0.98,
        "boundary": 0.96,
        "text": 0.96,
        "marks": 0.99,
        "layout": 0.92,
        "structure": 0.96,
        "overall": 0.96
      },
      "textPreview": "4 Explain why a computer can only process binary data. (a) [2] The denary values 64, 101 and 242 are converted to 8‑bit binary values. (b) Give the 8‑bit binary value for each denary value. 64 101 242 [3] The hexadecimal values 42 and CE are converted to binary. (c) Give the binary value for each hexadecimal value. 42 CE [4] An image is stored on a computer."
    },
    {
      "questionNumber": "5",
      "pageStart": 5,
      "pageEnd": 5,
      "marks": 3,
      "confidence": {
        "marker": 0.98,
        "boundary": 0.96,
        "text": 0.96,
        "marks": 0.99,
        "layout": 0.92,
        "structure": 0.35,
        "overall": 0.69
      },
      "textPreview": "5 150 pixels wide. Calculate the file size of the image in bytes. Show all your working. Answer bytes [3] A compiler and an interpreter are two different types of translator."
    },
    {
      "questionNumber": "6",
      "pageStart": 5,
      "pageEnd": 6,
      "marks": 5,
      "confidence": {
        "marker": 0.98,
        "boundary": 0.96,
        "text": 0.96,
        "marks": 0.99,
        "layout": 0.92,
        "structure": 0.96,
        "overall": 0.96
      },
      "textPreview": "6 One similarity between a compiler and an interpreter is that they both translate high‑level (a) language into machine code. Give other similarity between a compiler and an interpreter. (i) one [1] Explain differences between a compiler and an interpreter. (ii) two [4] Adele chooses to set a biometric password for her mobile device, instead of a"
    },
    {
      "questionNumber": "7",
      "pageStart": 6,
      "pageEnd": 8,
      "marks": 7,
      "confidence": {
        "marker": 0.98,
        "boundary": 0.96,
        "text": 0.96,
        "marks": 0.99,
        "layout": 0.92,
        "structure": 0.96,
        "overall": 0.96
      },
      "textPreview": "7 personal identification number (PIN). State what is meant by a biometric password. (a) [1] Give reasons why a biometric password is more secure than a PIN. (b) two Reason 1 Reason 2 [2] Adele has a software‑based firewall installed on her mobile device. (c) The firewall gathers data about the traffic coming into and going out of her mobile device. Explain "
    },
    {
      "questionNumber": "8",
      "pageStart": 8,
      "pageEnd": 10,
      "marks": 10,
      "confidence": {
        "marker": 0.98,
        "boundary": 0.96,
        "text": 0.96,
        "marks": 0.99,
        "layout": 0.92,
        "structure": 0.96,
        "overall": 0.96
      },
      "textPreview": "8 = ((( AND NOT ) OR (NOT ( NOR ))) AND ) X A B B C C Draw a logic circuit to represent the given logic statement. (a) Do attempt to simplify the logic statement. All logic gates must have a maximum of not two inputs. A X B C [6] Complete the truth table for the given logic statement. (b) A B C X 0 0 0 0 0 1 0 1 0 0 1 1 1 0 0 1 0 1 1 1 0 1 1 1 [4] Three Inte"
    },
    {
      "questionNumber": "9",
      "pageStart": 10,
      "pageEnd": 10,
      "marks": 5,
      "confidence": {
        "marker": 0.98,
        "boundary": 0.96,
        "text": 0.96,
        "marks": 0.99,
        "layout": 0.92,
        "structure": 0.96,
        "overall": 0.96
      },
      "textPreview": "9 Uniform Resource Locator (URL). statements are given about the Internet terms. Five 3 Tick ( ) to show which statements apply to each Internet term. Some statements may apply to more than Internet term. one IP address URL Browser Statement 3 3 3 ) ( ) ( ) ( it contains the domain name it is a type of software it converts Hypertext Markup Language (HTML) to"
    },
    {
      "questionNumber": "10",
      "pageStart": 10,
      "pageEnd": 11,
      "marks": 3,
      "confidence": {
        "marker": 0.98,
        "boundary": 0.96,
        "text": 0.72,
        "marks": 0.99,
        "layout": 0.92,
        "structure": 0.96,
        "overall": 0.92
      },
      "textPreview": "10 Give features of a MAC address. three Feature 1 Feature 2 Feature 3 [3] The paragraph describes the process of printing a document using an inkjet printer."
    },
    {
      "questionNumber": "11",
      "pageStart": 11,
      "pageEnd": 12,
      "marks": 11,
      "confidence": {
        "marker": 0.98,
        "boundary": 0.96,
        "text": 0.96,
        "marks": 0.99,
        "layout": 0.92,
        "structure": 0.96,
        "overall": 0.96
      },
      "textPreview": "11 (a) Complete the paragraph using the most appropriate terms from the list. all of the terms in Not the list need to be used. binary • buffer • drum • information • interrupt • laser • liquid • nozzles • operating system • powder • thermal bubble • toner • Data is sent from the computer to the printer. The data is held in a print that is temporary storage "
    },
    {
      "questionNumber": "12",
      "pageStart": 12,
      "pageEnd": 12,
      "marks": 6,
      "confidence": {
        "marker": 0.98,
        "boundary": 0.88,
        "text": 0.72,
        "marks": 0.99,
        "layout": 0.92,
        "structure": 0.96,
        "overall": 0.9
      },
      "textPreview": "12 Identify and describe ethical issues that could be a concern when using the Internet. three [6]"
    }
  ]
}
[2026-07-13T03:30:03.394Z] parserVersion=0.4.0
[2026-07-13T03:30:03.394Z] documentRole=question_paper
[2026-07-13T03:30:03.394Z] validationProfile=QUESTION_PAPER
[2026-07-13T03:30:03.636Z] stage.exitCode=0
[2026-07-13T03:30:03.636Z] stage.stdout=
> paperlens-fullstack@1.0.0 pdf:stage-sample
> node scripts/stage-paper-sample.js --sample=/Users/amelia/Desktop/Workspace/workspace/Project_01CAIE_CS_Paper_Checklist/output/ingestion-samples/0478_s22_qp_11.sample.json --output=/Users/amelia/Desktop/Workspace/workspace/Project_01CAIE_CS_Paper_Checklist/output/phase2/staging/0478_s22_qp_11.staging.json --approve-golden --human-admin-review --human-reviewer=phase-batch-regression

{
  "outputPath": "/Users/amelia/Desktop/Workspace/workspace/Project_01CAIE_CS_Paper_Checklist/output/phase2/staging/0478_s22_qp_11.staging.json",
  "runId": "0478-2022-MJ-11-QP-RUN-8a4cb901568f",
  "status": "READY_TO_PUBLISH",
  "publishStatus": "READY_TO_PUBLISH",
  "canonicalCompleteness": {
    "status": "PASS",
    "publishable": true,
    "stagingPath": "/Users/amelia/Desktop/Workspace/workspace/Project_01CAIE_CS_Paper_Checklist/output/phase2/staging/0478_s22_qp_11.staging.json",
    "documentRole": "question_paper",
    "checks": {
      "questionCoverage": "PASS",
      "leafCoverage": "PASS",
      "markCoverage": "PASS",
      "responseAreaCoverage": "PASS",
      "sourceTraceCoverage": "PASS",
      "canonicalStructureCompleteness": "PASS"
    },
    "summary": {
      "questionCount": 12,
      "leafQuestionCount": 27,
      "markSchemeEntryCount": 0,
      "responseAreaCoverage": {
        "required": 27,
        "present": 27,
        "ratio": 1
      }
    },
    "issues": []
  },
  "p0": 0,
  "p1": 0,
  "p2": 0,
  "issues": []
}
[2026-07-13T03:30:03.638Z] stagingId=0478-2022-MJ-11-QP-RUN-8a4cb901568f
[2026-07-13T03:30:03.638Z] validationStatus=PASS
[2026-07-13T03:30:03.638Z] publishStatus=READY_TO_PUBLISH
[2026-07-13T03:30:03.638Z] canonicalCompletenessStatus=PASS
[2026-07-13T03:30:03.638Z] canonicalPublishable=true
[2026-07-13T03:30:03.638Z] issueCounts={"P0":0,"P1":0,"P2":0}
[2026-07-13T03:30:03.638Z] endTime=2026-07-13T03:30:03.638Z
[2026-07-13T03:30:03.638Z] status=PASS
