[2026-07-13T03:30:05.190Z] file=public/textbook_syllabus/pastpaper/caie-igcse-0478/2022-May-June/0478_s22_qp_12.pdf
[2026-07-13T03:30:05.190Z] startTime=2026-07-13T03:30:05.190Z
[2026-07-13T03:30:05.190Z] expectedRole=question_paper
[2026-07-13T03:30:06.467Z] extract.exitCode=0
[2026-07-13T03:30:06.467Z] extract.stdout=
{
  "outputPath": "/Users/amelia/Desktop/Workspace/workspace/Project_01CAIE_CS_Paper_Checklist/output/ingestion-samples/0478_s22_qp_12.sample.json",
  "sourceFile": "public/textbook_syllabus/pastpaper/caie-igcse-0478/2022-May-June/0478_s22_qp_12.pdf",
  "pageCount": 12,
  "questionCount": 8,
  "questions": [
    {
      "questionNumber": "1",
      "pageStart": 2,
      "pageEnd": 3,
      "marks": 5,
      "confidence": {
        "marker": 0.98,
        "boundary": 0.96,
        "text": 0.96,
        "marks": 0.99,
        "layout": 0.92,
        "structure": 0.96,
        "overall": 0.96
      },
      "textPreview": "1 (a) Draw line from each denary value to the correctly converted 8‑bit binary value. one Denary 8-bit binary 00100001 41 10100110 00101001 174 10000110 10101110 86 01010110 [3] Binary values can also be converted to denary values. (b) Give the correct denary value for the 12‑bit binary value 000101010111 Show all your working. Denary value [2] Hexadecimal i"
    },
    {
      "questionNumber": "2",
      "pageStart": 3,
      "pageEnd": 5,
      "marks": 14,
      "confidence": {
        "marker": 0.98,
        "boundary": 0.96,
        "text": 0.96,
        "marks": 0.99,
        "layout": 0.92,
        "structure": 0.96,
        "overall": 0.96
      },
      "textPreview": "2 An HTML colour code is: #2F15D6 Each pair of digits is stored as binary in an 8‑bit register. Give the 8‑bit binary value that would be stored for each pair of hexadecimal digits. (a) 2F 15 D6 [6] HTML colour codes and Media Access Control (MAC) addresses are two examples of where (b) hexadecimal is used in Computer Science. Give other examples of where he"
    },
    {
      "questionNumber": "3",
      "pageStart": 5,
      "pageEnd": 7,
      "marks": 10,
      "confidence": {
        "marker": 0.98,
        "boundary": 0.96,
        "text": 0.96,
        "marks": 0.99,
        "layout": 0.92,
        "structure": 0.96,
        "overall": 0.96
      },
      "textPreview": "3 The table contains terms or definitions that relate to the Internet. (a) five Complete the table by writing each missing term or definition. Term Definition browser this is the company that provides a user with a connection to the Internet this is a protocol that is used to send data for web pages across the Internet Uniform Resource Locator (URL) cookie ["
    },
    {
      "questionNumber": "4",
      "pageStart": 7,
      "pageEnd": 8,
      "marks": 7,
      "confidence": {
        "marker": 0.98,
        "boundary": 0.96,
        "text": 0.96,
        "marks": 0.99,
        "layout": 0.92,
        "structure": 0.96,
        "overall": 0.96
      },
      "textPreview": "4 Describe what is meant by a high‑level language. (a) [3] Jason wants to distribute a computer program he has written. He is considering distributing it (b) to users as freeware or free software. Explain drawback to a user if the program is distributed as freeware. (i) one [2] Explain benefit to a user if the program is distributed as free software. (ii) on"
    },
    {
      "questionNumber": "5",
      "pageStart": 8,
      "pageEnd": 9,
      "marks": 9,
      "confidence": {
        "marker": 0.98,
        "boundary": 0.96,
        "text": 0.96,
        "marks": 0.99,
        "layout": 0.92,
        "structure": 0.96,
        "overall": 0.96
      },
      "textPreview": "5 = (( OR ) AND (NOT ( XOR )) AND ) X A B B C C Draw a logic circuit to represent the given logic statement. (a) Do attempt to simplify the logic statement. All logic gates must have a maximum of not two inputs. A B X C [5] Complete the truth table for the given logic statement. (b) A B C X 0 0 0 0 0 1 0 1 0 0 1 1 1 0 0 1 0 1 1 1 0 1 1 1 [4] Millions of emai"
    },
    {
      "questionNumber": "6",
      "pageStart": 9,
      "pageEnd": 11,
      "marks": 14,
      "confidence": {
        "marker": 0.98,
        "boundary": 0.96,
        "text": 0.96,
        "marks": 0.99,
        "layout": 0.92,
        "structure": 0.96,
        "overall": 0.96
      },
      "textPreview": "6 Identify online security attacks that can be carried out using email. (a) two Describe how email is used to enable the attack. Online security attack 1 Description Online security attack 2 Description [6] Online security attacks can maliciously damage data. (b) One security method to keep data safe from online attacks is a firewall. Identify other security"
    },
    {
      "questionNumber": "7",
      "pageStart": 11,
      "pageEnd": 12,
      "marks": 9,
      "confidence": {
        "marker": 0.98,
        "boundary": 0.96,
        "text": 0.96,
        "marks": 0.99,
        "layout": 0.92,
        "structure": 0.96,
        "overall": 0.96
      },
      "textPreview": "7 Identify examples of optical data storage. (a) three Example 1 Example 2 Example 3 [3] statements are given about the operation of three different types of storage. (b) Six 3 Tick ( ) to show which statements apply to each type of storage. Some statements may apply to more than type of storage. one Type of storage Magnetic Optical Solid state Statement 3 3"
    },
    {
      "questionNumber": "8",
      "pageStart": 12,
      "pageEnd": 12,
      "marks": 7,
      "confidence": {
        "marker": 0.98,
        "boundary": 0.88,
        "text": 0.96,
        "marks": 0.99,
        "layout": 0.92,
        "structure": 0.96,
        "overall": 0.95
      },
      "textPreview": "8 Describe what is meant by shareware. (a) [4] Identify ethical issues that may need to be considered when developing and distributing (b) three software. Ethical issue 1 Ethical issue 2 Ethical issue 3 [3]"
    }
  ]
}
[2026-07-13T03:30:06.469Z] parserVersion=0.4.0
[2026-07-13T03:30:06.469Z] documentRole=question_paper
[2026-07-13T03:30:06.469Z] validationProfile=QUESTION_PAPER
[2026-07-13T03:30:06.785Z] stage.exitCode=0
[2026-07-13T03:30:06.785Z] stage.stdout=
> paperlens-fullstack@1.0.0 pdf:stage-sample
> node scripts/stage-paper-sample.js --sample=/Users/amelia/Desktop/Workspace/workspace/Project_01CAIE_CS_Paper_Checklist/output/ingestion-samples/0478_s22_qp_12.sample.json --output=/Users/amelia/Desktop/Workspace/workspace/Project_01CAIE_CS_Paper_Checklist/output/phase2/staging/0478_s22_qp_12.staging.json --approve-golden --human-admin-review --human-reviewer=phase-batch-regression

{
  "outputPath": "/Users/amelia/Desktop/Workspace/workspace/Project_01CAIE_CS_Paper_Checklist/output/phase2/staging/0478_s22_qp_12.staging.json",
  "runId": "0478-2022-MJ-12-QP-RUN-ef601b5a2244",
  "status": "READY_TO_PUBLISH",
  "publishStatus": "READY_TO_PUBLISH",
  "canonicalCompleteness": {
    "status": "PASS",
    "publishable": true,
    "stagingPath": "/Users/amelia/Desktop/Workspace/workspace/Project_01CAIE_CS_Paper_Checklist/output/phase2/staging/0478_s22_qp_12.staging.json",
    "documentRole": "question_paper",
    "checks": {
      "questionCoverage": "PASS",
      "leafCoverage": "PASS",
      "markCoverage": "PASS",
      "responseAreaCoverage": "PASS",
      "sourceTraceCoverage": "PASS",
      "canonicalStructureCompleteness": "PASS"
    },
    "summary": {
      "questionCount": 8,
      "leafQuestionCount": 21,
      "markSchemeEntryCount": 0,
      "responseAreaCoverage": {
        "required": 21,
        "present": 21,
        "ratio": 1
      }
    },
    "issues": []
  },
  "p0": 0,
  "p1": 0,
  "p2": 0,
  "issues": []
}
[2026-07-13T03:30:06.787Z] stagingId=0478-2022-MJ-12-QP-RUN-ef601b5a2244
[2026-07-13T03:30:06.787Z] validationStatus=PASS
[2026-07-13T03:30:06.787Z] publishStatus=READY_TO_PUBLISH
[2026-07-13T03:30:06.787Z] canonicalCompletenessStatus=PASS
[2026-07-13T03:30:06.787Z] canonicalPublishable=true
[2026-07-13T03:30:06.787Z] issueCounts={"P0":0,"P1":0,"P2":0}
[2026-07-13T03:30:06.787Z] endTime=2026-07-13T03:30:06.787Z
[2026-07-13T03:30:06.787Z] status=PASS
