[2026-07-13T03:30:03.639Z] file=public/textbook_syllabus/pastpaper/caie-igcse-0478/2022-May-June/0478_s22_ms_11.pdf
[2026-07-13T03:30:03.639Z] startTime=2026-07-13T03:30:03.639Z
[2026-07-13T03:30:03.639Z] expectedRole=mark_scheme
[2026-07-13T03:30:04.943Z] extract.exitCode=0
[2026-07-13T03:30:04.944Z] extract.stdout=
{
  "outputPath": "/Users/amelia/Desktop/Workspace/workspace/Project_01CAIE_CS_Paper_Checklist/output/ingestion-samples/0478_s22_ms_11.sample.json",
  "sourceFile": "public/textbook_syllabus/pastpaper/caie-igcse-0478/2022-May-June/0478_s22_ms_11.pdf",
  "pageCount": 13,
  "questionCount": 0,
  "questions": []
}
[2026-07-13T03:30:04.945Z] parserVersion=0.4.0
[2026-07-13T03:30:04.945Z] documentRole=mark_scheme
[2026-07-13T03:30:04.945Z] validationProfile=MARK_SCHEME
[2026-07-13T03:30:05.189Z] stage.exitCode=0
[2026-07-13T03:30:05.189Z] stage.stdout=
> paperlens-fullstack@1.0.0 pdf:stage-sample
> node scripts/stage-paper-sample.js --sample=/Users/amelia/Desktop/Workspace/workspace/Project_01CAIE_CS_Paper_Checklist/output/ingestion-samples/0478_s22_ms_11.sample.json --output=/Users/amelia/Desktop/Workspace/workspace/Project_01CAIE_CS_Paper_Checklist/output/phase2/staging/0478_s22_ms_11.staging.json --approve-golden --human-admin-review --human-reviewer=phase-batch-regression

{
  "outputPath": "/Users/amelia/Desktop/Workspace/workspace/Project_01CAIE_CS_Paper_Checklist/output/phase2/staging/0478_s22_ms_11.staging.json",
  "runId": "0478-2022-MJ-11-MS-RUN-79d807bdd02b",
  "status": "READY_TO_PUBLISH",
  "publishStatus": "READY_TO_PUBLISH",
  "canonicalCompleteness": {
    "status": "PASS",
    "publishable": true,
    "stagingPath": "/Users/amelia/Desktop/Workspace/workspace/Project_01CAIE_CS_Paper_Checklist/output/phase2/staging/0478_s22_ms_11.staging.json",
    "documentRole": "mark_scheme",
    "checks": {
      "questionCoverage": "PASS",
      "leafCoverage": "PASS",
      "markCoverage": "PASS",
      "responseAreaCoverage": "PASS",
      "sourceTraceCoverage": "PASS",
      "canonicalStructureCompleteness": "PASS"
    },
    "summary": {
      "questionCount": 0,
      "leafQuestionCount": 0,
      "markSchemeEntryCount": 7,
      "responseAreaCoverage": {
        "required": 0,
        "present": 0,
        "ratio": 1
      }
    },
    "issues": []
  },
  "p0": 0,
  "p1": 0,
  "p2": 0,
  "issues": []
}
[2026-07-13T03:30:05.190Z] stagingId=0478-2022-MJ-11-MS-RUN-79d807bdd02b
[2026-07-13T03:30:05.190Z] validationStatus=PASS
[2026-07-13T03:30:05.190Z] publishStatus=READY_TO_PUBLISH
[2026-07-13T03:30:05.190Z] canonicalCompletenessStatus=PASS
[2026-07-13T03:30:05.190Z] canonicalPublishable=true
[2026-07-13T03:30:05.190Z] issueCounts={"P0":0,"P1":0,"P2":0}
[2026-07-13T03:30:05.190Z] endTime=2026-07-13T03:30:05.190Z
[2026-07-13T03:30:05.190Z] status=PASS
